Component: Arm Compiler for Embedded 6.21 Tool: armlink [5ec1fa00]

==============================================================================

Section Cross References

    startup_stm32f429xx.o(RESET) refers to startup_stm32f429xx.o(STACK) for __initial_sp
    startup_stm32f429xx.o(RESET) refers to startup_stm32f429xx.o(.text) for Reset_Handler
    startup_stm32f429xx.o(RESET) refers to stm32f4xx_it.o(.text.NMI_Handler) for NMI_Handler
    startup_stm32f429xx.o(RESET) refers to stm32f4xx_it.o(.text.HardFault_Handler) for HardFault_Handler
    startup_stm32f429xx.o(RESET) refers to stm32f4xx_it.o(.text.MemManage_Handler) for MemManage_Handler
    startup_stm32f429xx.o(RESET) refers to stm32f4xx_it.o(.text.BusFault_Handler) for BusFault_Handler
    startup_stm32f429xx.o(RESET) refers to stm32f4xx_it.o(.text.UsageFault_Handler) for UsageFault_Handler
    startup_stm32f429xx.o(RESET) refers to stm32f4xx_it.o(.text.SVC_Handler) for SVC_Handler
    startup_stm32f429xx.o(RESET) refers to stm32f4xx_it.o(.text.DebugMon_Handler) for DebugMon_Handler
    startup_stm32f429xx.o(RESET) refers to stm32f4xx_it.o(.text.PendSV_Handler) for PendSV_Handler
    startup_stm32f429xx.o(RESET) refers to stm32f4xx_it.o(.text.SysTick_Handler) for SysTick_Handler
    startup_stm32f429xx.o(RESET) refers to stm32f4xx_it.o(.text.USART1_IRQHandler) for USART1_IRQHandler
    startup_stm32f429xx.o(RESET) refers to stm32f4xx_it.o(.text.USART2_IRQHandler) for USART2_IRQHandler
    startup_stm32f429xx.o(.text) refers to system_stm32f4xx.o(.text.SystemInit) for SystemInit
    startup_stm32f429xx.o(.text) refers to entry.o(.ARM.Collect$$$$00000000) for __main
    delay.o(.text.HAL_Delay_us) refers to tim.o(.bss.htim7) for htim7
    delay.o(.text.HAL_Delay_us) refers to stm32f4xx_hal_tim.o(.text.HAL_TIM_Base_Start) for HAL_TIM_Base_Start
    delay.o(.text.HAL_Delay_us) refers to stm32f4xx_hal_tim.o(.text.HAL_TIM_Base_Stop) for HAL_TIM_Base_Stop
    delay.o(.ARM.exidx.text.HAL_Delay_us) refers to delay.o(.text.HAL_Delay_us) for [Anonymous Symbol]
    delay.o(.text.HAL_Delay_ms) refers to tim.o(.bss.htim7) for htim7
    delay.o(.text.HAL_Delay_ms) refers to stm32f4xx_hal_tim.o(.text.HAL_TIM_Base_Stop) for HAL_TIM_Base_Stop
    delay.o(.text.HAL_Delay_ms) refers to stm32f4xx_hal_tim.o(.text.HAL_TIM_Base_Start) for HAL_TIM_Base_Start
    delay.o(.ARM.exidx.text.HAL_Delay_ms) refers to delay.o(.text.HAL_Delay_ms) for [Anonymous Symbol]
    i2c_hal.o(.text.IIC_Init) refers to stm32f4xx_hal_gpio.o(.text.HAL_GPIO_Init) for HAL_GPIO_Init
    i2c_hal.o(.ARM.exidx.text.IIC_Init) refers to i2c_hal.o(.text.IIC_Init) for [Anonymous Symbol]
    i2c_hal.o(.text.Set_SCL_Out_Mode) refers to stm32f4xx_hal_gpio.o(.text.HAL_GPIO_Init) for HAL_GPIO_Init
    i2c_hal.o(.ARM.exidx.text.Set_SCL_Out_Mode) refers to i2c_hal.o(.text.Set_SCL_Out_Mode) for [Anonymous Symbol]
    i2c_hal.o(.text.Set_SDA_Out_Mode) refers to stm32f4xx_hal_gpio.o(.text.HAL_GPIO_Init) for HAL_GPIO_Init
    i2c_hal.o(.ARM.exidx.text.Set_SDA_Out_Mode) refers to i2c_hal.o(.text.Set_SDA_Out_Mode) for [Anonymous Symbol]
    i2c_hal.o(.text.Set_SDA_In_Mode) refers to stm32f4xx_hal_gpio.o(.text.HAL_GPIO_Init) for HAL_GPIO_Init
    i2c_hal.o(.ARM.exidx.text.Set_SDA_In_Mode) refers to i2c_hal.o(.text.Set_SDA_In_Mode) for [Anonymous Symbol]
    i2c_hal.o(.text.IIC_Delay) refers to delay.o(.text.HAL_Delay_us) for HAL_Delay_us
    i2c_hal.o(.ARM.exidx.text.IIC_Delay) refers to i2c_hal.o(.text.IIC_Delay) for [Anonymous Symbol]
    i2c_hal.o(.text.IIC_Start) refers to stm32f4xx_hal_gpio.o(.text.HAL_GPIO_WritePin) for HAL_GPIO_WritePin
    i2c_hal.o(.text.IIC_Start) refers to stm32f4xx_hal_gpio.o(.text.HAL_GPIO_Init) for HAL_GPIO_Init
    i2c_hal.o(.text.IIC_Start) refers to delay.o(.text.HAL_Delay_us) for HAL_Delay_us
    i2c_hal.o(.ARM.exidx.text.IIC_Start) refers to i2c_hal.o(.text.IIC_Start) for [Anonymous Symbol]
    i2c_hal.o(.text.IIC_Stop) refers to delay.o(.text.HAL_Delay_us) for HAL_Delay_us
    i2c_hal.o(.text.IIC_Stop) refers to stm32f4xx_hal_gpio.o(.text.HAL_GPIO_Init) for HAL_GPIO_Init
    i2c_hal.o(.text.IIC_Stop) refers to stm32f4xx_hal_gpio.o(.text.HAL_GPIO_WritePin) for HAL_GPIO_WritePin
    i2c_hal.o(.ARM.exidx.text.IIC_Stop) refers to i2c_hal.o(.text.IIC_Stop) for [Anonymous Symbol]
    i2c_hal.o(.text.IIC_WaitAck) refers to delay.o(.text.HAL_Delay_us) for HAL_Delay_us
    i2c_hal.o(.text.IIC_WaitAck) refers to stm32f4xx_hal_gpio.o(.text.HAL_GPIO_Init) for HAL_GPIO_Init
    i2c_hal.o(.text.IIC_WaitAck) refers to stm32f4xx_hal_gpio.o(.text.HAL_GPIO_WritePin) for HAL_GPIO_WritePin
    i2c_hal.o(.ARM.exidx.text.IIC_WaitAck) refers to i2c_hal.o(.text.IIC_WaitAck) for [Anonymous Symbol]
    i2c_hal.o(.text.IIC_SendAck) refers to stm32f4xx_hal_gpio.o(.text.HAL_GPIO_WritePin) for HAL_GPIO_WritePin
    i2c_hal.o(.text.IIC_SendAck) refers to stm32f4xx_hal_gpio.o(.text.HAL_GPIO_Init) for HAL_GPIO_Init
    i2c_hal.o(.text.IIC_SendAck) refers to delay.o(.text.HAL_Delay_us) for HAL_Delay_us
[...]
    Removing stm32f4xx_hal_tim.o(.text.HAL_TIM_SlaveConfigSynchro), (88 bytes).
    Removing stm32f4xx_hal_tim.o(.ARM.exidx.text.HAL_TIM_SlaveConfigSynchro), (8 bytes).
    Removing stm32f4xx_hal_tim.o(.text.TIM_SlaveTimer_SetConfig), (218 bytes).
    Removing stm32f4xx_hal_tim.o(.ARM.exidx.text.TIM_SlaveTimer_SetConfig), (8 bytes).
    Removing stm32f4xx_hal_tim.o(.text.HAL_TIM_SlaveConfigSynchro_IT), (88 bytes).
    Removing stm32f4xx_hal_tim.o(.ARM.exidx.text.HAL_TIM_SlaveConfigSynchro_IT), (8 bytes).
    Removing stm32f4xx_hal_tim.o(.text.HAL_TIM_ReadCapturedValue), (52 bytes).
    Removing stm32f4xx_hal_tim.o(.ARM.exidx.text.HAL_TIM_ReadCapturedValue), (8 bytes).
    Removing stm32f4xx_hal_tim.o(.text.HAL_TIM_PeriodElapsedHalfCpltCallback), (2 bytes).
    Removing stm32f4xx_hal_tim.o(.ARM.exidx.text.HAL_TIM_PeriodElapsedHalfCpltCallback), (8 bytes).
    Removing stm32f4xx_hal_tim.o(.text.HAL_TIM_IC_CaptureHalfCpltCallback), (2 bytes).
    Removing stm32f4xx_hal_tim.o(.ARM.exidx.text.HAL_TIM_IC_CaptureHalfCpltCallback), (8 bytes).
    Removing stm32f4xx_hal_tim.o(.text.HAL_TIM_PWM_PulseFinishedHalfCpltCallback), (2 bytes).
    Removing stm32f4xx_hal_tim.o(.ARM.exidx.text.HAL_TIM_PWM_PulseFinishedHalfCpltCallback), (8 bytes).
    Removing stm32f4xx_hal_tim.o(.text.HAL_TIM_TriggerHalfCpltCallback), (2 bytes).
    Removing stm32f4xx_hal_tim.o(.ARM.exidx.text.HAL_TIM_TriggerHalfCpltCallback), (8 bytes).
    Removing stm32f4xx_hal_tim.o(.text.HAL_TIM_ErrorCallback), (2 bytes).
    Removing stm32f4xx_hal_tim.o(.ARM.exidx.text.HAL_TIM_ErrorCallback), (8 bytes).
    Removing stm32f4xx_hal_tim.o(.text.HAL_TIM_Base_GetState), (6 bytes).
    Removing stm32f4xx_hal_tim.o(.ARM.exidx.text.HAL_TIM_Base_GetState), (8 bytes).
    Removing stm32f4xx_hal_tim.o(.text.HAL_TIM_OC_GetState), (6 bytes).
    Removing stm32f4xx_hal_tim.o(.ARM.exidx.text.HAL_TIM_OC_GetState), (8 bytes).
    Removing stm32f4xx_hal_tim.o(.text.HAL_TIM_PWM_GetState), (6 bytes).
    Removing stm32f4xx_hal_tim.o(.ARM.exidx.text.HAL_TIM_PWM_GetState), (8 bytes).
    Removing stm32f4xx_hal_tim.o(.text.HAL_TIM_IC_GetState), (6 bytes).
    Removing stm32f4xx_hal_tim.o(.ARM.exidx.text.HAL_TIM_IC_GetState), (8 bytes).
    Removing stm32f4xx_hal_tim.o(.text.HAL_TIM_OnePulse_GetState), (6 bytes).
    Removing stm32f4xx_hal_tim.o(.ARM.exidx.text.HAL_TIM_OnePulse_GetState), (8 bytes).
    Removing stm32f4xx_hal_tim.o(.text.HAL_TIM_Encoder_GetState), (6 bytes).
    Removing stm32f4xx_hal_tim.o(.ARM.exidx.text.HAL_TIM_Encoder_GetState), (8 bytes).
    Removing stm32f4xx_hal_tim_ex.o(.text), (0 bytes).
    Removing stm32f4xx_hal_tim_ex.o(.text.HAL_TIMEx_HallSensor_Init), (180 bytes).
    Removing stm32f4xx_hal_tim_ex.o(.ARM.exidx.text.HAL_TIMEx_HallSensor_Init), (8 bytes).
    Removing stm32f4xx_hal_tim_ex.o(.text.HAL_TIMEx_HallSensor_MspInit), (2 bytes).
    Removing stm32f4xx_hal_tim_ex.o(.ARM.exidx.text.HAL_TIMEx_HallSensor_MspInit), (8 bytes).
    Removing stm32f4xx_hal_tim_ex.o(.text.HAL_TIMEx_HallSensor_DeInit), (60 bytes).
    Removing stm32f4xx_hal_tim_ex.o(.ARM.exidx.text.HAL_TIMEx_HallSensor_DeInit), (8 bytes).
    Removing stm32f4xx_hal_tim_ex.o(.text.HAL_TIMEx_HallSensor_MspDeInit), (2 bytes).
    Removing stm32f4xx_hal_tim_ex.o(.ARM.exidx.text.HAL_TIMEx_HallSensor_MspDeInit), (8 bytes).
    Removing stm32f4xx_hal_tim_ex.o(.text.HAL_TIMEx_HallSensor_Start), (38 bytes).
    Removing stm32f4xx_hal_tim_ex.o(.ARM.exidx.text.HAL_TIMEx_HallSensor_Start), (8 bytes).
    Removing stm32f4xx_hal_tim_ex.o(.text.HAL_TIMEx_HallSensor_Stop), (54 bytes).
    Removing stm32f4xx_hal_tim_ex.o(.ARM.exidx.text.HAL_TIMEx_HallSensor_Stop), (8 bytes).
    Removing stm32f4xx_hal_tim_ex.o(.text.HAL_TIMEx_HallSensor_Start_IT), (46 bytes).
    Removing stm32f4xx_hal_tim_ex.o(.ARM.exidx.text.HAL_TIMEx_HallSensor_Start_IT), (8 bytes).
    Removing stm32f4xx_hal_tim_ex.o(.text.HAL_TIMEx_HallSensor_Stop_IT), (62 bytes).
    Removing stm32f4xx_hal_tim_ex.o(.ARM.exidx.text.HAL_TIMEx_HallSensor_Stop_IT), (8 bytes).
    Removing stm32f4xx_hal_tim_ex.o(.text.HAL_TIMEx_HallSensor_Start_DMA), (156 bytes).
    Removing stm32f4xx_hal_tim_ex.o(.ARM.exidx.text.HAL_TIMEx_HallSensor_Start_DMA), (8 bytes).
    Removing stm32f4xx_hal_tim_ex.o(.text.HAL_TIMEx_HallSensor_Stop_DMA), (70 bytes).
    Removing stm32f4xx_hal_tim_ex.o(.ARM.exidx.text.HAL_TIMEx_HallSensor_Stop_DMA), (8 bytes).
    Removing stm32f4xx_hal_tim_ex.o(.text.HAL_TIMEx_OCN_Start), (56 bytes).
    Removing stm32f4xx_hal_tim_ex.o(.ARM.exidx.text.HAL_TIMEx_OCN_Start), (8 bytes).
    Removing stm32f4xx_hal_tim_ex.o(.text.HAL_TIMEx_OCN_Stop), (92 bytes).
    Removing stm32f4xx_hal_tim_ex.o(.ARM.exidx.text.HAL_TIMEx_OCN_Stop), (8 bytes).
    Removing stm32f4xx_hal_tim_ex.o(.text.HAL_TIMEx_OCN_Start_IT), (108 bytes).
    Removing stm32f4xx_hal_tim_ex.o(.ARM.exidx.text.HAL_TIMEx_OCN_Start_IT), (8 bytes).
    Removing stm32f4xx_hal_tim_ex.o(.text.HAL_TIMEx_OCN_Stop_IT), (168 bytes).
    Removing stm32f4xx_hal_tim_ex.o(.ARM.exidx.text.HAL_TIMEx_OCN_Stop_IT), (8 bytes).
    Removing stm32f4xx_hal_tim_ex.o(.text.HAL_TIMEx_OCN_Start_DMA), (312 bytes).
    Removing stm32f4xx_hal_tim_ex.o(.ARM.exidx.text.HAL_TIMEx_OCN_Start_DMA), (8 bytes).
    Removing stm32f4xx_hal_tim_ex.o(.text.HAL_TIMEx_OCN_Stop_DMA), (170 bytes).
    Removing stm32f4xx_hal_tim_ex.o(.ARM.exidx.text.HAL_TIMEx_OCN_Stop_DMA), (8 bytes).
    Removing stm32f4xx_hal_tim_ex.o(.text.HAL_TIMEx_PWMN_Start), (56 bytes).
    Removing stm32f4xx_hal_tim_ex.o(.ARM.exidx.text.HAL_TIMEx_PWMN_Start), (8 bytes).
    Removing stm32f4xx_hal_tim_ex.o(.text.HAL_TIMEx_PWMN_Stop), (92 bytes).
    Removing stm32f4xx_hal_tim_ex.o(.ARM.exidx.text.HAL_TIMEx_PWMN_Stop), (8 bytes).
    Removing stm32f4xx_hal_tim_ex.o(.text.HAL_TIMEx_PWMN_Start_IT), (108 bytes).
    Removing stm32f4xx_hal_tim_ex.o(.ARM.exidx.text.HAL_TIMEx_PWMN_Start_IT), (8 bytes).
    Removing stm32f4xx_hal_tim_ex.o(.text.HAL_TIMEx_PWMN_Stop_IT), (168 bytes).
    Removing stm32f4xx_hal_tim_ex.o(.ARM.exidx.text.HAL_TIMEx_PWMN_Stop_IT), (8 bytes).
    Removing stm32f4xx_hal_tim_ex.o(.text.HAL_TIMEx_PWMN_Start_DMA), (312 bytes).
    Removing stm32f4xx_hal_tim_ex.o(.ARM.exidx.text.HAL_TIMEx_PWMN_Start_DMA), (8 bytes).
    Removing stm32f4xx_hal_tim_ex.o(.text.HAL_TIMEx_PWMN_Stop_DMA), (170 bytes).
    Removing stm32f4xx_hal_tim_ex.o(.ARM.exidx.text.HAL_TIMEx_PWMN_Stop_DMA), (8 bytes).
    Removing stm32f4xx_hal_tim_ex.o(.text.HAL_TIMEx_OnePulseN_Start), (38 bytes).
    Removing stm32f4xx_hal_tim_ex.o(.ARM.exidx.text.HAL_TIMEx_OnePulseN_Start), (8 bytes).
    Removing stm32f4xx_hal_tim_ex.o(.text.HAL_TIMEx_OnePulseN_Stop), (92 bytes).
    Removing stm32f4xx_hal_tim_ex.o(.ARM.exidx.text.HAL_TIMEx_OnePulseN_Stop), (8 bytes).
    Removing stm32f4xx_hal_tim_ex.o(.text.HAL_TIMEx_OnePulseN_Start_IT), (54 bytes).
    Removing stm32f4xx_hal_tim_ex.o(.ARM.exidx.text.HAL_TIMEx_OnePulseN_Start_IT), (8 bytes).
    Removing stm32f4xx_hal_tim_ex.o(.text.HAL_TIMEx_OnePulseN_Stop_IT), (108 bytes).
    Removing stm32f4xx_hal_tim_ex.o(.ARM.exidx.text.HAL_TIMEx_OnePulseN_Stop_IT), (8 bytes).
    Removing stm32f4xx_hal_tim_ex.o(.text.HAL_TIMEx_ConfigCommutEvent), (122 bytes).
    Removing stm32f4xx_hal_tim_ex.o(.ARM.exidx.text.HAL_TIMEx_ConfigCommutEvent), (8 bytes).
    Removing stm32f4xx_hal_tim_ex.o(.text.HAL_TIMEx_ConfigCommutEvent_IT), (122 bytes).
    Removing stm32f4xx_hal_tim_ex.o(.ARM.exidx.text.HAL_TIMEx_ConfigCommutEvent_IT), (8 bytes).
    Removing stm32f4xx_hal_tim_ex.o(.text.HAL_TIMEx_ConfigCommutEvent_DMA), (158 bytes).
    Removing stm32f4xx_hal_tim_ex.o(.ARM.exidx.text.HAL_TIMEx_ConfigCommutEvent_DMA), (8 bytes).
    Removing stm32f4xx_hal_tim_ex.o(.text.TIMEx_DMACommutationCplt), (12 bytes).
    Removing stm32f4xx_hal_tim_ex.o(.ARM.exidx.text.TIMEx_DMACommutationCplt), (8 bytes).
    Removing stm32f4xx_hal_tim_ex.o(.text.TIMEx_DMACommutationHalfCplt), (12 bytes).
    Removing stm32f4xx_hal_tim_ex.o(.ARM.exidx.text.TIMEx_DMACommutationHalfCplt), (8 bytes).
    Removing stm32f4xx_hal_tim_ex.o(.ARM.exidx.text.HAL_TIMEx_MasterConfigSynchronization), (8 bytes).
    Removing stm32f4xx_hal_tim_ex.o(.text.HAL_TIMEx_ConfigBreakDeadTime), (80 bytes).
    Removing stm32f4xx_hal_tim_ex.o(.ARM.exidx.text.HAL_TIMEx_ConfigBreakDeadTime), (8 bytes).
    Removing stm32f4xx_hal_tim_ex.o(.text.HAL_TIMEx_RemapConfig), (26 bytes).
    Removing stm32f4xx_hal_tim_ex.o(.ARM.exidx.text.HAL_TIMEx_RemapConfig), (8 bytes).
    Removing stm32f4xx_hal_tim_ex.o(.text.HAL_TIMEx_CommutCallback), (2 bytes).
    Removing stm32f4xx_hal_tim_ex.o(.ARM.exidx.text.HAL_TIMEx_CommutCallback), (8 bytes).
    Removing stm32f4xx_hal_tim_ex.o(.text.HAL_TIMEx_CommutHalfCpltCallback), (2 bytes).
    Removing stm32f4xx_hal_tim_ex.o(.ARM.exidx.text.HAL_TIMEx_CommutHalfCpltCallback), (8 bytes).
    Removing stm32f4xx_hal_tim_ex.o(.text.HAL_TIMEx_BreakCallback), (2 bytes).
    Removing stm32f4xx_hal_tim_ex.o(.ARM.exidx.text.HAL_TIMEx_BreakCallback), (8 bytes).
    Removing stm32f4xx_hal_tim_ex.o(.text.HAL_TIMEx_HallSensor_GetState), (6 bytes).
    Removing stm32f4xx_hal_tim_ex.o(.ARM.exidx.text.HAL_TIMEx_HallSensor_GetState), (8 bytes).
    Removing stm32f4xx_hal_uart.o(.text), (0 bytes).
    Removing stm32f4xx_hal_uart.o(.ARM.exidx.text.HAL_UART_Init), (8 bytes).
    Removing stm32f4xx_hal_uart.o(.text.HAL_UART_MspInit), (2 bytes).
    Removing stm32f4xx_hal_uart.o(.ARM.exidx.text.HAL_UART_MspInit), (8 bytes).
    Removing stm32f4xx_hal_uart.o(.ARM.exidx.text.UART_SetConfig), (8 bytes).
    Removing stm32f4xx_hal_uart.o(.text.HAL_HalfDuplex_Init), (102 bytes).
    Removing stm32f4xx_hal_uart.o(.ARM.exidx.text.HAL_HalfDuplex_Init), (8 bytes).
    Removing stm32f4xx_hal_uart.o(.text.HAL_LIN_Init), (118 bytes).
    Removing stm32f4xx_hal_uart.o(.ARM.exidx.text.HAL_LIN_Init), (8 bytes).
    Removing stm32f4xx_hal_uart.o(.text.HAL_MultiProcessor_Init), (126 bytes).
    Removing stm32f4xx_hal_uart.o(.ARM.exidx.text.HAL_MultiProcessor_Init), (8 bytes).
    Removing stm32f4xx_hal_uart.o(.text.HAL_UART_DeInit), (52 bytes).
    Removing stm32f4xx_hal_uart.o(.ARM.exidx.text.HAL_UART_DeInit), (8 bytes).
    Removing stm32f4xx_hal_uart.o(.text.HAL_UART_MspDeInit), (2 bytes).
    Removing stm32f4xx_hal_uart.o(.ARM.exidx.text.HAL_UART_MspDeInit), (8 bytes).
    Removing stm32f4xx_hal_uart.o(.ARM.exidx.text.HAL_UART_Transmit), (8 bytes).
    Removing stm32f4xx_hal_uart.o(.text.HAL_UART_Receive), (348 bytes).
    Removing stm32f4xx_hal_uart.o(.ARM.exidx.text.HAL_UART_Receive), (8 bytes).
    Removing stm32f4xx_hal_uart.o(.text.HAL_UART_Transmit_IT), (68 bytes).
    Removing stm32f4xx_hal_uart.o(.ARM.exidx.text.HAL_UART_Transmit_IT), (8 bytes).
    Removing stm32f4xx_hal_uart.o(.ARM.exidx.text.HAL_UART_Receive_IT), (8 bytes).
    Removing stm32f4xx_hal_uart.o(.text.HAL_UART_Transmit_DMA), (128 bytes).
    Removing stm32f4xx_hal_uart.o(.ARM.exidx.text.HAL_UART_Transmit_DMA), (8 bytes).
    Removing stm32f4xx_hal_uart.o(.text.UART_DMATransmitCplt), (38 bytes).
    Removing stm32f4xx_hal_uart.o(.ARM.exidx.text.UART_DMATransmitCplt), (8 bytes).
    Removing stm32f4xx_hal_uart.o(.text.UART_DMATxHalfCplt), (6 bytes).
    Removing stm32f4xx_hal_uart.o(.ARM.exidx.text.UART_DMATxHalfCplt), (8 bytes).
    Removing stm32f4xx_hal_uart.o(.text.UART_DMAError), (92 bytes).
    Removing stm32f4xx_hal_uart.o(.ARM.exidx.text.UART_DMAError), (8 bytes).
    Removing stm32f4xx_hal_uart.o(.text.HAL_UART_Receive_DMA), (166 bytes).
    Removing stm32f4xx_hal_uart.o(.ARM.exidx.text.HAL_UART_Receive_DMA), (8 bytes).
    Removing stm32f4xx_hal_uart.o(.text.UART_DMAReceiveCplt), (54 bytes).
    Removing stm32f4xx_hal_uart.o(.ARM.exidx.text.UART_DMAReceiveCplt), (8 bytes).
    Removing stm32f4xx_hal_uart.o(.text.UART_DMARxHalfCplt), (6 bytes).
    Removing stm32f4xx_hal_uart.o(.ARM.exidx.text.UART_DMARxHalfCplt), (8 bytes).
    Removing stm32f4xx_hal_uart.o(.text.HAL_UART_DMAPause), (88 bytes).
    Removing stm32f4xx_hal_uart.o(.ARM.exidx.text.HAL_UART_DMAPause), (8 bytes).
    Removing stm32f4xx_hal_uart.o(.text.HAL_UART_DMAResume), (116 bytes).
    Removing stm32f4xx_hal_uart.o(.ARM.exidx.text.HAL_UART_DMAResume), (8 bytes).
    Removing stm32f4xx_hal_uart.o(.text.HAL_UART_DMAStop), (114 bytes).
    Removing stm32f4xx_hal_uart.o(.ARM.exidx.text.HAL_UART_DMAStop), (8 bytes).
    Removing stm32f4xx_hal_uart.o(.text.HAL_UART_Abort), (128 bytes).
    Removing stm32f4xx_hal_uart.o(.ARM.exidx.text.HAL_UART_Abort), (8 bytes).
    Removing stm32f4xx_hal_uart.o(.text.HAL_UART_AbortTransmit), (72 bytes).
    Removing stm32f4xx_hal_uart.o(.ARM.exidx.text.HAL_UART_AbortTransmit), (8 bytes).
    Removing stm32f4xx_hal_uart.o(.text.HAL_UART_AbortReceive), (80 bytes).
    Removing stm32f4xx_hal_uart.o(.ARM.exidx.text.HAL_UART_AbortReceive), (8 bytes).
    Removing stm32f4xx_hal_uart.o(.text.HAL_UART_Abort_IT), (166 bytes).
    Removing stm32f4xx_hal_uart.o(.ARM.exidx.text.HAL_UART_Abort_IT), (8 bytes).
    Removing stm32f4xx_hal_uart.o(.text.UART_DMATxAbortCallback), (40 bytes).
    Removing stm32f4xx_hal_uart.o(.ARM.exidx.text.UART_DMATxAbortCallback), (8 bytes).
    Removing stm32f4xx_hal_uart.o(.text.UART_DMARxAbortCallback), (40 bytes).
    Removing stm32f4xx_hal_uart.o(.ARM.exidx.text.UART_DMARxAbortCallback), (8 bytes).
    Removing stm32f4xx_hal_uart.o(.text.HAL_UART_AbortCpltCallback), (2 bytes).
    Removing stm32f4xx_hal_uart.o(.ARM.exidx.text.HAL_UART_AbortCpltCallback), (8 bytes).
    Removing stm32f4xx_hal_uart.o(.text.HAL_UART_AbortTransmit_IT), (80 bytes).
    Removing stm32f4xx_hal_uart.o(.ARM.exidx.text.HAL_UART_AbortTransmit_IT), (8 bytes).
    Removing stm32f4xx_hal_uart.o(.text.UART_DMATxOnlyAbortCallback), (16 bytes).
    Removing stm32f4xx_hal_uart.o(.ARM.exidx.text.UART_DMATxOnlyAbortCallback), (8 bytes).
    Removing stm32f4xx_hal_uart.o(.text.HAL_UART_AbortTransmitCpltCallback), (2 bytes).
    Removing stm32f4xx_hal_uart.o(.ARM.exidx.text.HAL_UART_AbortTransmitCpltCallback), (8 bytes).
    Removing stm32f4xx_hal_uart.o(.text.HAL_UART_AbortReceive_IT), (88 bytes).
    Removing stm32f4xx_hal_uart.o(.ARM.exidx.text.HAL_UART_AbortReceive_IT), (8 bytes).
    Removing stm32f4xx_hal_uart.o(.text.UART_DMARxOnlyAbortCallback), (16 bytes).
    Removing stm32f4xx_hal_uart.o(.ARM.exidx.text.UART_DMARxOnlyAbortCallback), (8 bytes).
    Removing stm32f4xx_hal_uart.o(.text.HAL_UART_AbortReceiveCpltCallback), (2 bytes).
    Removing stm32f4xx_hal_uart.o(.ARM.exidx.text.HAL_UART_AbortReceiveCpltCallback), (8 bytes).
    Removing stm32f4xx_hal_uart.o(.ARM.exidx.text.HAL_UART_IRQHandler), (8 bytes).
    Removing stm32f4xx_hal_uart.o(.ARM.exidx.text.UART_DMAAbortOnError), (8 bytes).
    Removing stm32f4xx_hal_uart.o(.ARM.exidx.text.HAL_UART_ErrorCallback), (8 bytes).
    Removing stm32f4xx_hal_uart.o(.ARM.exidx.text.HAL_UART_TxCpltCallback), (8 bytes).
    Removing stm32f4xx_hal_uart.o(.text.HAL_UART_TxHalfCpltCallback), (2 bytes).
    Removing stm32f4xx_hal_uart.o(.ARM.exidx.text.HAL_UART_TxHalfCpltCallback), (8 bytes).
    Removing stm32f4xx_hal_uart.o(.text.HAL_UART_RxCpltCallback), (2 bytes).
    Removing stm32f4xx_hal_uart.o(.ARM.exidx.text.HAL_UART_RxCpltCallback), (8 bytes).
    Removing stm32f4xx_hal_uart.o(.text.HAL_UART_RxHalfCpltCallback), (2 bytes).
    Removing stm32f4xx_hal_uart.o(.ARM.exidx.text.HAL_UART_RxHalfCpltCallback), (8 bytes).
    Removing stm32f4xx_hal_uart.o(.text.HAL_LIN_SendBreak), (44 bytes).
    Removing stm32f4xx_hal_uart.o(.ARM.exidx.text.HAL_LIN_SendBreak), (8 bytes).
    Removing stm32f4xx_hal_uart.o(.text.HAL_MultiProcessor_EnterMuteMode), (44 bytes).
    Removing stm32f4xx_hal_uart.o(.ARM.exidx.text.HAL_MultiProcessor_EnterMuteMode), (8 bytes).
    Removing stm32f4xx_hal_uart.o(.text.HAL_MultiProcessor_ExitMuteMode), (44 bytes).
    Removing stm32f4xx_hal_uart.o(.ARM.exidx.text.HAL_MultiProcessor_ExitMuteMode), (8 bytes).
    Removing stm32f4xx_hal_uart.o(.text.HAL_HalfDuplex_EnableTransmitter), (44 bytes).
    Removing stm32f4xx_hal_uart.o(.ARM.exidx.text.HAL_HalfDuplex_EnableTransmitter), (8 bytes).
    Removing stm32f4xx_hal_uart.o(.text.HAL_HalfDuplex_EnableReceiver), (46 bytes).
    Removing stm32f4xx_hal_uart.o(.ARM.exidx.text.HAL_HalfDuplex_EnableReceiver), (8 bytes).
    Removing stm32f4xx_hal_uart.o(.text.HAL_UART_GetState), (14 bytes).
    Removing stm32f4xx_hal_uart.o(.ARM.exidx.text.HAL_UART_GetState), (8 bytes).
    Removing stm32f4xx_hal_uart.o(.text.HAL_UART_GetError), (4 bytes).
    Removing stm32f4xx_hal_uart.o(.ARM.exidx.text.HAL_UART_GetError), (8 bytes).

833 unused section(s) (total 37698 bytes) removed from the image.

==============================================================================

Image Symbol Table

    Local Symbols

    Symbol Name                              Value     Ov Type        Size  Object(Section)

    ../clib/division.s                       0x00000000   Number         0  aeabi_sdiv.o ABSOLUTE
    ../clib/microlib/ctype/ctype.c           0x00000000   Number         0  ctype_o.o ABSOLUTE
    ../clib/microlib/ctype/ctype.c           0x00000000   Number         0  isalnum_o.o ABSOLUTE
    ../clib/microlib/ctype/ctype.c           0x00000000   Number         0  isalpha_o.o ABSOLUTE
    ../clib/microlib/ctype/ctype.c           0x00000000   Number         0  isblank_o.o ABSOLUTE
    ../clib/microlib/ctype/ctype.c           0x00000000   Number         0  iscntrl_o.o ABSOLUTE
    ../clib/microlib/ctype/ctype.c           0x00000000   Number         0  isdigit_o.o ABSOLUTE
    ../clib/microlib/ctype/ctype.c           0x00000000   Number         0  isgraph_o.o ABSOLUTE
    ../clib/microlib/ctype/ctype.c           0x00000000   Number         0  islower_o.o ABSOLUTE
    ../clib/microlib/ctype/ctype.c           0x00000000   Number         0  isprint_o.o ABSOLUTE
    ../clib/microlib/ctype/ctype.c           0x00000000   Number         0  ispunct_o.o ABSOLUTE
    ../clib/microlib/ctype/ctype.c           0x00000000   Number         0  isspace_o.o ABSOLUTE
    ../clib/microlib/ctype/ctype.c           0x00000000   Number         0  isupper_o.o ABSOLUTE
    ../clib/microlib/ctype/ctype.c           0x00000000   Number         0  isxdigit_o.o ABSOLUTE
    ../clib/microlib/division.c              0x00000000   Number         0  uldiv.o ABSOLUTE
    ../clib/microlib/division.c              0x00000000   Number         0  uidiv.o ABSOLUTE
    ../clib/microlib/errno.c                 0x00000000   Number         0  errno.o ABSOLUTE
    ../clib/microlib/init/entry.s            0x00000000   Number         0  entry.o ABSOLUTE
    ../clib/microlib/init/entry.s            0x00000000   Number         0  entry2.o ABSOLUTE
    ../clib/microlib/init/entry.s            0x00000000   Number         0  entry5.o ABSOLUTE
    ../clib/microlib/init/entry.s            0x00000000   Number         0  entry7a.o ABSOLUTE
    ../clib/microlib/init/entry.s            0x00000000   Number         0  entry7b.o ABSOLUTE
    ../clib/microlib/init/entry.s            0x00000000   Number         0  entry8a.o ABSOLUTE
    ../clib/microlib/init/entry.s            0x00000000   Number         0  entry8b.o ABSOLUTE
    ../clib/microlib/init/entry.s            0x00000000   Number         0  entry9a.o ABSOLUTE
    ../clib/microlib/init/entry.s            0x00000000   Number         0  entry9b.o ABSOLUTE
    ../clib/microlib/init/entry.s            0x00000000   Number         0  entry10a.o ABSOLUTE
    ../clib/microlib/init/entry.s            0x00000000   Number         0  entry10b.o ABSOLUTE
    ../clib/microlib/init/entry.s            0x00000000   Number         0  entry11a.o ABSOLUTE
    ../clib/microlib/init/entry.s            0x00000000   Number         0  entry11b.o ABSOLUTE
    ../clib/microlib/longlong.c              0x00000000   Number         0  llshl.o ABSOLUTE
    ../clib/microlib/longlong.c              0x00000000   Number         0  llushr.o ABSOLUTE
    ../clib/microlib/longlong.c              0x00000000   Number         0  llsshr.o ABSOLUTE
    ../clib/microlib/printf/printf.c         0x00000000   Number         0  printfb.o ABSOLUTE
    ../clib/microlib/printf/printf.c         0x00000000   Number         0  printf0.o ABSOLUTE
    ../clib/microlib/printf/printf.c         0x00000000   Number         0  printf1.o ABSOLUTE
    ../clib/microlib/printf/printf.c         0x00000000   Number         0  printf2.o ABSOLUTE
    ../clib/microlib/printf/printf.c         0x00000000   Number         0  printf3.o ABSOLUTE
    ../clib/microlib/printf/printf.c         0x00000000   Number         0  printf4.o ABSOLUTE
    ../clib/microlib/printf/printf.c         0x00000000   Number         0  printf5.o ABSOLUTE
    ../clib/microlib/printf/printf.c         0x00000000   Number         0  printf6.o ABSOLUTE
    ../clib/microlib/printf/printf.c         0x00000000   Number         0  printf7.o ABSOLUTE
    ../clib/microlib/printf/printf.c         0x00000000   Number         0  printf8.o ABSOLUTE
    ../clib/microlib/printf/printf.c         0x00000000   Number         0  printfa.o ABSOLUTE
    ../clib/microlib/printf/stubs.s          0x00000000   Number         0  printfstubs.o ABSOLUTE
    ../clib/microlib/stdio/fputc.c           0x00000000   Number         0  fputc.o ABSOLUTE
    ../clib/microlib/stdio/fputc.c           0x00000000   Number         0  fputc_h.o ABSOLUTE
    ../clib/microlib/stdio/semi.s            0x00000000   Number         0  semi.o ABSOLUTE
    ../clib/microlib/stdio/streams.c         0x00000000   Number         0  stdout.o ABSOLUTE
    ../clib/microlib/stubs.s                 0x00000000   Number         0  iusefp.o ABSOLUTE
    ../clib/microlib/stubs.s                 0x00000000   Number         0  iusesemip.o ABSOLUTE
    ../clib/scanf.c                          0x00000000   Number         0  atoi.o ABSOLUTE
    ../clib/scanf.c                          0x00000000   Number         0  strtol.o ABSOLUTE
    ../clib/scanf.c                          0x00000000   Number         0  _strtoul.o ABSOLUTE
    ../clib/scanf.c                          0x00000000   Number         0  _chval.o ABSOLUTE
    ../fplib/microlib/d2f.c                  0x00000000   Number         0  d2f.o ABSOLUTE
    ../fplib/microlib/f2d.c                  0x00000000   Number         0  f2d.o ABSOLUTE
    ../fplib/microlib/fpadd.c                0x00000000   Number         0  dadd.o ABSOLUTE
    ../fplib/microlib/fpdiv.c                0x00000000   Number         0  ddiv.o ABSOLUTE
    ../fplib/microlib/fpepilogue.c           0x00000000   Number         0  fepilogue.o ABSOLUTE
    ../fplib/microlib/fpepilogue.c           0x00000000   Number         0  depilogue.o ABSOLUTE
    ../fplib/microlib/fpfix.c                0x00000000   Number         0  dfixi.o ABSOLUTE
    ../fplib/microlib/fpfix.c                0x00000000   Number         0  dfixul.o ABSOLUTE
    ../fplib/microlib/fpflt.c                0x00000000   Number         0  dflti.o ABSOLUTE
    ../fplib/microlib/fpflt.c                0x00000000   Number         0  dfltui.o ABSOLUTE
    ../fplib/microlib/fpmul.c                0x00000000   Number         0  dmul.o ABSOLUTE
    adc.c                                    0x00000000   Number         0  adc.o ABSOLUTE
    cdrcmple.s                               0x00000000   Number         0  cdrcmple.o ABSOLUTE
    dc.s                                     0x00000000   Number         0  dc.o ABSOLUTE
    delay.c                                  0x00000000   Number         0  delay.o ABSOLUTE
    gpio.c                                   0x00000000   Number         0  gpio.o ABSOLUTE
    handlers.s                               0x00000000   Number         0  handlers.o ABSOLUTE
    i2c_hal.c                                0x00000000   Number         0  i2c_hal.o ABSOLUTE
    init.s                                   0x00000000   Number         0  init.o ABSOLUTE
    main.c                                   0x00000000   Number         0  main.o ABSOLUTE
    oled.c                                   0x00000000   Number         0  oled.o ABSOLUTE
    startup_stm32f429xx.s                    0x00000000   Number         0  startup_stm32f429xx.o ABSOLUTE
    stm32f4xx_hal.c                          0x00000000   Number         0  stm32f4xx_hal.o ABSOLUTE
    stm32f4xx_hal_adc.c                      0x00000000   Number         0  stm32f4xx_hal_adc.o ABSOLUTE
    stm32f4xx_hal_adc_ex.c                   0x00000000   Number         0  stm32f4xx_hal_adc_ex.o ABSOLUTE
    stm32f4xx_hal_cortex.c                   0x00000000   Number         0  stm32f4xx_hal_cortex.o ABSOLUTE
    stm32f4xx_hal_dma.c                      0x00000000   Number         0  stm32f4xx_hal_dma.o ABSOLUTE
    stm32f4xx_hal_dma_ex.c                   0x00000000   Number         0  stm32f4xx_hal_dma_ex.o ABSOLUTE
    stm32f4xx_hal_exti.c                     0x00000000   Number         0  stm32f4xx_hal_exti.o ABSOLUTE
    stm32f4xx_hal_flash.c                    0x00000000   Number         0  stm32f4xx_hal_flash.o ABSOLUTE
    stm32f4xx_hal_flash_ex.c                 0x00000000   Number         0  stm32f4xx_hal_flash_ex.o ABSOLUTE
    stm32f4xx_hal_flash_ramfunc.c            0x00000000   Number         0  stm32f4xx_hal_flash_ramfunc.o ABSOLUTE
    stm32f4xx_hal_gpio.c                     0x00000000   Number         0  stm32f4xx_hal_gpio.o ABSOLUTE
    stm32f4xx_hal_msp.c                      0x00000000   Number         0  stm32f4xx_hal_msp.o ABSOLUTE
    stm32f4xx_hal_pwr.c                      0x00000000   Number         0  stm32f4xx_hal_pwr.o ABSOLUTE
    stm32f4xx_hal_pwr_ex.c                   0x00000000   Number         0  stm32f4xx_hal_pwr_ex.o ABSOLUTE
    stm32f4xx_hal_rcc.c                      0x00000000   Number         0  stm32f4xx_hal_rcc.o ABSOLUTE
    stm32f4xx_hal_rcc_ex.c                   0x00000000   Number         0  stm32f4xx_hal_rcc_ex.o ABSOLUTE
    stm32f4xx_hal_tim.c                      0x00000000   Number         0  stm32f4xx_hal_tim.o ABSOLUTE
    stm32f4xx_hal_tim_ex.c                   0x00000000   Number         0  stm32f4xx_hal_tim_ex.o ABSOLUTE
    stm32f4xx_hal_uart.c                     0x00000000   Number         0  stm32f4xx_hal_uart.o ABSOLUTE
    stm32f4xx_it.c                           0x00000000   Number         0  stm32f4xx_it.o ABSOLUTE
    stm32f4xx_ll_adc.c                       0x00000000   Number         0  stm32f4xx_ll_adc.o ABSOLUTE
    system_stm32f4xx.c                       0x00000000   Number         0  system_stm32f4xx.o ABSOLUTE
    tim.c                                    0x00000000   Number         0  tim.o ABSOLUTE
    usart.c                                  0x00000000   Number         0  usart.o ABSOLUTE
    RESET                                    0x08000000   Section      428  startup_stm32f429xx.o(RESET)
    .ARM.Collect$$$$00000000                 0x080001ac   Section        0  entry.o(.ARM.Collect$$$$00000000)
    .ARM.Collect$$$$00000001                 0x080001ac   Section        4  entry2.o(.ARM.Collect$$$$00000001)
    .ARM.Collect$$$$00000004                 0x080001b0   Section        4  entry5.o(.ARM.Collect$$$$00000004)
    .ARM.Collect$$$$00000008                 0x080001b4   Section        0  entry7b.o(.ARM.Collect$$$$00000008)
    .ARM.Collect$$$$0000000A                 0x080001b4   Section        0  entry8b.o(.ARM.Collect$$$$0000000A)
    .ARM.Collect$$$$0000000B                 0x080001b4   Section        8  entry9a.o(.ARM.Collect$$$$0000000B)
    __lit__00000000                          0x080001bc   Data           4  entry2.o(.ARM.Collect$$$$00002712)
    .ARM.Collect$$$$0000000D                 0x080001bc   Section        0  entry10a.o(.ARM.Collect$$$$0000000D)
    .ARM.Collect$$$$0000000F                 0x080001bc   Section        0  entry11a.o(.ARM.Collect$$$$0000000F)
    .ARM.Collect$$$$00002712                 0x080001bc   Section        4  entry2.o(.ARM.Collect$$$$00002712)
    $v0                                      0x080001c0   Number         0  startup_stm32f429xx.o(.text)
    .text                                    0x080001c0   Section       36  startup_stm32f429xx.o(.text)
    .text                                    0x080001e4   Section        0  uldiv.o(.text)
    .text                                    0x08000246   Section        0  atoi.o(.text)
    .text                                    0x08000260   Section        0  dadd.o(.text)
    .text                                    0x080003ae   Section        0  dmul.o(.text)
    .text                                    0x08000492   Section        0  ddiv.o(.text)
    .text                                    0x08000570   Section        0  dflti.o(.text)
    .text                                    0x08000592   Section        0  dfltui.o(.text)
    .text                                    0x080005ac   Section        0  dfixi.o(.text)
    .text                                    0x080005ea   Section        0  f2d.o(.text)
    .text                                    0x08000610   Section        0  d2f.o(.text)
    .text                                    0x08000648   Section        0  uidiv.o(.text)
    .text                                    0x08000674   Section        0  llshl.o(.text)
    .text                                    0x08000692   Section        0  llushr.o(.text)
    .text                                    0x080006b2   Section        0  llsshr.o(.text)
    .text                                    0x080006d6   Section        0  strtol.o(.text)
    .text                                    0x08000746   Section        0  iusefp.o(.text)
    .text                                    0x08000746   Section        0  fepilogue.o(.text)
    .text                                    0x080007b4   Section        0  depilogue.o(.text)
    .text                                    0x0800086e   Section        0  dfixul.o(.text)
    .text                                    0x080008a0   Section       48  cdrcmple.o(.text)
    .text                                    0x080008d0   Section       48  init.o(.text)
    .text                                    0x08000900   Section        0  ctype_o.o(.text)
    .text                                    0x08000908   Section        0  _strtoul.o(.text)
    .text                                    0x080009a6   Section        0  _chval.o(.text)
    [Anonymous Symbol]                       0x080009c4   Section        0  stm32f4xx_it.o(.text.BusFault_Handler)
    [Anonymous Symbol]                       0x080009c8   Section        0  stm32f4xx_it.o(.text.DebugMon_Handler)
    [Anonymous Symbol]                       0x080009cc   Section        0  main.o(.text.Error_Handler)
    [Anonymous Symbol]                       0x080009d0   Section        0  stm32f4xx_hal_adc.o(.text.HAL_ADC_ConfigChannel)
    [Anonymous Symbol]                       0x08000b40   Section        0  stm32f4xx_hal_adc.o(.text.HAL_ADC_GetValue)
    [Anonymous Symbol]                       0x08000b48   Section        0  stm32f4xx_hal_adc.o(.text.HAL_ADC_Init)
    [Anonymous Symbol]                       0x08000ca8   Section        0  adc.o(.text.HAL_ADC_MspInit)
    [Anonymous Symbol]                       0x08000d10   Section        0  stm32f4xx_hal_adc.o(.text.HAL_ADC_PollForConversion)
    [Anonymous Symbol]                       0x08000ddc   Section        0  stm32f4xx_hal_adc.o(.text.HAL_ADC_Start)
    [Anonymous Symbol]                       0x08000f1c   Section        0  stm32f4xx_hal_dma.o(.text.HAL_DMA_Abort_IT)
    [Anonymous Symbol]                       0x08000f40   Section        0  stm32f4xx_hal.o(.text.HAL_Delay)
    [Anonymous Symbol]                       0x08000f68   Section        0  delay.o(.text.HAL_Delay_us)
    [Anonymous Symbol]                       0x08000fc0   Section        0  stm32f4xx_hal_gpio.o(.text.HAL_GPIO_Init)
    [Anonymous Symbol]                       0x08001170   Section        0  stm32f4xx_hal_gpio.o(.text.HAL_GPIO_WritePin)
    [Anonymous Symbol]                       0x0800117c   Section        0  stm32f4xx_hal.o(.text.HAL_GetTick)
    [Anonymous Symbol]                       0x08001188   Section        0  stm32f4xx_hal.o(.text.HAL_IncTick)
    [Anonymous Symbol]                       0x080011a4   Section        0  stm32f4xx_hal.o(.text.HAL_Init)
    [Anonymous Symbol]                       0x080011dc   Section        0  stm32f4xx_hal.o(.text.HAL_InitTick)
    [Anonymous Symbol]                       0x08001224   Section        0  stm32f4xx_hal_msp.o(.text.HAL_MspInit)
    [Anonymous Symbol]                       0x0800125c   Section        0  stm32f4xx_hal_cortex.o(.text.HAL_NVIC_EnableIRQ)
    [Anonymous Symbol]                       0x08001280   Section        0  stm32f4xx_hal_cortex.o(.text.HAL_NVIC_SetPriority)
    [Anonymous Symbol]                       0x080012d8   Section        0  stm32f4xx_hal_cortex.o(.text.HAL_NVIC_SetPriorityGrouping)
    [Anonymous Symbol]                       0x080012f8   Section        0  stm32f4xx_hal_pwr_ex.o(.text.HAL_PWREx_EnableOverDrive)
    [Anonymous Symbol]                       0x08001374   Section        0  stm32f4xx_hal_rcc.o(.text.HAL_RCC_ClockConfig)
    [Anonymous Symbol]                       0x080014d8   Section        0  stm32f4xx_hal_rcc.o(.text.HAL_RCC_GetPCLK1Freq)
    [Anonymous Symbol]                       0x08001500   Section        0  stm32f4xx_hal_rcc.o(.text.HAL_RCC_GetPCLK2Freq)
    [Anonymous Symbol]                       0x08001528   Section        0  stm32f4xx_hal_rcc.o(.text.HAL_RCC_GetSysClockFreq)
    [Anonymous Symbol]                       0x08001594   Section        0  stm32f4xx_hal_rcc.o(.text.HAL_RCC_OscConfig)
    [Anonymous Symbol]                       0x08001930   Section        0  stm32f4xx_hal_cortex.o(.text.HAL_SYSTICK_Config)
    [Anonymous Symbol]                       0x0800195c   Section        0  stm32f4xx_hal_tim_ex.o(.text.HAL_TIMEx_MasterConfigSynchronization)
    [Anonymous Symbol]                       0x08001a18   Section        0  stm32f4xx_hal_tim.o(.text.HAL_TIM_Base_Init)
    [Anonymous Symbol]                       0x08001a50   Section        0  tim.o(.text.HAL_TIM_Base_MspInit)
    [Anonymous Symbol]                       0x08001a84   Section        0  stm32f4xx_hal_tim.o(.text.HAL_TIM_Base_Start)
    [Anonymous Symbol]                       0x08001aac   Section        0  stm32f4xx_hal_tim.o(.text.HAL_TIM_Base_Stop)
    [Anonymous Symbol]                       0x08001ae8   Section        0  stm32f4xx_hal_uart.o(.text.HAL_UART_ErrorCallback)
    [Anonymous Symbol]                       0x08001aec   Section        0  stm32f4xx_hal_uart.o(.text.HAL_UART_IRQHandler)
    [Anonymous Symbol]                       0x08001d5c   Section        0  stm32f4xx_hal_uart.o(.text.HAL_UART_Init)
    [Anonymous Symbol]                       0x08001dbc   Section        0  usart.o(.text.HAL_UART_MspInit)
    [Anonymous Symbol]                       0x08001e88   Section        0  stm32f4xx_hal_uart.o(.text.HAL_UART_Receive_IT)
    [Anonymous Symbol]                       0x08001ee0   Section        0  main.o(.text.HAL_UART_RxCpltCallback)
    [Anonymous Symbol]                       0x08001fa0   Section        0  stm32f4xx_hal_uart.o(.text.HAL_UART_Transmit)
    [Anonymous Symbol]                       0x08002134   Section        0  stm32f4xx_hal_uart.o(.text.HAL_UART_TxCpltCallback)
    [Anonymous Symbol]                       0x08002138   Section        0  stm32f4xx_it.o(.text.HardFault_Handler)
    [Anonymous Symbol]                       0x0800213c   Section        0  i2c_hal.o(.text.IIC_Init)
    [Anonymous Symbol]                       0x08002180   Section        0  i2c_hal.o(.text.IIC_Start)
    [Anonymous Symbol]                       0x080021d0   Section        0  i2c_hal.o(.text.IIC_Stop)
    [Anonymous Symbol]                       0x08002228   Section        0  i2c_hal.o(.text.IIC_WaitAck)
    [Anonymous Symbol]                       0x08002270   Section        0  i2c_hal.o(.text.IIC_WriteByte)
    [Anonymous Symbol]                       0x08002400   Section        0  adc.o(.text.MX_ADC3_Init)
    [Anonymous Symbol]                       0x0800246c   Section        0  gpio.o(.text.MX_GPIO_Init)
    [Anonymous Symbol]                       0x080024f8   Section        0  tim.o(.text.MX_TIM7_Init)
    [Anonymous Symbol]                       0x08002548   Section        0  usart.o(.text.MX_USART1_UART_Init)
    [Anonymous Symbol]                       0x08002584   Section        0  usart.o(.text.MX_USART2_UART_Init)
    [Anonymous Symbol]                       0x080025c0   Section        0  stm32f4xx_it.o(.text.MemManage_Handler)
    [Anonymous Symbol]                       0x080025c4   Section        0  stm32f4xx_it.o(.text.NMI_Handler)
    [Anonymous Symbol]                       0x080025c8   Section        0  oled.o(.text.OLED_Clear)
    [Anonymous Symbol]                       0x08002680   Section        0  oled.o(.text.OLED_Init)
    [Anonymous Symbol]                       0x08002a88   Section        0  oled.o(.text.OLED_SetPos)
    [Anonymous Symbol]                       0x08002b10   Section        0  oled.o(.text.OLED_ShowChar)
    [Anonymous Symbol]                       0x08002ebc   Section        0  oled.o(.text.OLED_ShowString)
    [Anonymous Symbol]                       0x08002ef4   Section        0  stm32f4xx_it.o(.text.PendSV_Handler)
    [Anonymous Symbol]                       0x08002ef8   Section        0  stm32f4xx_it.o(.text.SVC_Handler)
    [Anonymous Symbol]                       0x08002efc   Section        0  stm32f4xx_it.o(.text.SysTick_Handler)
    [Anonymous Symbol]                       0x08002f00   Section        0  system_stm32f4xx.o(.text.SystemInit)
    [Anonymous Symbol]                       0x08002f1c   Section        0  stm32f4xx_hal_tim.o(.text.TIM_Base_SetConfig)
    UART_DMAAbortOnError                     0x08003059   Thumb Code    12  stm32f4xx_hal_uart.o(.text.UART_DMAAbortOnError)
    [Anonymous Symbol]                       0x08003058   Section        0  stm32f4xx_hal_uart.o(.text.UART_DMAAbortOnError)
    UART_SetConfig                           0x08003065   Thumb Code   266  stm32f4xx_hal_uart.o(.text.UART_SetConfig)
    [Anonymous Symbol]                       0x08003064   Section        0  stm32f4xx_hal_uart.o(.text.UART_SetConfig)
    [Anonymous Symbol]                       0x08003170   Section        0  stm32f4xx_it.o(.text.USART1_IRQHandler)
    [Anonymous Symbol]                       0x0800317c   Section        0  stm32f4xx_it.o(.text.USART2_IRQHandler)
    [Anonymous Symbol]                       0x08003188   Section        0  stm32f4xx_it.o(.text.UsageFault_Handler)
    [Anonymous Symbol]                       0x08003190   Section        0  main.o(.text.main)
    i.__0snprintf                            0x08003434   Section        0  printfa.o(i.__0snprintf)
    i.__aeabi_errno_addr                     0x08003468   Section        0  errno.o(i.__aeabi_errno_addr)
    i.__scatterload_copy                     0x08003470   Section       14  handlers.o(i.__scatterload_copy)
    i.__scatterload_null                     0x0800347e   Section        2  handlers.o(i.__scatterload_null)
    i.__scatterload_zeroinit                 0x08003480   Section       14  handlers.o(i.__scatterload_zeroinit)
    _fp_digits                               0x08003491   Thumb Code   366  printfa.o(i._fp_digits)
    i._fp_digits                             0x08003490   Section        0  printfa.o(i._fp_digits)
    _printf_core                             0x08003615   Thumb Code  1744  printfa.o(i._printf_core)
    i._printf_core                           0x08003614   Section        0  printfa.o(i._printf_core)
    _printf_post_padding                     0x08003cf1   Thumb Code    36  printfa.o(i._printf_post_padding)
    i._printf_post_padding                   0x08003cf0   Section        0  printfa.o(i._printf_post_padding)
    _printf_pre_padding                      0x08003d15   Thumb Code    46  printfa.o(i._printf_pre_padding)
    i._printf_pre_padding                    0x08003d14   Section        0  printfa.o(i._printf_pre_padding)
    _snputc                                  0x08003d43   Thumb Code    22  printfa.o(i._snputc)
    i._snputc                                0x08003d42   Section        0  printfa.o(i._snputc)
    .constdata                               0x08003d58   Section      129  ctype_o.o(.constdata)
    table                                    0x08003ddc   Data           4  ctype_o.o(.constdata)
    .constdata                               0x08003ddc   Section        4  ctype_o.o(.constdata)
    _errno                                   0x20000000   Data           4  errno.o(.data)
    .data                                    0x20000000   Section        4  errno.o(.data)
    .L_MergedGlobals                         0x20000004   Data           8  stm32f4xx_hal.o(.data..L_MergedGlobals)
    [Anonymous Symbol]                       0x20000004   Section        0  stm32f4xx_hal.o(.data..L_MergedGlobals)
    .L_MergedGlobals                         0x20000018   Data           8  main.o(.bss..L_MergedGlobals)
    [Anonymous Symbol]                       0x20000018   Section        0  main.o(.bss..L_MergedGlobals)
    MotorStart.LastStartTime                 0x2000001c   Data           4  main.o(.bss..L_MergedGlobals)
    STACK                                    0x20000130   Section     1024  startup_stm32f429xx.o(STACK)

    Global Symbols

    Symbol Name                              Value     Ov Type        Size  Object(Section)

    BuildAttributes$$THM_ISAv4$E$P$D$K$B$S$7EM$VFPi3$EXTD16$VFPS$VFMA$PE$A:L22UL41UL21$X:L11$S22US41US21$IEEE1$IW$~IW$USESV6$~STKCKD$USESV7$~SHL$OTIME$ROPI$EBA8$MICROLIB$REQ8$PRES8$EABIv2 0x00000000   Number         0  anon$$obj.o ABSOLUTE
    _printf_a                                0x00000000   Number         0  printfstubs.o ABSOLUTE
    _printf_c                                0x00000000   Number         0  printfstubs.o ABSOLUTE
    _printf_charcount                        0x00000000   Number         0  printfstubs.o ABSOLUTE
    _printf_d                                0x00000000   Number         0  printfstubs.o ABSOLUTE
    _printf_e                                0x00000000   Number         0  printfstubs.o ABSOLUTE
    _printf_f                                0x00000000   Number         0  printfstubs.o ABSOLUTE
    _printf_flags                            0x00000000   Number         0  printfstubs.o ABSOLUTE
    _printf_fp_dec                           0x00000000   Number         0  printfstubs.o ABSOLUTE
    _printf_fp_hex                           0x00000000   Number         0  printfstubs.o ABSOLUTE
    _printf_g                                0x00000000   Number         0  printfstubs.o ABSOLUTE
    _printf_i                                0x00000000   Number         0  printfstubs.o ABSOLUTE
    _printf_int_dec                          0x00000000   Number         0  printfstubs.o ABSOLUTE
    _printf_l                                0x00000000   Number         0  printfstubs.o ABSOLUTE
    _printf_lc                               0x00000000   Number         0  printfstubs.o ABSOLUTE
    _printf_ll                               0x00000000   Number         0  printfstubs.o ABSOLUTE
    _printf_lld                              0x00000000   Number         0  printfstubs.o ABSOLUTE
    _printf_lli                              0x00000000   Number         0  printfstubs.o ABSOLUTE
    _printf_llo                              0x00000000   Number         0  printfstubs.o ABSOLUTE
    _printf_llu                              0x00000000   Number         0  printfstubs.o ABSOLUTE
    _printf_llx                              0x00000000   Number         0  printfstubs.o ABSOLUTE
    _printf_longlong_dec                     0x00000000   Number         0  printfstubs.o ABSOLUTE
    _printf_longlong_hex                     0x00000000   Number         0  printfstubs.o ABSOLUTE
    _printf_longlong_oct                     0x00000000   Number         0  printfstubs.o ABSOLUTE
    _printf_ls                               0x00000000   Number         0  printfstubs.o ABSOLUTE
    _printf_mbtowc                           0x00000000   Number         0  printfstubs.o ABSOLUTE
    _printf_n                                0x00000000   Number         0  printfstubs.o ABSOLUTE
    _printf_o                                0x00000000   Number         0  printfstubs.o ABSOLUTE
    _printf_p                                0x00000000   Number         0  printfstubs.o ABSOLUTE
    _printf_percent                          0x00000000   Number         0  printfstubs.o ABSOLUTE
    _printf_pre_padding                      0x00000000   Number         0  printfstubs.o ABSOLUTE
    _printf_return_value                     0x00000000   Number         0  printfstubs.o ABSOLUTE
    _printf_s                                0x00000000   Number         0  printfstubs.o ABSOLUTE
    _printf_sizespec                         0x00000000   Number         0  printfstubs.o ABSOLUTE
    _printf_str                              0x00000000   Number         0  printfstubs.o ABSOLUTE
    _printf_truncate_signed                  0x00000000   Number         0  printfstubs.o ABSOLUTE
    _printf_truncate_unsigned                0x00000000   Number         0  printfstubs.o ABSOLUTE
    _printf_u                                0x00000000   Number         0  printfstubs.o ABSOLUTE
    _printf_wc                               0x00000000   Number         0  printfstubs.o ABSOLUTE
    _printf_wctomb                           0x00000000   Number         0  printfstubs.o ABSOLUTE
    _printf_widthprec                        0x00000000   Number         0  printfstubs.o ABSOLUTE
    _printf_x                                0x00000000   Number         0  printfstubs.o ABSOLUTE
    __cpp_initialize__aeabi_                  - Undefined Weak Reference
    __cxa_finalize                            - Undefined Weak Reference
    __decompress                              - Undefined Weak Reference
    _clock_init                               - Undefined Weak Reference
    _microlib_exit                            - Undefined Weak Reference
    __Vectors_Size                           0x000001ac   Number         0  startup_stm32f429xx.o ABSOLUTE
    __Vectors                                0x08000000   Data           4  startup_stm32f429xx.o(RESET)
    __Vectors_End                            0x080001ac   Data           0  startup_stm32f429xx.o(RESET)
    __main                                   0x080001ad   Thumb Code     0  entry.o(.ARM.Collect$$$$00000000)
    _main_stk                                0x080001ad   Thumb Code     0  entry2.o(.ARM.Collect$$$$00000001)
    _main_scatterload                        0x080001b1   Thumb Code     0  entry5.o(.ARM.Collect$$$$00000004)
    __main_after_scatterload                 0x080001b5   Thumb Code     0  entry5.o(.ARM.Collect$$$$00000004)
    _main_clock                              0x080001b5   Thumb Code     0  entry7b.o(.ARM.Collect$$$$00000008)
    _main_cpp_init                           0x080001b5   Thumb Code     0  entry8b.o(.ARM.Collect$$$$0000000A)
    _main_init                               0x080001b5   Thumb Code     0  entry9a.o(.ARM.Collect$$$$0000000B)
    __rt_final_cpp                           0x080001bd   Thumb Code     0  entry10a.o(.ARM.Collect$$$$0000000D)
    __rt_final_exit                          0x080001bd   Thumb Code     0  entry11a.o(.ARM.Collect$$$$0000000F)
    Reset_Handler                            0x080001c1   Thumb Code     8  startup_stm32f429xx.o(.text)
    ADC_IRQHandler                           0x080001db   Thumb Code     0  startup_stm32f429xx.o(.text)
    CAN1_RX0_IRQHandler                      0x080001db   Thumb Code     0  startup_stm32f429xx.o(.text)
    CAN1_RX1_IRQHandler                      0x080001db   Thumb Code     0  startup_stm32f429xx.o(.text)
    CAN1_SCE_IRQHandler                      0x080001db   Thumb Code     0  startup_stm32f429xx.o(.text)
    CAN1_TX_IRQHandler                       0x080001db   Thumb Code     0  startup_stm32f429xx.o(.text)
    CAN2_RX0_IRQHandler                      0x080001db   Thumb Code     0  startup_stm32f429xx.o(.text)
    CAN2_RX1_IRQHandler                      0x080001db   Thumb Code     0  startup_stm32f429xx.o(.text)
    CAN2_SCE_IRQHandler                      0x080001db   Thumb Code     0  startup_stm32f429xx.o(.text)
    CAN2_TX_IRQHandler                       0x080001db   Thumb Code     0  startup_stm32f429xx.o(.text)
    DCMI_IRQHandler                          0x080001db   Thumb Code     0  startup_stm32f429xx.o(.text)
    DMA1_Stream0_IRQHandler                  0x080001db   Thumb Code     0  startup_stm32f429xx.o(.text)
    DMA1_Stream1_IRQHandler                  0x080001db   Thumb Code     0  startup_stm32f429xx.o(.text)
    DMA1_Stream2_IRQHandler                  0x080001db   Thumb Code     0  startup_stm32f429xx.o(.text)
    DMA1_Stream3_IRQHandler                  0x080001db   Thumb Code     0  startup_stm32f429xx.o(.text)
    DMA1_Stream4_IRQHandler                  0x080001db   Thumb Code     0  startup_stm32f429xx.o(.text)
    DMA1_Stream5_IRQHandler                  0x080001db   Thumb Code     0  startup_stm32f429xx.o(.text)
    DMA1_Stream6_IRQHandler                  0x080001db   Thumb Code     0  startup_stm32f429xx.o(.text)
    DMA1_Stream7_IRQHandler                  0x080001db   Thumb Code     0  startup_stm32f429xx.o(.text)
    DMA2D_IRQHandler                         0x080001db   Thumb Code     0  startup_stm32f429xx.o(.text)
    DMA2_Stream0_IRQHandler                  0x080001db   Thumb Code     0  startup_stm32f429xx.o(.text)
    DMA2_Stream1_IRQHandler                  0x080001db   Thumb Code     0  startup_stm32f429xx.o(.text)
    DMA2_Stream2_IRQHandler                  0x080001db   Thumb Code     0  startup_stm32f429xx.o(.text)
    DMA2_Stream3_IRQHandler                  0x080001db   Thumb Code     0  startup_stm32f429xx.o(.text)
    DMA2_Stream4_IRQHandler                  0x080001db   Thumb Code     0  startup_stm32f429xx.o(.text)
    DMA2_Stream5_IRQHandler                  0x080001db   Thumb Code     0  startup_stm32f429xx.o(.text)
    DMA2_Stream6_IRQHandler                  0x080001db   Thumb Code     0  startup_stm32f429xx.o(.text)
    DMA2_Stream7_IRQHandler                  0x080001db   Thumb Code     0  startup_stm32f429xx.o(.text)
    ETH_IRQHandler                           0x080001db   Thumb Code     0  startup_stm32f429xx.o(.text)
    ETH_WKUP_IRQHandler                      0x080001db   Thumb Code     0  startup_stm32f429xx.o(.text)
    EXTI0_IRQHandler                         0x080001db   Thumb Code     0  startup_stm32f429xx.o(.text)
    EXTI15_10_IRQHandler                     0x080001db   Thumb Code     0  startup_stm32f429xx.o(.text)
    EXTI1_IRQHandler                         0x080001db   Thumb Code     0  startup_stm32f429xx.o(.text)
    EXTI2_IRQHandler                         0x080001db   Thumb Code     0  startup_stm32f429xx.o(.text)
    EXTI3_IRQHandler                         0x080001db   Thumb Code     0  startup_stm32f429xx.o(.text)
    EXTI4_IRQHandler                         0x080001db   Thumb Code     0  startup_stm32f429xx.o(.text)
    EXTI9_5_IRQHandler                       0x080001db   Thumb Code     0  startup_stm32f429xx.o(.text)
    FLASH_IRQHandler                         0x080001db   Thumb Code     0  startup_stm32f429xx.o(.text)
    FMC_IRQHandler                           0x080001db   Thumb Code     0  startup_stm32f429xx.o(.text)
    FPU_IRQHandler                           0x080001db   Thumb Code     0  startup_stm32f429xx.o(.text)
    HASH_RNG_IRQHandler                      0x080001db   Thumb Code     0  startup_stm32f429xx.o(.text)
    I2C1_ER_IRQHandler                       0x080001db   Thumb Code     0  startup_stm32f429xx.o(.text)
    I2C1_EV_IRQHandler                       0x080001db   Thumb Code     0  startup_stm32f429xx.o(.text)
    I2C2_ER_IRQHandler                       0x080001db   Thumb Code     0  startup_stm32f429xx.o(.text)
    I2C2_EV_IRQHandler                       0x080001db   Thumb Code     0  startup_stm32f429xx.o(.text)
    I2C3_ER_IRQHandler                       0x080001db   Thumb Code     0  startup_stm32f429xx.o(.text)
    I2C3_EV_IRQHandler                       0x080001db   Thumb Code     0  startup_stm32f429xx.o(.text)
    LTDC_ER_IRQHandler                       0x080001db   Thumb Code     0  startup_stm32f429xx.o(.text)
    LTDC_IRQHandler                          0x080001db   Thumb Code     0  startup_stm32f429xx.o(.text)
    OTG_FS_IRQHandler                        0x080001db   Thumb Code     0  startup_stm32f429xx.o(.text)
    OTG_FS_WKUP_IRQHandler                   0x080001db   Thumb Code     0  startup_stm32f429xx.o(.text)
    OTG_HS_EP1_IN_IRQHandler                 0x080001db   Thumb Code     0  startup_stm32f429xx.o(.text)
    OTG_HS_EP1_OUT_IRQHandler                0x080001db   Thumb Code     0  startup_stm32f429xx.o(.text)
    OTG_HS_IRQHandler                        0x080001db   Thumb Code     0  startup_stm32f429xx.o(.text)
    OTG_HS_WKUP_IRQHandler                   0x080001db   Thumb Code     0  startup_stm32f429xx.o(.text)
    PVD_IRQHandler                           0x080001db   Thumb Code     0  startup_stm32f429xx.o(.text)
    RCC_IRQHandler                           0x080001db   Thumb Code     0  startup_stm32f429xx.o(.text)
    RTC_Alarm_IRQHandler                     0x080001db   Thumb Code     0  startup_stm32f429xx.o(.text)
    RTC_WKUP_IRQHandler                      0x080001db   Thumb Code     0  startup_stm32f429xx.o(.text)
    SAI1_IRQHandler                          0x080001db   Thumb Code     0  startup_stm32f429xx.o(.text)
    SDIO_IRQHandler                          0x080001db   Thumb Code     0  startup_stm32f429xx.o(.text)
    SPI1_IRQHandler                          0x080001db   Thumb Code     0  startup_stm32f429xx.o(.text)
    SPI2_IRQHandler                          0x080001db   Thumb Code     0  startup_stm32f429xx.o(.text)
    SPI3_IRQHandler                          0x080001db   Thumb Code     0  startup_stm32f429xx.o(.text)
    SPI4_IRQHandler                          0x080001db   Thumb Code     0  startup_stm32f429xx.o(.text)
    SPI5_IRQHandler                          0x080001db   Thumb Code     0  startup_stm32f429xx.o(.text)
    SPI6_IRQHandler                          0x080001db   Thumb Code     0  startup_stm32f429xx.o(.text)
    TAMP_STAMP_IRQHandler                    0x080001db   Thumb Code     0  startup_stm32f429xx.o(.text)
    TIM1_BRK_TIM9_IRQHandler                 0x080001db   Thumb Code     0  startup_stm32f429xx.o(.text)
    TIM1_CC_IRQHandler                       0x080001db   Thumb Code     0  startup_stm32f429xx.o(.text)
    TIM1_TRG_COM_TIM11_IRQHandler            0x080001db   Thumb Code     0  startup_stm32f429xx.o(.text)
    TIM1_UP_TIM10_IRQHandler                 0x080001db   Thumb Code     0  startup_stm32f429xx.o(.text)
    TIM2_IRQHandler                          0x080001db   Thumb Code     0  startup_stm32f429xx.o(.text)
    TIM3_IRQHandler                          0x080001db   Thumb Code     0  startup_stm32f429xx.o(.text)
    TIM4_IRQHandler                          0x080001db   Thumb Code     0  startup_stm32f429xx.o(.text)
    TIM5_IRQHandler                          0x080001db   Thumb Code     0  startup_stm32f429xx.o(.text)
    TIM6_DAC_IRQHandler                      0x080001db   Thumb Code     0  startup_stm32f429xx.o(.text)
    TIM7_IRQHandler                          0x080001db   Thumb Code     0  startup_stm32f429xx.o(.text)
    TIM8_BRK_TIM12_IRQHandler                0x080001db   Thumb Code     0  startup_stm32f429xx.o(.text)
    TIM8_CC_IRQHandler                       0x080001db   Thumb Code     0  startup_stm32f429xx.o(.text)
    TIM8_TRG_COM_TIM14_IRQHandler            0x080001db   Thumb Code     0  startup_stm32f429xx.o(.text)
    TIM8_UP_TIM13_IRQHandler                 0x080001db   Thumb Code     0  startup_stm32f429xx.o(.text)
    UART4_IRQHandler                         0x080001db   Thumb Code     0  startup_stm32f429xx.o(.text)
    UART5_IRQHandler                         0x080001db   Thumb Code     0  startup_stm32f429xx.o(.text)
    UART7_IRQHandler                         0x080001db   Thumb Code     0  startup_stm32f429xx.o(.text)
    UART8_IRQHandler                         0x080001db   Thumb Code     0  startup_stm32f429xx.o(.text)
    USART3_IRQHandler                        0x080001db   Thumb Code     0  startup_stm32f429xx.o(.text)
    USART6_IRQHandler                        0x080001db   Thumb Code     0  startup_stm32f429xx.o(.text)
    WWDG_IRQHandler                          0x080001db   Thumb Code     0  startup_stm32f429xx.o(.text)
    __aeabi_uldivmod                         0x080001e5   Thumb Code    98  uldiv.o(.text)
    atoi                                     0x08000247   Thumb Code    26  atoi.o(.text)
    __aeabi_dadd                             0x08000261   Thumb Code   322  dadd.o(.text)
    __aeabi_dsub                             0x080003a3   Thumb Code     6  dadd.o(.text)
    __aeabi_drsub                            0x080003a9   Thumb Code     6  dadd.o(.text)
    __aeabi_dmul                             0x080003af   Thumb Code   228  dmul.o(.text)
    __aeabi_ddiv                             0x08000493   Thumb Code   222  ddiv.o(.text)
    __aeabi_i2d                              0x08000571   Thumb Code    34  dflti.o(.text)
    __aeabi_ui2d                             0x08000593   Thumb Code    26  dfltui.o(.text)
    __aeabi_d2iz                             0x080005ad   Thumb Code    62  dfixi.o(.text)
    __aeabi_f2d                              0x080005eb   Thumb Code    38  f2d.o(.text)
    __aeabi_d2f                              0x08000611   Thumb Code    56  d2f.o(.text)
    __aeabi_uidiv                            0x08000649   Thumb Code     0  uidiv.o(.text)
    __aeabi_uidivmod                         0x08000649   Thumb Code    44  uidiv.o(.text)
    __aeabi_llsl                             0x08000675   Thumb Code    30  llshl.o(.text)
    _ll_shift_l                              0x08000675   Thumb Code     0  llshl.o(.text)
    __aeabi_llsr                             0x08000693   Thumb Code    32  llushr.o(.text)
    _ll_ushift_r                             0x08000693   Thumb Code     0  llushr.o(.text)
    __aeabi_lasr                             0x080006b3   Thumb Code    36  llsshr.o(.text)
    _ll_sshift_r                             0x080006b3   Thumb Code     0  llsshr.o(.text)
    strtol                                   0x080006d7   Thumb Code   112  strtol.o(.text)
    __I$use$fp                               0x08000747   Thumb Code     0  iusefp.o(.text)
    _float_round                             0x08000747   Thumb Code    18  fepilogue.o(.text)
    _float_epilogue                          0x08000759   Thumb Code    92  fepilogue.o(.text)
    _double_round                            0x080007b5   Thumb Code    30  depilogue.o(.text)
    _double_epilogue                         0x080007d3   Thumb Code   156  depilogue.o(.text)
    __aeabi_d2ulz                            0x0800086f   Thumb Code    48  dfixul.o(.text)
    __aeabi_cdrcmple                         0x080008a1   Thumb Code    48  cdrcmple.o(.text)
    __scatterload                            0x080008d1   Thumb Code    38  init.o(.text)
    __scatterload_rt2                        0x080008d1   Thumb Code     0  init.o(.text)
    __rt_ctype_table                         0x08000901   Thumb Code     4  ctype_o.o(.text)
    _strtoul                                 0x08000909   Thumb Code   158  _strtoul.o(.text)
    _chval                                   0x080009a7   Thumb Code    28  _chval.o(.text)
    BusFault_Handler                         0x080009c5   Thumb Code     2  stm32f4xx_it.o(.text.BusFault_Handler)
    DebugMon_Handler                         0x080009c9   Thumb Code     2  stm32f4xx_it.o(.text.DebugMon_Handler)
    Error_Handler                            0x080009cd   Thumb Code     2  main.o(.text.Error_Handler)
    HAL_ADC_ConfigChannel                    0x080009d1   Thumb Code   368  stm32f4xx_hal_adc.o(.text.HAL_ADC_ConfigChannel)
    HAL_ADC_GetValue                         0x08000b41   Thumb Code     6  stm32f4xx_hal_adc.o(.text.HAL_ADC_GetValue)
    HAL_ADC_Init                             0x08000b49   Thumb Code   350  stm32f4xx_hal_adc.o(.text.HAL_ADC_Init)
    HAL_ADC_MspInit                          0x08000ca9   Thumb Code   102  adc.o(.text.HAL_ADC_MspInit)
    HAL_ADC_PollForConversion                0x08000d11   Thumb Code   202  stm32f4xx_hal_adc.o(.text.HAL_ADC_PollForConversion)
    HAL_ADC_Start                            0x08000ddd   Thumb Code   320  stm32f4xx_hal_adc.o(.text.HAL_ADC_Start)
    HAL_DMA_Abort_IT                         0x08000f1d   Thumb Code    36  stm32f4xx_hal_dma.o(.text.HAL_DMA_Abort_IT)
    HAL_Delay                                0x08000f41   Thumb Code    40  stm32f4xx_hal.o(.text.HAL_Delay)
    HAL_Delay_us                             0x08000f69   Thumb Code    88  delay.o(.text.HAL_Delay_us)
    HAL_GPIO_Init                            0x08000fc1   Thumb Code   430  stm32f4xx_hal_gpio.o(.text.HAL_GPIO_Init)
    HAL_GPIO_WritePin                        0x08001171   Thumb Code    10  stm32f4xx_hal_gpio.o(.text.HAL_GPIO_WritePin)
    HAL_GetTick                              0x0800117d   Thumb Code    12  stm32f4xx_hal.o(.text.HAL_GetTick)
    HAL_IncTick                              0x08001189   Thumb Code    26  stm32f4xx_hal.o(.text.HAL_IncTick)
    HAL_Init                                 0x080011a5   Thumb Code    54  stm32f4xx_hal.o(.text.HAL_Init)
    HAL_InitTick                             0x080011dd   Thumb Code    72  stm32f4xx_hal.o(.text.HAL_InitTick)
    HAL_MspInit                              0x08001225   Thumb Code    56  stm32f4xx_hal_msp.o(.text.HAL_MspInit)
    HAL_NVIC_EnableIRQ                       0x0800125d   Thumb Code    34  stm32f4xx_hal_cortex.o(.text.HAL_NVIC_EnableIRQ)
    HAL_NVIC_SetPriority                     0x08001281   Thumb Code    86  stm32f4xx_hal_cortex.o(.text.HAL_NVIC_SetPriority)
    HAL_NVIC_SetPriorityGrouping             0x080012d9   Thumb Code    32  stm32f4xx_hal_cortex.o(.text.HAL_NVIC_SetPriorityGrouping)
    HAL_PWREx_EnableOverDrive                0x080012f9   Thumb Code   122  stm32f4xx_hal_pwr_ex.o(.text.HAL_PWREx_EnableOverDrive)
    HAL_RCC_ClockConfig                      0x08001375   Thumb Code   356  stm32f4xx_hal_rcc.o(.text.HAL_RCC_ClockConfig)
    HAL_RCC_GetPCLK1Freq                     0x080014d9   Thumb Code    38  stm32f4xx_hal_rcc.o(.text.HAL_RCC_GetPCLK1Freq)
    HAL_RCC_GetPCLK2Freq                     0x08001501   Thumb Code    38  stm32f4xx_hal_rcc.o(.text.HAL_RCC_GetPCLK2Freq)
    HAL_RCC_GetSysClockFreq                  0x08001529   Thumb Code   106  stm32f4xx_hal_rcc.o(.text.HAL_RCC_GetSysClockFreq)
    HAL_RCC_OscConfig                        0x08001595   Thumb Code   924  stm32f4xx_hal_rcc.o(.text.HAL_RCC_OscConfig)
    HAL_SYSTICK_Config                       0x08001931   Thumb Code    44  stm32f4xx_hal_cortex.o(.text.HAL_SYSTICK_Config)
    HAL_TIMEx_MasterConfigSynchronization    0x0800195d   Thumb Code   186  stm32f4xx_hal_tim_ex.o(.text.HAL_TIMEx_MasterConfigSynchronization)
    HAL_TIM_Base_Init                        0x08001a19   Thumb Code    54  stm32f4xx_hal_tim.o(.text.HAL_TIM_Base_Init)
    HAL_TIM_Base_MspInit                     0x08001a51   Thumb Code    52  tim.o(.text.HAL_TIM_Base_MspInit)
    HAL_TIM_Base_Start                       0x08001a85   Thumb Code    38  stm32f4xx_hal_tim.o(.text.HAL_TIM_Base_Start)
    HAL_TIM_Base_Stop                        0x08001aad   Thumb Code    60  stm32f4xx_hal_tim.o(.text.HAL_TIM_Base_Stop)
    HAL_UART_ErrorCallback                   0x08001ae9   Thumb Code     2  stm32f4xx_hal_uart.o(.text.HAL_UART_ErrorCallback)
    HAL_UART_IRQHandler                      0x08001aed   Thumb Code   622  stm32f4xx_hal_uart.o(.text.HAL_UART_IRQHandler)
    HAL_UART_Init                            0x08001d5d   Thumb Code    94  stm32f4xx_hal_uart.o(.text.HAL_UART_Init)
    HAL_UART_MspInit                         0x08001dbd   Thumb Code   202  usart.o(.text.HAL_UART_MspInit)
    HAL_UART_Receive_IT                      0x08001e89   Thumb Code    84  stm32f4xx_hal_uart.o(.text.HAL_UART_Receive_IT)
    HAL_UART_RxCpltCallback                  0x08001ee1   Thumb Code   160  main.o(.text.HAL_UART_RxCpltCallback)
    HAL_UART_Transmit                        0x08001fa1   Thumb Code   402  stm32f4xx_hal_uart.o(.text.HAL_UART_Transmit)
    HAL_UART_TxCpltCallback                  0x08002135   Thumb Code     2  stm32f4xx_hal_uart.o(.text.HAL_UART_TxCpltCallback)
    HardFault_Handler                        0x08002139   Thumb Code     2  stm32f4xx_it.o(.text.HardFault_Handler)
    IIC_Init                                 0x0800213d   Thumb Code    66  i2c_hal.o(.text.IIC_Init)
    IIC_Start                                0x08002181   Thumb Code    80  i2c_hal.o(.text.IIC_Start)
    IIC_Stop                                 0x080021d1   Thumb Code    86  i2c_hal.o(.text.IIC_Stop)
    IIC_WaitAck                              0x08002229   Thumb Code    72  i2c_hal.o(.text.IIC_WaitAck)
    IIC_WriteByte                            0x08002271   Thumb Code   400  i2c_hal.o(.text.IIC_WriteByte)
    MX_ADC3_Init                             0x08002401   Thumb Code   108  adc.o(.text.MX_ADC3_Init)
    MX_GPIO_Init                             0x0800246d   Thumb Code   138  gpio.o(.text.MX_GPIO_Init)
    MX_TIM7_Init                             0x080024f9   Thumb Code    80  tim.o(.text.MX_TIM7_Init)
    MX_USART1_UART_Init                      0x08002549   Thumb Code    60  usart.o(.text.MX_USART1_UART_Init)
    MX_USART2_UART_Init                      0x08002585   Thumb Code    60  usart.o(.text.MX_USART2_UART_Init)
    MemManage_Handler                        0x080025c1   Thumb Code     2  stm32f4xx_it.o(.text.MemManage_Handler)
    NMI_Handler                              0x080025c5   Thumb Code     2  stm32f4xx_it.o(.text.NMI_Handler)
    OLED_Clear                               0x080025c9   Thumb Code   184  oled.o(.text.OLED_Clear)
    OLED_Init                                0x08002681   Thumb Code  1032  oled.o(.text.OLED_Init)
    OLED_SetPos                              0x08002a89   Thumb Code   134  oled.o(.text.OLED_SetPos)
    OLED_ShowChar                            0x08002b11   Thumb Code   940  oled.o(.text.OLED_ShowChar)
    OLED_ShowString                          0x08002ebd   Thumb Code    56  oled.o(.text.OLED_ShowString)
    PendSV_Handler                           0x08002ef5   Thumb Code     2  stm32f4xx_it.o(.text.PendSV_Handler)
    SVC_Handler                              0x08002ef9   Thumb Code     2  stm32f4xx_it.o(.text.SVC_Handler)
    SysTick_Handler                          0x08002efd   Thumb Code     4  stm32f4xx_it.o(.text.SysTick_Handler)
    SystemInit                               0x08002f01   Thumb Code    26  system_stm32f4xx.o(.text.SystemInit)
    TIM_Base_SetConfig                       0x08002f1d   Thumb Code   316  stm32f4xx_hal_tim.o(.text.TIM_Base_SetConfig)
    USART1_IRQHandler                        0x08003171   Thumb Code    12  stm32f4xx_it.o(.text.USART1_IRQHandler)
    USART2_IRQHandler                        0x0800317d   Thumb Code    12  stm32f4xx_it.o(.text.USART2_IRQHandler)
    UsageFault_Handler                       0x08003189   Thumb Code     2  stm32f4xx_it.o(.text.UsageFault_Handler)
    main                                     0x08003191   Thumb Code   608  main.o(.text.main)
    __0snprintf                              0x08003435   Thumb Code    48  printfa.o(i.__0snprintf)
    __1snprintf                              0x08003435   Thumb Code     0  printfa.o(i.__0snprintf)
    __2snprintf                              0x08003435   Thumb Code     0  printfa.o(i.__0snprintf)
    __c89snprintf                            0x08003435   Thumb Code     0  printfa.o(i.__0snprintf)
    snprintf                                 0x08003435   Thumb Code     0  printfa.o(i.__0snprintf)
    __aeabi_errno_addr                       0x08003469   Thumb Code     4  errno.o(i.__aeabi_errno_addr)
    __rt_errno_addr                          0x08003469   Thumb Code     0  errno.o(i.__aeabi_errno_addr)
    __scatterload_copy                       0x08003471   Thumb Code    14  handlers.o(i.__scatterload_copy)
    __scatterload_null                       0x0800347f   Thumb Code     2  handlers.o(i.__scatterload_null)
    __scatterload_zeroinit                   0x08003481   Thumb Code    14  handlers.o(i.__scatterload_zeroinit)
    __ctype_table                            0x08003d58   Data         129  ctype_o.o(.constdata)
    AHBPrescTable                            0x08003de0   Data          16  system_stm32f4xx.o(.rodata.AHBPrescTable)
    APBPrescTable                            0x08003df0   Data           8  system_stm32f4xx.o(.rodata.APBPrescTable)
    F6X8                                     0x08003df8   Data         552  oled.o(.rodata.F6X8)
    F8X16                                    0x08004020   Data        1520  oled.o(.rodata.F8X16)
    Region$$Table$$Base                      0x08004610   Number         0  anon$$obj.o(Region$$Table)
    Region$$Table$$Limit                     0x08004630   Number         0  anon$$obj.o(Region$$Table)
    uwTickFreq                               0x20000004   Data           1  stm32f4xx_hal.o(.data..L_MergedGlobals)
    uwTickPrio                               0x20000008   Data           4  stm32f4xx_hal.o(.data..L_MergedGlobals)
    SystemCoreClock                          0x2000000c   Data           4  system_stm32f4xx.o(.data.SystemCoreClock)
    threshold                                0x20000010   Data           4  main.o(.data.threshold)
    Motor_flag                               0x20000018   Data           1  main.o(.bss..L_MergedGlobals)
    buffer                                   0x20000019   Data           3  main.o(.bss..L_MergedGlobals)
    hadc3                                    0x20000020   Data          72  adc.o(.bss.hadc3)
    htim7                                    0x20000068   Data          64  tim.o(.bss.htim7)
    huart1                                   0x200000a8   Data          64  usart.o(.bss.huart1)
    huart2                                   0x200000e8   Data          64  usart.o(.bss.huart2)
    uwTick                                   0x20000128   Data           4  stm32f4xx_hal.o(.bss.uwTick)
    __initial_sp                             0x20000530   Data           0  startup_stm32f429xx.o(STACK)



==============================================================================

Memory Map of the image

  Image Entry point : 0x080001ad

  Load Region LR_IROM1 (Base: 0x08000000, Size: 0x00004648, Max: 0x00100000, ABSOLUTE)

    Execution Region ER_IROM1 (Exec base: 0x08000000, Load base: 0x08000000, Size: 0x00004630, Max: 0x00100000, ABSOLUTE)

    Exec Addr    Load Addr    Size         Type   Attr      Idx    E Section Name        Object

    0x08000000   0x08000000   0x000001ac   Data   RO            3    RESET               startup_stm32f429xx.o
    0x080001ac   0x080001ac   0x00000000   Code   RO         1119  * .ARM.Collect$$$$00000000  mc_w.l(entry.o)
    0x080001ac   0x080001ac   0x00000004   Code   RO         1403    .ARM.Collect$$$$00000001  mc_w.l(entry2.o)
    0x080001b0   0x080001b0   0x00000004   Code   RO         1406    .ARM.Collect$$$$00000004  mc_w.l(entry5.o)
    0x080001b4   0x080001b4   0x00000000   Code   RO         1408    .ARM.Collect$$$$00000008  mc_w.l(entry7b.o)
    0x080001b4   0x080001b4   0x00000000   Code   RO         1410    .ARM.Collect$$$$0000000A  mc_w.l(entry8b.o)
    0x080001b4   0x080001b4   0x00000008   Code   RO         1411    .ARM.Collect$$$$0000000B  mc_w.l(entry9a.o)
    0x080001bc   0x080001bc   0x00000000   Code   RO         1413    .ARM.Collect$$$$0000000D  mc_w.l(entry10a.o)
    0x080001bc   0x080001bc   0x00000000   Code   RO         1415    .ARM.Collect$$$$0000000F  mc_w.l(entry11a.o)
    0x080001bc   0x080001bc   0x00000004   Code   RO         1404    .ARM.Collect$$$$00002712  mc_w.l(entry2.o)
    0x080001c0   0x080001c0   0x00000024   Code   RO            4    .text               startup_stm32f429xx.o
    0x080001e4   0x080001e4   0x00000062   Code   RO         1122    .text               mc_w.l(uldiv.o)
    0x08000246   0x08000246   0x0000001a   Code   RO         1385    .text               mc_w.l(atoi.o)
    0x08000260   0x08000260   0x0000014e   Code   RO         1387    .text               mf_w.l(dadd.o)
    0x080003ae   0x080003ae   0x000000e4   Code   RO         1389    .text               mf_w.l(dmul.o)
    0x08000492   0x08000492   0x000000de   Code   RO         1391    .text               mf_w.l(ddiv.o)
    0x08000570   0x08000570   0x00000022   Code   RO         1393    .text               mf_w.l(dflti.o)
    0x08000592   0x08000592   0x0000001a   Code   RO         1395    .text               mf_w.l(dfltui.o)
    0x080005ac   0x080005ac   0x0000003e   Code   RO         1397    .text               mf_w.l(dfixi.o)
    0x080005ea   0x080005ea   0x00000026   Code   RO         1399    .text               mf_w.l(f2d.o)
    0x08000610   0x08000610   0x00000038   Code   RO         1401    .text               mf_w.l(d2f.o)
    0x08000648   0x08000648   0x0000002c   Code   RO         1431    .text               mc_w.l(uidiv.o)
    0x08000674   0x08000674   0x0000001e   Code   RO         1433    .text               mc_w.l(llshl.o)
    0x08000692   0x08000692   0x00000020   Code   RO         1435    .text               mc_w.l(llushr.o)
    0x080006b2   0x080006b2   0x00000024   Code   RO         1437    .text               mc_w.l(llsshr.o)
    0x080006d6   0x080006d6   0x00000070   Code   RO         1446    .text               mc_w.l(strtol.o)
    0x08000746   0x08000746   0x00000000   Code   RO         1448    .text               mc_w.l(iusefp.o)
    0x08000746   0x08000746   0x0000006e   Code   RO         1449    .text               mf_w.l(fepilogue.o)
    0x080007b4   0x080007b4   0x000000ba   Code   RO         1451    .text               mf_w.l(depilogue.o)
    0x0800086e   0x0800086e   0x00000030   Code   RO         1453    .text               mf_w.l(dfixul.o)
    0x0800089e   0x0800089e   0x00000002   PAD
    0x080008a0   0x080008a0   0x00000030   Code   RO         1455    .text               mf_w.l(cdrcmple.o)
    0x080008d0   0x080008d0   0x00000030   Code   RO         1457    .text               mc_w.l(init.o)
    0x08000900   0x08000900   0x00000008   Code   RO         1460    .text               mc_w.l(ctype_o.o)
    0x08000908   0x08000908   0x0000009e   Code   RO         1488    .text               mc_w.l(_strtoul.o)
    0x080009a6   0x080009a6   0x0000001c   Code   RO         1491    .text               mc_w.l(_chval.o)
    0x080009c2   0x080009c2   0x00000002   PAD
    0x080009c4   0x080009c4   0x00000002   Code   RO          166    .text.BusFault_Handler  stm32f4xx_it.o
    0x080009c6   0x080009c6   0x00000002   PAD
    0x080009c8   0x080009c8   0x00000002   Code   RO          172    .text.DebugMon_Handler  stm32f4xx_it.o
    0x080009ca   0x080009ca   0x00000002   PAD
    0x080009cc   0x080009cc   0x00000002   Code   RO           89    .text.Error_Handler  main.o
    0x080009ce   0x080009ce   0x00000002   PAD
    0x080009d0   0x080009d0   0x00000170   Code   RO          254    .text.HAL_ADC_ConfigChannel  stm32f4xx_hal_adc.o
    0x08000b40   0x08000b40   0x00000006   Code   RO          250    .text.HAL_ADC_GetValue  stm32f4xx_hal_adc.o
    0x08000b46   0x08000b46   0x00000002   PAD
    0x08000b48   0x08000b48   0x0000015e   Code   RO          212    .text.HAL_ADC_Init  stm32f4xx_hal_adc.o
    0x08000ca6   0x08000ca6   0x00000002   PAD
    0x08000ca8   0x08000ca8   0x00000066   Code   RO          114    .text.HAL_ADC_MspInit  adc.o
    0x08000d0e   0x08000d0e   0x00000002   PAD
    0x08000d10   0x08000d10   0x000000ca   Code   RO          224    .text.HAL_ADC_PollForConversion  stm32f4xx_hal_adc.o
    0x08000dda   0x08000dda   0x00000002   PAD
    0x08000ddc   0x08000ddc   0x00000140   Code   RO          220    .text.HAL_ADC_Start  stm32f4xx_hal_adc.o
    0x08000f1c   0x08000f1c   0x00000024   Code   RO          481    .text.HAL_DMA_Abort_IT  stm32f4xx_hal_dma.o
    0x08000f40   0x08000f40   0x00000028   Code   RO          638    .text.HAL_Delay     stm32f4xx_hal.o
    0x08000f68   0x08000f68   0x00000058   Code   RO           11    .text.HAL_Delay_us  delay.o
    0x08000fc0   0x08000fc0   0x000001ae   Code   RO          433    .text.HAL_GPIO_Init  stm32f4xx_hal_gpio.o
    0x0800116e   0x0800116e   0x00000002   PAD
    0x08001170   0x08001170   0x0000000a   Code   RO          439    .text.HAL_GPIO_WritePin  stm32f4xx_hal_gpio.o
    0x0800117a   0x0800117a   0x00000002   PAD
    0x0800117c   0x0800117c   0x0000000c   Code   RO          630    .text.HAL_GetTick   stm32f4xx_hal.o
    0x08001188   0x08001188   0x0000001a   Code   RO          628    .text.HAL_IncTick   stm32f4xx_hal.o
    0x080011a2   0x080011a2   0x00000002   PAD
    0x080011a4   0x080011a4   0x00000036   Code   RO          618    .text.HAL_Init      stm32f4xx_hal.o
    0x080011da   0x080011da   0x00000002   PAD
    0x080011dc   0x080011dc   0x00000048   Code   RO          620    .text.HAL_InitTick  stm32f4xx_hal.o
    0x08001224   0x08001224   0x00000038   Code   RO          189    .text.HAL_MspInit   stm32f4xx_hal_msp.o
    0x0800125c   0x0800125c   0x00000022   Code   RO          576    .text.HAL_NVIC_EnableIRQ  stm32f4xx_hal_cortex.o
    0x0800127e   0x0800127e   0x00000002   PAD
    0x08001280   0x08001280   0x00000056   Code   RO          574    .text.HAL_NVIC_SetPriority  stm32f4xx_hal_cortex.o
    0x080012d6   0x080012d6   0x00000002   PAD
    0x080012d8   0x080012d8   0x00000020   Code   RO          572    .text.HAL_NVIC_SetPriorityGrouping  stm32f4xx_hal_cortex.o
    0x080012f8   0x080012f8   0x0000007a   Code   RO          558    .text.HAL_PWREx_EnableOverDrive  stm32f4xx_hal_pwr_ex.o
    0x08001372   0x08001372   0x00000002   PAD
    0x08001374   0x08001374   0x00000164   Code   RO          313    .text.HAL_RCC_ClockConfig  stm32f4xx_hal_rcc.o
    0x080014d8   0x080014d8   0x00000026   Code   RO          325    .text.HAL_RCC_GetPCLK1Freq  stm32f4xx_hal_rcc.o
    0x080014fe   0x080014fe   0x00000002   PAD
    0x08001500   0x08001500   0x00000026   Code   RO          327    .text.HAL_RCC_GetPCLK2Freq  stm32f4xx_hal_rcc.o
    0x08001526   0x08001526   0x00000002   PAD
    0x08001528   0x08001528   0x0000006a   Code   RO          315    .text.HAL_RCC_GetSysClockFreq  stm32f4xx_hal_rcc.o
    0x08001592   0x08001592   0x00000002   PAD
    0x08001594   0x08001594   0x0000039c   Code   RO          311    .text.HAL_RCC_OscConfig  stm32f4xx_hal_rcc.o
    0x08001930   0x08001930   0x0000002c   Code   RO          584    .text.HAL_SYSTICK_Config  stm32f4xx_hal_cortex.o
    0x0800195c   0x0800195c   0x000000ba   Code   RO          992    .text.HAL_TIMEx_MasterConfigSynchronization  stm32f4xx_hal_tim_ex.o
    0x08001a16   0x08001a16   0x00000002   PAD
    0x08001a18   0x08001a18   0x00000036   Code   RO          712    .text.HAL_TIM_Base_Init  stm32f4xx_hal_tim.o
    0x08001a4e   0x08001a4e   0x00000002   PAD
    0x08001a50   0x08001a50   0x00000034   Code   RO          129    .text.HAL_TIM_Base_MspInit  tim.o
    0x08001a84   0x08001a84   0x00000026   Code   RO          722    .text.HAL_TIM_Base_Start  stm32f4xx_hal_tim.o
    0x08001aaa   0x08001aaa   0x00000002   PAD
    0x08001aac   0x08001aac   0x0000003c   Code   RO          724    .text.HAL_TIM_Base_Stop  stm32f4xx_hal_tim.o
    0x08001ae8   0x08001ae8   0x00000002   Code   RO         1088    .text.HAL_UART_ErrorCallback  stm32f4xx_hal_uart.o
    0x08001aea   0x08001aea   0x00000002   PAD
    0x08001aec   0x08001aec   0x0000026e   Code   RO         1084    .text.HAL_UART_IRQHandler  stm32f4xx_hal_uart.o
    0x08001d5a   0x08001d5a   0x00000002   PAD
    0x08001d5c   0x08001d5c   0x0000005e   Code   RO         1014    .text.HAL_UART_Init  stm32f4xx_hal_uart.o
    0x08001dba   0x08001dba   0x00000002   PAD
    0x08001dbc   0x08001dbc   0x000000ca   Code   RO          146    .text.HAL_UART_MspInit  usart.o
    0x08001e86   0x08001e86   0x00000002   PAD
    0x08001e88   0x08001e88   0x00000054   Code   RO         1036    .text.HAL_UART_Receive_IT  stm32f4xx_hal_uart.o
    0x08001edc   0x08001edc   0x00000004   PAD
    0x08001ee0   0x08001ee0   0x000000c0   Code   RO           81    .text.HAL_UART_RxCpltCallback  main.o
    0x08001fa0   0x08001fa0   0x00000192   Code   RO         1030    .text.HAL_UART_Transmit  stm32f4xx_hal_uart.o
    0x08002132   0x08002132   0x00000002   PAD
    0x08002134   0x08002134   0x00000002   Code   RO         1090    .text.HAL_UART_TxCpltCallback  stm32f4xx_hal_uart.o
    0x08002136   0x08002136   0x00000002   PAD
    0x08002138   0x08002138   0x00000002   Code   RO          162    .text.HardFault_Handler  stm32f4xx_it.o
    0x0800213a   0x0800213a   0x00000002   PAD
    0x0800213c   0x0800213c   0x00000042   Code   RO           23    .text.IIC_Init      i2c_hal.o
    0x0800217e   0x0800217e   0x00000002   PAD
    0x08002180   0x08002180   0x00000050   Code   RO           33    .text.IIC_Start     i2c_hal.o
    0x080021d0   0x080021d0   0x00000056   Code   RO           35    .text.IIC_Stop      i2c_hal.o
    0x08002226   0x08002226   0x00000002   PAD
    0x08002228   0x08002228   0x00000048   Code   RO           37    .text.IIC_WaitAck   i2c_hal.o
    0x08002270   0x08002270   0x00000190   Code   RO           41    .text.IIC_WriteByte  i2c_hal.o
    0x08002400   0x08002400   0x0000006c   Code   RO          112    .text.MX_ADC3_Init  adc.o
    0x0800246c   0x0800246c   0x0000008a   Code   RO          102    .text.MX_GPIO_Init  gpio.o
    0x080024f6   0x080024f6   0x00000002   PAD
    0x080024f8   0x080024f8   0x00000050   Code   RO          127    .text.MX_TIM7_Init  tim.o
    0x08002548   0x08002548   0x0000003c   Code   RO          142    .text.MX_USART1_UART_Init  usart.o
    0x08002584   0x08002584   0x0000003c   Code   RO          144    .text.MX_USART2_UART_Init  usart.o
    0x080025c0   0x080025c0   0x00000002   Code   RO          164    .text.MemManage_Handler  stm32f4xx_it.o
    0x080025c2   0x080025c2   0x00000002   PAD
    0x080025c4   0x080025c4   0x00000002   Code   RO          160    .text.NMI_Handler   stm32f4xx_it.o
    0x080025c6   0x080025c6   0x00000002   PAD
    0x080025c8   0x080025c8   0x000000b8   Code   RO           65    .text.OLED_Clear    oled.o
    0x08002680   0x08002680   0x00000408   Code   RO           57    .text.OLED_Init     oled.o
    0x08002a88   0x08002a88   0x00000086   Code   RO           59    .text.OLED_SetPos   oled.o
    0x08002b0e   0x08002b0e   0x00000002   PAD
    0x08002b10   0x08002b10   0x000003ac   Code   RO           67    .text.OLED_ShowChar  oled.o
    0x08002ebc   0x08002ebc   0x00000038   Code   RO           69    .text.OLED_ShowString  oled.o
    0x08002ef4   0x08002ef4   0x00000002   Code   RO          174    .text.PendSV_Handler  stm32f4xx_it.o
    0x08002ef6   0x08002ef6   0x00000002   PAD
    0x08002ef8   0x08002ef8   0x00000002   Code   RO          170    .text.SVC_Handler   stm32f4xx_it.o
    0x08002efa   0x08002efa   0x00000002   PAD
    0x08002efc   0x08002efc   0x00000004   Code   RO          176    .text.SysTick_Handler  stm32f4xx_it.o
    0x08002f00   0x08002f00   0x0000001a   Code   RO          197    .text.SystemInit    system_stm32f4xx.o
    0x08002f1a   0x08002f1a   0x00000002   PAD
    0x08002f1c   0x08002f1c   0x0000013c   Code   RO          716    .text.TIM_Base_SetConfig  stm32f4xx_hal_tim.o
    0x08003058   0x08003058   0x0000000c   Code   RO         1086    .text.UART_DMAAbortOnError  stm32f4xx_hal_uart.o
    0x08003064   0x08003064   0x0000010a   Code   RO         1018    .text.UART_SetConfig  stm32f4xx_hal_uart.o
    0x0800316e   0x0800316e   0x00000002   PAD
    0x08003170   0x08003170   0x0000000c   Code   RO          178    .text.USART1_IRQHandler  stm32f4xx_it.o
    0x0800317c   0x0800317c   0x0000000c   Code   RO          180    .text.USART2_IRQHandler  stm32f4xx_it.o
    0x08003188   0x08003188   0x00000002   Code   RO          168    .text.UsageFault_Handler  stm32f4xx_it.o
    0x0800318a   0x0800318a   0x00000006   PAD
    0x08003190   0x08003190   0x000002a4   Code   RO           85    .text.main          main.o
    0x08003434   0x08003434   0x00000034   Code   RO         1358    i.__0snprintf       mc_w.l(printfa.o)
    0x08003468   0x08003468   0x00000008   Code   RO         1439    i.__aeabi_errno_addr  mc_w.l(errno.o)
    0x08003470   0x08003470   0x0000000e   Code   RO         1495    i.__scatterload_copy  mc_w.l(handlers.o)
    0x0800347e   0x0800347e   0x00000002   Code   RO         1496    i.__scatterload_null  mc_w.l(handlers.o)
    0x08003480   0x08003480   0x0000000e   Code   RO         1497    i.__scatterload_zeroinit  mc_w.l(handlers.o)
    0x0800348e   0x0800348e   0x00000002   PAD
    0x08003490   0x08003490   0x00000184   Code   RO         1364    i._fp_digits        mc_w.l(printfa.o)
    0x08003614   0x08003614   0x000006dc   Code   RO         1365    i._printf_core      mc_w.l(printfa.o)
    0x08003cf0   0x08003cf0   0x00000024   Code   RO         1366    i._printf_post_padding  mc_w.l(printfa.o)
    0x08003d14   0x08003d14   0x0000002e   Code   RO         1367    i._printf_pre_padding  mc_w.l(printfa.o)
    0x08003d42   0x08003d42   0x00000016   Code   RO         1368    i._snputc           mc_w.l(printfa.o)
    0x08003d58   0x08003d58   0x00000081   Data   RO         1461    .constdata          mc_w.l(ctype_o.o)
    0x08003dd9   0x08003dd9   0x00000003   PAD
    0x08003ddc   0x08003ddc   0x00000004   Data   RO         1462    .constdata          mc_w.l(ctype_o.o)
    0x08003de0   0x08003de0   0x00000010   Data   RO          202    .rodata.AHBPrescTable  system_stm32f4xx.o
    0x08003df0   0x08003df0   0x00000008   Data   RO          203    .rodata.APBPrescTable  system_stm32f4xx.o
    0x08003df8   0x08003df8   0x00000228   Data   RO           71    .rodata.F6X8        oled.o
    0x08004020   0x08004020   0x000005f0   Data   RO           72    .rodata.F8X16       oled.o
    0x08004610   0x08004610   0x00000020   Data   RO         1494    Region$$Table       anon$$obj.o


    Execution Region RW_IRAM2 (Exec base: 0x10000000, Load base: 0x08004648, Size: 0x00000000, Max: 0x00010000, ABSOLUTE)

    **** No section assigned to this execution region ****


    Execution Region RW_IRAM1 (Exec base: 0x20000000, Load base: 0x08004630, Size: 0x00000530, Max: 0x00030000, ABSOLUTE)

    Exec Addr    Load Addr    Size         Type   Attr      Idx    E Section Name        Object

    0x20000000   0x08004630   0x00000004   Data   RW         1442    .data               mc_w.l(errno.o)
    0x20000004   0x08004634   0x00000008   Data   RW          677    .data..L_MergedGlobals  stm32f4xx_hal.o
    0x2000000c   0x0800463c   0x00000004   Data   RW          201    .data.SystemCoreClock  system_stm32f4xx.o
    0x20000010   0x08004640   0x00000004   Data   RW           91    .data.threshold     main.o
    0x20000014   0x08004644   0x00000004   PAD
    0x20000018        -       0x00000008   Zero   RW           93    .bss..L_MergedGlobals  main.o
    0x20000020        -       0x00000048   Zero   RW          118    .bss.hadc3          adc.o
    0x20000068        -       0x00000040   Zero   RW          133    .bss.htim7          tim.o
    0x200000a8        -       0x00000040   Zero   RW          150    .bss.huart1         usart.o
    0x200000e8        -       0x00000040   Zero   RW          151    .bss.huart2         usart.o
    0x20000128        -       0x00000004   Zero   RW          676    .bss.uwTick         stm32f4xx_hal.o
    0x2000012c   0x08004644   0x00000004   PAD
    0x20000130        -       0x00000400   Zero   RW            1    STACK               startup_stm32f429xx.o


==============================================================================

Image component sizes


      Code (inc. data)   RO Data    RW Data    ZI Data      Debug   Object Name

       210          0          0          0         72       5311   adc.o
        88          0          0          0          0       4097   delay.o
       138          0          0          0          0       2348   gpio.o
       704          0          0          0          0       6447   i2c_hal.o
       870        100          0          4          8       8136   main.o
      2346          0       2072          0          0       5118   oled.o
        36          8        428          0       1024        848   startup_stm32f429xx.o
       204          0          0          8          4       7711   stm32f4xx_hal.o
      1246          0          0          0          0      11688   stm32f4xx_hal_adc.o
       196          0          0          0          0      10638   stm32f4xx_hal_cortex.o
        36          0          0          0          0      10712   stm32f4xx_hal_dma.o
       440          0          0          0          0       5357   stm32f4xx_hal_gpio.o
        56          0          0          0          0       1502   stm32f4xx_hal_msp.o
       122          0          0          0          0       4605   stm32f4xx_hal_pwr_ex.o
      1462          0          0          0          0       7428   stm32f4xx_hal_rcc.o
       468          0          0          0          0      49008   stm32f4xx_hal_tim.o
       186          0          0          0          0      17266   stm32f4xx_hal_tim_ex.o
      1484          0          0          0          0      19340   stm32f4xx_hal_uart.o
        44          0          0          0          0       3969   stm32f4xx_it.o
        26          0         24          4          0       2693   system_stm32f4xx.o
       132          0          0          0         64       4668   tim.o
       322          0          0          0        128       7501   usart.o

    ----------------------------------------------------------------------
     10900        108       2556         16       1308     196391   Object Totals
         0          0         32          0          0          0   (incl. Generated)
        84          0          0          0          8          0   (incl. Padding)

    ----------------------------------------------------------------------

      Code (inc. data)   RO Data    RW Data    ZI Data      Debug   Library Member Name

        28          0          0          0          0         68   _chval.o
       158          0          0          0          0         92   _strtoul.o
        26          0          0          0          0         80   atoi.o
         8          4        133          0          0         68   ctype_o.o
         0          0          0          0          0          0   entry.o
         0          0          0          0          0          0   entry10a.o
         0          0          0          0          0          0   entry11a.o
         8          4          0          0          0          0   entry2.o
         4          0          0          0          0          0   entry5.o
         0          0          0          0          0          0   entry7b.o
         0          0          0          0          0          0   entry8b.o
         8          4          0          0          0          0   entry9a.o
         8          4          0          4          0         68   errno.o
        30          0          0          0          0          0   handlers.o
        48         10          0          0          0         68   init.o
         0          0          0          0          0          0   iusefp.o
        30          0          0          0          0         68   llshl.o
        36          0          0          0          0         68   llsshr.o
        32          0          0          0          0         68   llushr.o
      2300         84          0          0          0        524   printfa.o
       112          0          0          0          0         88   strtol.o
        44          0          0          0          0         80   uidiv.o
        98          0          0          0          0         92   uldiv.o
        48          0          0          0          0         68   cdrcmple.o
        56          0          0          0          0         88   d2f.o
       334          0          0          0          0        148   dadd.o
       222          0          0          0          0        100   ddiv.o
       186          0          0          0          0        176   depilogue.o
        62          0          0          0          0         80   dfixi.o
        48          0          0          0          0         68   dfixul.o
        34          0          0          0          0         76   dflti.o
        26          0          0          0          0         76   dfltui.o
       228          0          0          0          0         96   dmul.o
        38          0          0          0          0         68   f2d.o
       110          0          0          0          0        168   fepilogue.o

    ----------------------------------------------------------------------
      4376        110        136          4          0       2644   Library Totals
         6          0          3          0          0          0   (incl. Padding)

    ----------------------------------------------------------------------

      Code (inc. data)   RO Data    RW Data    ZI Data      Debug   Library Name

      2978        110        133          4          0       1432   mc_w.l
      1392          0          0          0          0       1212   mf_w.l

    ----------------------------------------------------------------------
      4376        110        136          4          0       2644   Library Totals

    ----------------------------------------------------------------------

==============================================================================


      Code (inc. data)   RO Data    RW Data    ZI Data      Debug   

     15276        218       2692         20       1308     197487   Grand Totals
     15276        218       2692         20       1308     197487   ELF Image Totals
     15276        218       2692         20          0          0   ROM Totals

==============================================================================

    Total RO  Size (Code + RO Data)                17968 (  17.55kB)
    Total RW  Size (RW Data + ZI Data)              1328 (   1.30kB)
    Total ROM Size (Code + RO Data + RW Data)      17988 (  17.57kB)

==============================================================================

