<html>
<body>
<pre>
<h1>µVision Build Log</h1>
<h2>Tool Versions:</h2>
IDE-Version: ¦ÌVision V5.31.0.0
Copyright (C) 2020 ARM Ltd and ARM Germany GmbH. All rights reserved.
License Information: bkrc mycomputer, mycomputer, LIC=D0D7S-LHQ3W-9UK4U-S22YC-RQ76Q-6J00F
 
Tool Versions:
Toolchain:       MDK-ARM Plus  Version: 5.31.0.0
Toolchain Path:  D:\keil\ARM\ARMCC\Bin
C Compiler:      Armcc.exe V5.06 update 6 (build 750)
Assembler:       Armasm.exe V5.06 update 6 (build 750)
Linker/Locator:  ArmLink.exe V5.06 update 6 (build 750)
Library Manager: ArmAr.exe V5.06 update 6 (build 750)
Hex Converter:   FromElf.exe V5.06 update 6 (build 750)
CPU DLL:         SARMCM3.DLL V5.31.0.0
Dialog DLL:      DCM.DLL V1.17.3.0
Target DLL:      CMSIS_AGDI.dll V1.32.6.0
Dialog DLL:      TCM.DLL V1.46.0.0
 
<h2>Project:</h2>
C:\Users\12154\Desktop\qianrush\hua\MDK-ARM\hua.uvprojx
Project File Date:  03/21/2024

<h2>Output:</h2>
*** Using Compiler 'V5.06 update 6 (build 750)', folder: 'D:\keil\ARM\ARMCC\Bin'
Rebuild target 'hua'
assembling startup_stm32g431xx.s...
compiling stm32g4xx_ll_adc.c...
compiling stm32g4xx_it.c...
compiling stm32g4xx_hal_flash_ex.c...
compiling stm32g4xx_hal_rcc.c...
compiling stm32g4xx_hal_adc.c...
compiling usart.c...
compiling main.c...
../BSP/BSP_Inc/bsp_test.h(4): warning:  #1295-D: Deprecated declaration lcd_disp - give arg types
  void lcd_disp();
../BSP/BSP_Inc/bsp_test.h(5): warning:  #1295-D: Deprecated declaration key_proc - give arg types
  void key_proc();
../BSP/BSP_Inc/bsp_test.h(6): warning:  #1295-D: Deprecated declaration uart_proc - give arg types
  void uart_proc();
../BSP/BSP_Inc/bsp_test.h(7): warning:  #1295-D: Deprecated declaration store_value - give arg types
  void store_value();
../BSP/BSP_Inc/bsp_test.h(8): warning:  #1295-D: Deprecated declaration led_proc - give arg types
  void led_proc();
../Src/main.c: 5 warnings, 0 errors
compiling stm32g4xx_hal_msp.c...
compiling tim.c...
compiling stm32g4xx_hal.c...
compiling stm32g4xx_hal_flash.c...
compiling gpio.c...
compiling rtc.c...
compiling adc.c...
compiling stm32g4xx_hal_adc_ex.c...
compiling stm32g4xx_hal_rcc_ex.c...
compiling stm32g4xx_hal_flash_ramfunc.c...
compiling stm32g4xx_hal_exti.c...
compiling stm32g4xx_hal_gpio.c...
compiling stm32g4xx_hal_dma.c...
compiling stm32g4xx_hal_cortex.c...
compiling stm32g4xx_hal_pwr_ex.c...
compiling stm32g4xx_hal_dma_ex.c...
compiling stm32g4xx_hal_pwr.c...
compiling stm32g4xx_hal_rtc_ex.c...
compiling system_stm32g4xx.c...
compiling stm32g4xx_hal_uart_ex.c...
compiling bsp_adc.c...
../BSP/BSP_Inc/bsp_adc.h(4): warning:  #1295-D: Deprecated declaration adc_read - give arg types
  float adc_read();
..\BSP\BSP_Src\bsp_adc.c(11): warning:  #1-D: last line of file ends without a newline
  }
..\BSP\BSP_Src\bsp_adc.c: 2 warnings, 0 errors
compiling stm32g4xx_hal_rtc.c...
compiling stm32g4xx_hal_tim_ex.c...
compiling stm32g4xx_hal_tim.c...
compiling bsp_key.c...
../BSP/BSP_Inc/bsp_key.h(4): warning:  #1295-D: Deprecated declaration key_scan - give arg types
  unsigned char key_scan();
..\BSP\BSP_Src\bsp_key.c(16): warning:  #1-D: last line of file ends without a newline
  }
..\BSP\BSP_Src\bsp_key.c(16): warning:  #940-D: missing return statement at end of non-void function "key_scan" 
  }
..\BSP\BSP_Src\bsp_key.c: 3 warnings, 0 errors
compiling bsp_led.c...
compiling stm32g4xx_hal_uart.c...
compiling bsp_test.c...
../BSP/BSP_Inc/bsp_test.h(4): warning:  #1295-D: Deprecated declaration lcd_disp - give arg types
  void lcd_disp();
../BSP/BSP_Inc/bsp_test.h(5): warning:  #1295-D: Deprecated declaration key_proc - give arg types
  void key_proc();
../BSP/BSP_Inc/bsp_test.h(6): warning:  #1295-D: Deprecated declaration uart_proc - give arg types
  void uart_proc();
../BSP/BSP_Inc/bsp_test.h(7): warning:  #1295-D: Deprecated declaration store_value - give arg types
  void store_value();
../BSP/BSP_Inc/bsp_test.h(8): warning:  #1295-D: Deprecated declaration led_proc - give arg types
  void led_proc();
../BSP/BSP_Inc/bsp_adc.h(4): warning:  #1295-D: Deprecated declaration adc_read - give arg types
  float adc_read();
../BSP/BSP_Inc/bsp_key.h(4): warning:  #1295-D: Deprecated declaration key_scan - give arg types
  unsigned char key_scan();
..\BSP\BSP_Src\bsp_test.c: 7 warnings, 0 errors
compiling bsp_uart.c...
compiling bsp_time.c...
../BSP/BSP_Inc/bsp_test.h(4): warning:  #1295-D: Deprecated declaration lcd_disp - give arg types
  void lcd_disp();
../BSP/BSP_Inc/bsp_test.h(5): warning:  #1295-D: Deprecated declaration key_proc - give arg types
  void key_proc();
../BSP/BSP_Inc/bsp_test.h(6): warning:  #1295-D: Deprecated declaration uart_proc - give arg types
  void uart_proc();
../BSP/BSP_Inc/bsp_test.h(7): warning:  #1295-D: Deprecated declaration store_value - give arg types
  void store_value();
../BSP/BSP_Inc/bsp_test.h(8): warning:  #1295-D: Deprecated declaration led_proc - give arg types
  void led_proc();
..\BSP\BSP_Src\bsp_time.c(55): warning:  #1-D: last line of file ends without a newline
  }
..\BSP\BSP_Src\bsp_time.c: 6 warnings, 0 errors
compiling lcd.c...
compiling i2c_hal.c...
linking...
Program Size: Code=29266 RO-data=5322 RW-data=104 ZI-data=2240  
FromELF: creating hex file...
"hua\hua.axf" - 0 Error(s), 23 Warning(s).

<h2>Software Packages used:</h2>

Package Vendor: ARM
                http://www.keil.com/pack/ARM.CMSIS.5.7.0.pack
                ARM.CMSIS.5.7.0
                CMSIS (Cortex Microcontroller Software Interface Standard)
   * Component: CORE Version: 5.4.0

Package Vendor: Keil
                http://www.keil.com/pack/Keil.STM32G4xx_DFP.1.4.0.pack
                Keil.STM32G4xx_DFP.1.4.0
                STMicroelectronics STM32G4 Series Device Support, Drivers and Examples

<h2>Collection of Component include folders:</h2>
  .\RTE\_hua
  D:\keil\ARM\PACK\ARM\CMSIS\5.7.0\CMSIS\Core\Include
  D:\keil\ARM\PACK\Keil\STM32G4xx_DFP\1.4.0\Drivers\CMSIS\Device\ST\STM32G4xx\Include

<h2>Collection of Component Files used:</h2>

   * Component: ARM::CMSIS:CORE:5.4.0
      Include file:  CMSIS\Core\Include\tz_context.h
Build Time Elapsed:  00:00:19
</pre>
</body>
</html>
