<html>
<body>
<pre>
<h1>礦ision Build Log</h1>
<h2>Tool Versions:</h2>
IDE-Version: μVision V5.38.0.0
Copyright (C) 2022 ARM Ltd and ARM Germany GmbH. All rights reserved.
License Information: Zhao Jerry, Zhao, LIC=RC93N-YDTKE-DY4V3-AMI4T-6LJ2X-UECUB
 
Tool Versions:
Toolchain:       MDK-ARM Plus  Version: 5.38.0.0
Toolchain Path:  C:\Keil_v5\ARM\ARM_Compiler_5.06u7\Bin
C Compiler:      Armcc.exe V5.06 update 7 (build 960)
Assembler:       Armasm.exe V5.06 update 7 (build 960)
Linker/Locator:  ArmLink.exe V5.06 update 7 (build 960)
Library Manager: ArmAr.exe V5.06 update 7 (build 960)
Hex Converter:   FromElf.exe V5.06 update 7 (build 960)
CPU DLL:         SARMCM3.DLL V5.38.0.0
Dialog DLL:      DCM.DLL V1.17.5.0
Target DLL:      CMSIS_AGDI.dll V1.33.15.0
Dialog DLL:      TCM.DLL V1.56.4.0
 
<h2>Project:</h2>
D:\File\Desktop\00-蓝桥杯-嵌入式赛道\EmbSTM32G431_Prj_V32\MDK-ARM\Pro_EmbSTM32G431_Prj.uvprojx
Project File Date:  04/09/2024

<h2>Output:</h2>
*** Using Compiler 'V5.06 update 7 (build 960)', folder: 'C:\Keil_v5\ARM\ARM_Compiler_5.06u7\Bin'
Build target 'Pro_EmbSTM32G431_Prj'
assembling startup_stm32g431xx.s...
compiling stm32g4xx_ll_adc.c...
compiling tim.c...
compiling adc.c...
compiling stm32g4xx_it.c...
compiling stm32g4xx_hal.c...
compiling main.c...
compiling usart.c...
compiling stm32g4xx_hal_adc.c...
compiling stm32g4xx_hal_msp.c...
compiling gpio.c...
compiling stm32g4xx_hal_adc_ex.c...
compiling dac.c...
compiling dma.c...
compiling stm32g4xx_hal_flash_ex.c...
compiling stm32g4xx_hal_exti.c...
compiling stm32g4xx_hal_flash.c...
compiling stm32g4xx_hal_rcc_ex.c...
compiling stm32g4xx_hal_dma_ex.c...
compiling stm32g4xx_hal_pwr_ex.c...
compiling stm32g4xx_hal_flash_ramfunc.c...
compiling stm32g4xx_hal_cortex.c...
compiling stm32g4xx_hal_pwr.c...
compiling stm32g4xx_hal_gpio.c...
compiling stm32g4xx_hal_rcc.c...
compiling stm32g4xx_hal_dma.c...
compiling system_stm32g4xx.c...
compiling Bsp_LED.c...
compiling stm32g4xx_hal_dac.c...
compiling stm32g4xx_hal_uart_ex.c...
compiling lcd.c...
compiling stm32g4xx_hal_tim_ex.c...
compiling Bsp_Button.c...
compiling Bsp_Usart.c...
compiling Bsp_Test.c...
compiling stm32g4xx_hal_uart.c...
compiling stm32g4xx_hal_dac_ex.c...
compiling stm32g4xx_hal_tim.c...
compiling Bsp_24C02.c...
compiling i2c - hal.c...
compiling Bsp_MCP4017.c...
compiling Bsp_AD.c...
compiling Bsp_DAC.c...
compiling Bsp_tim.c...
linking...
Program Size: Code=31142 RO-data=5306 RW-data=112 ZI-data=2752  
FromELF: creating hex file...
"Pro_EmbSTM32G431_Prj\Pro_EmbSTM32G431_Prj.axf" - 0 Error(s), 0 Warning(s).

<h2>Software Packages used:</h2>

Package Vendor: ARM
                http://www.keil.com/pack/ARM.CMSIS.5.9.0.pack
                ARM.CMSIS.5.9.0
                CMSIS (Common Microcontroller Software Interface Standard)
   * Component: CORE Version: 5.6.0

Package Vendor: Keil
                https://www.keil.com/pack/Keil.STM32G4xx_DFP.1.5.0.pack
                Keil.STM32G4xx_DFP.1.5.0
                STMicroelectronics STM32G4 Series Device Support, Drivers and Examples

<h2>Collection of Component include folders:</h2>
  ./RTE/_Pro_EmbSTM32G431_Prj
  C:/Users/Jerry Zhao/AppData/Local/Arm/Packs/ARM/CMSIS/5.9.0/CMSIS/Core/Include
  C:/Users/Jerry Zhao/AppData/Local/Arm/Packs/Keil/STM32G4xx_DFP/1.5.0/Drivers/CMSIS/Device/ST/STM32G4xx/Include

<h2>Collection of Component Files used:</h2>

   * Component: ARM::CMSIS:CORE:5.6.0
      Include file:  CMSIS/Core/Include/tz_context.h
Build Time Elapsed:  00:00:21
</pre>
</body>
</html>
