Component: ARM Compiler 5.06 update 7 (build 960) Tool: armlink [4d3601]

==============================================================================

Section Cross References

    startup_stm32g431xx.o(STACK) refers (Special) to heapauxi.o(.text) for __use_two_region_memory
    startup_stm32g431xx.o(HEAP) refers (Special) to heapauxi.o(.text) for __use_two_region_memory
    startup_stm32g431xx.o(RESET) refers (Special) to heapauxi.o(.text) for __use_two_region_memory
    startup_stm32g431xx.o(RESET) refers to startup_stm32g431xx.o(STACK) for __initial_sp
    startup_stm32g431xx.o(RESET) refers to startup_stm32g431xx.o(.text) for Reset_Handler
    startup_stm32g431xx.o(RESET) refers to stm32g4xx_it.o(i.NMI_Handler) for NMI_Handler
    startup_stm32g431xx.o(RESET) refers to stm32g4xx_it.o(i.HardFault_Handler) for HardFault_Handler
    startup_stm32g431xx.o(RESET) refers to stm32g4xx_it.o(i.MemManage_Handler) for MemManage_Handler
    startup_stm32g431xx.o(RESET) refers to stm32g4xx_it.o(i.BusFault_Handler) for BusFault_Handler
    startup_stm32g431xx.o(RESET) refers to stm32g4xx_it.o(i.UsageFault_Handler) for UsageFault_Handler
    startup_stm32g431xx.o(RESET) refers to stm32g4xx_it.o(i.SVC_Handler) for SVC_Handler
    startup_stm32g431xx.o(RESET) refers to stm32g4xx_it.o(i.DebugMon_Handler) for DebugMon_Handler
    startup_stm32g431xx.o(RESET) refers to stm32g4xx_it.o(i.PendSV_Handler) for PendSV_Handler
    startup_stm32g431xx.o(RESET) refers to stm32g4xx_it.o(i.SysTick_Handler) for SysTick_Handler
    startup_stm32g431xx.o(RESET) refers to stm32g4xx_it.o(i.DMA1_Channel1_IRQHandler) for DMA1_Channel1_IRQHandler
    startup_stm32g431xx.o(RESET) refers to stm32g4xx_it.o(i.DMA1_Channel2_IRQHandler) for DMA1_Channel2_IRQHandler
    startup_stm32g431xx.o(RESET) refers to stm32g4xx_it.o(i.TIM2_IRQHandler) for TIM2_IRQHandler
    startup_stm32g431xx.o(RESET) refers to stm32g4xx_it.o(i.TIM3_IRQHandler) for TIM3_IRQHandler
    startup_stm32g431xx.o(RESET) refers to stm32g4xx_it.o(i.TIM4_IRQHandler) for TIM4_IRQHandler
    startup_stm32g431xx.o(RESET) refers to stm32g4xx_it.o(i.USART1_IRQHandler) for USART1_IRQHandler
    startup_stm32g431xx.o(RESET) refers to stm32g4xx_it.o(i.TIM6_DAC_IRQHandler) for TIM6_DAC_IRQHandler
    startup_stm32g431xx.o(.text) refers (Special) to heapauxi.o(.text) for __use_two_region_memory
    startup_stm32g431xx.o(.text) refers to system_stm32g4xx.o(i.SystemInit) for SystemInit
    startup_stm32g431xx.o(.text) refers to __main.o(!!!main) for __main
    startup_stm32g431xx.o(.text) refers to startup_stm32g431xx.o(HEAP) for Heap_Mem
    startup_stm32g431xx.o(.text) refers to startup_stm32g431xx.o(STACK) for Stack_Mem
    main.o(i.SystemClock_Config) refers to rt_memclr_w.o(.text) for __aeabi_memclr4
    main.o(i.SystemClock_Config) refers to stm32g4xx_hal_pwr_ex.o(i.HAL_PWREx_ControlVoltageScaling) for HAL_PWREx_ControlVoltageScaling
    main.o(i.SystemClock_Config) refers to stm32g4xx_hal_rcc.o(i.HAL_RCC_OscConfig) for HAL_RCC_OscConfig
    main.o(i.SystemClock_Config) refers to stm32g4xx_hal_rcc.o(i.HAL_RCC_ClockConfig) for HAL_RCC_ClockConfig
    main.o(i.main) refers to stm32g4xx_hal.o(i.HAL_Init) for HAL_Init
    main.o(i.main) refers to main.o(i.SystemClock_Config) for SystemClock_Config
    main.o(i.main) refers to gpio.o(i.MX_GPIO_Init) for MX_GPIO_Init
    main.o(i.main) refers to dma.o(i.MX_DMA_Init) for MX_DMA_Init
    main.o(i.main) refers to usart.o(i.MX_USART1_UART_Init) for MX_USART1_UART_Init
    main.o(i.main) refers to adc.o(i.MX_ADC1_Init) for MX_ADC1_Init
    main.o(i.main) refers to adc.o(i.MX_ADC2_Init) for MX_ADC2_Init
    main.o(i.main) refers to tim.o(i.MX_TIM6_Init) for MX_TIM6_Init
    main.o(i.main) refers to tim.o(i.MX_TIM2_Init) for MX_TIM2_Init
    main.o(i.main) refers to tim.o(i.MX_TIM3_Init) for MX_TIM3_Init
    main.o(i.main) refers to tim.o(i.MX_TIM4_Init) for MX_TIM4_Init
    main.o(i.main) refers to tim.o(i.MX_TIM15_Init) for MX_TIM15_Init
    main.o(i.main) refers to dac.o(i.MX_DAC1_Init) for MX_DAC1_Init
    main.o(i.main) refers to bsp_led.o(i.LED_Control) for LED_Control
    main.o(i.main) refers to lcd.o(i.LCD_Init) for LCD_Init
    main.o(i.main) refers to bsp_test.o(i.LCD_TestTask) for LCD_TestTask
    main.o(i.main) refers to noretval__2sprintf.o(.text) for __2sprintf
    main.o(i.main) refers to strlen.o(.text) for strlen
    main.o(i.main) refers to bsp_usart.o(i.Uart1_Send) for Uart1_Send
    main.o(i.main) refers to i2c - hal.o(i.I2CInit) for I2CInit
    main.o(i.main) refers to bsp_test.o(i.IIC_Test_24C02) for IIC_Test_24C02
    main.o(i.main) refers to bsp_test.o(i.IIC_Test_MCP4017) for IIC_Test_MCP4017
    main.o(i.main) refers to bsp_ad.o(i.Bsp_AD_Init) for Bsp_AD_Init
    main.o(i.main) refers to stm32g4xx_hal_tim.o(i.HAL_TIM_Base_Start_IT) for HAL_TIM_Base_Start_IT
    main.o(i.main) refers to stm32g4xx_hal_tim.o(i.HAL_TIM_IC_Start_IT) for HAL_TIM_IC_Start_IT
[...]
    __rt_lib_init_argv_1                     0x08000273   Thumb Code     0  libinit2.o(.ARM.Collect$$libinit$$0000002C)
    __rt_lib_init_atexit_1                   0x08000273   Thumb Code     0  libinit2.o(.ARM.Collect$$libinit$$0000001B)
    __rt_lib_init_clock_1                    0x08000273   Thumb Code     0  libinit2.o(.ARM.Collect$$libinit$$00000021)
    __rt_lib_init_cpp_1                      0x08000273   Thumb Code     0  libinit2.o(.ARM.Collect$$libinit$$00000032)
    __rt_lib_init_exceptions_1               0x08000273   Thumb Code     0  libinit2.o(.ARM.Collect$$libinit$$00000030)
    __rt_lib_init_fp_trap_1                  0x08000273   Thumb Code     0  libinit2.o(.ARM.Collect$$libinit$$0000001F)
    __rt_lib_init_getenv_1                   0x08000273   Thumb Code     0  libinit2.o(.ARM.Collect$$libinit$$00000023)
    __rt_lib_init_lc_numeric_1               0x08000273   Thumb Code     0  libinit2.o(.ARM.Collect$$libinit$$00000017)
    __rt_lib_init_lc_time_1                  0x08000273   Thumb Code     0  libinit2.o(.ARM.Collect$$libinit$$00000019)
    __rt_lib_init_return                     0x08000273   Thumb Code     0  libinit2.o(.ARM.Collect$$libinit$$00000033)
    __rt_lib_init_signal_1                   0x08000273   Thumb Code     0  libinit2.o(.ARM.Collect$$libinit$$0000001D)
    __rt_lib_init_stdio_1                    0x08000273   Thumb Code     0  libinit2.o(.ARM.Collect$$libinit$$00000025)
    __rt_lib_shutdown                        0x08000275   Thumb Code     0  libshutdown.o(.ARM.Collect$$libshutdown$$00000000)
    __rt_lib_shutdown_cpp_1                  0x08000277   Thumb Code     0  libshutdown2.o(.ARM.Collect$$libshutdown$$00000004)
    __rt_lib_shutdown_fini_1                 0x08000277   Thumb Code     0  libshutdown2.o(.ARM.Collect$$libshutdown$$00000002)
    __rt_lib_shutdown_fp_trap_1              0x08000277   Thumb Code     0  libshutdown2.o(.ARM.Collect$$libshutdown$$00000009)
    __rt_lib_shutdown_heap_1                 0x08000277   Thumb Code     0  libshutdown2.o(.ARM.Collect$$libshutdown$$00000011)
    __rt_lib_shutdown_return                 0x08000277   Thumb Code     0  libshutdown2.o(.ARM.Collect$$libshutdown$$00000012)
    __rt_lib_shutdown_signal_1               0x08000277   Thumb Code     0  libshutdown2.o(.ARM.Collect$$libshutdown$$0000000C)
    __rt_lib_shutdown_stdio_1                0x08000277   Thumb Code     0  libshutdown2.o(.ARM.Collect$$libshutdown$$00000006)
    __rt_lib_shutdown_user_alloc_1           0x08000277   Thumb Code     0  libshutdown2.o(.ARM.Collect$$libshutdown$$0000000E)
    __rt_entry                               0x08000279   Thumb Code     0  __rtentry.o(.ARM.Collect$$rtentry$$00000000)
    __rt_entry_presh_1                       0x08000279   Thumb Code     0  __rtentry2.o(.ARM.Collect$$rtentry$$00000002)
    __rt_entry_sh                            0x08000279   Thumb Code     0  __rtentry4.o(.ARM.Collect$$rtentry$$00000004)
    __rt_entry_li                            0x0800027f   Thumb Code     0  __rtentry2.o(.ARM.Collect$$rtentry$$0000000A)
    __rt_entry_postsh_1                      0x0800027f   Thumb Code     0  __rtentry2.o(.ARM.Collect$$rtentry$$00000009)
    __rt_entry_main                          0x08000283   Thumb Code     0  __rtentry2.o(.ARM.Collect$$rtentry$$0000000D)
    __rt_entry_postli_1                      0x08000283   Thumb Code     0  __rtentry2.o(.ARM.Collect$$rtentry$$0000000C)
    __rt_exit                                0x0800028b   Thumb Code     0  rtexit.o(.ARM.Collect$$rtexit$$00000000)
    __rt_exit_ls                             0x0800028d   Thumb Code     0  rtexit2.o(.ARM.Collect$$rtexit$$00000003)
    __rt_exit_prels_1                        0x0800028d   Thumb Code     0  rtexit2.o(.ARM.Collect$$rtexit$$00000002)
    __rt_exit_exit                           0x08000291   Thumb Code     0  rtexit2.o(.ARM.Collect$$rtexit$$00000004)
    Reset_Handler                            0x08000299   Thumb Code     8  startup_stm32g431xx.o(.text)
    ADC1_2_IRQHandler                        0x080002b3   Thumb Code     0  startup_stm32g431xx.o(.text)
    COMP1_2_3_IRQHandler                     0x080002b3   Thumb Code     0  startup_stm32g431xx.o(.text)
    COMP4_IRQHandler                         0x080002b3   Thumb Code     0  startup_stm32g431xx.o(.text)
    CORDIC_IRQHandler                        0x080002b3   Thumb Code     0  startup_stm32g431xx.o(.text)
    CRS_IRQHandler                           0x080002b3   Thumb Code     0  startup_stm32g431xx.o(.text)
    DMA1_Channel3_IRQHandler                 0x080002b3   Thumb Code     0  startup_stm32g431xx.o(.text)
    DMA1_Channel4_IRQHandler                 0x080002b3   Thumb Code     0  startup_stm32g431xx.o(.text)
    DMA1_Channel5_IRQHandler                 0x080002b3   Thumb Code     0  startup_stm32g431xx.o(.text)
    DMA1_Channel6_IRQHandler                 0x080002b3   Thumb Code     0  startup_stm32g431xx.o(.text)
    DMA2_Channel1_IRQHandler                 0x080002b3   Thumb Code     0  startup_stm32g431xx.o(.text)
    DMA2_Channel2_IRQHandler                 0x080002b3   Thumb Code     0  startup_stm32g431xx.o(.text)
    DMA2_Channel3_IRQHandler                 0x080002b3   Thumb Code     0  startup_stm32g431xx.o(.text)
    DMA2_Channel4_IRQHandler                 0x080002b3   Thumb Code     0  startup_stm32g431xx.o(.text)
    DMA2_Channel5_IRQHandler                 0x080002b3   Thumb Code     0  startup_stm32g431xx.o(.text)
    DMA2_Channel6_IRQHandler                 0x080002b3   Thumb Code     0  startup_stm32g431xx.o(.text)
    DMAMUX_OVR_IRQHandler                    0x080002b3   Thumb Code     0  startup_stm32g431xx.o(.text)
    EXTI0_IRQHandler                         0x080002b3   Thumb Code     0  startup_stm32g431xx.o(.text)
    EXTI15_10_IRQHandler                     0x080002b3   Thumb Code     0  startup_stm32g431xx.o(.text)
    EXTI1_IRQHandler                         0x080002b3   Thumb Code     0  startup_stm32g431xx.o(.text)
    EXTI2_IRQHandler                         0x080002b3   Thumb Code     0  startup_stm32g431xx.o(.text)
    EXTI3_IRQHandler                         0x080002b3   Thumb Code     0  startup_stm32g431xx.o(.text)
    EXTI4_IRQHandler                         0x080002b3   Thumb Code     0  startup_stm32g431xx.o(.text)
    EXTI9_5_IRQHandler                       0x080002b3   Thumb Code     0  startup_stm32g431xx.o(.text)
    FDCAN1_IT0_IRQHandler                    0x080002b3   Thumb Code     0  startup_stm32g431xx.o(.text)
    FDCAN1_IT1_IRQHandler                    0x080002b3   Thumb Code     0  startup_stm32g431xx.o(.text)
    FLASH_IRQHandler                         0x080002b3   Thumb Code     0  startup_stm32g431xx.o(.text)
    FMAC_IRQHandler                          0x080002b3   Thumb Code     0  startup_stm32g431xx.o(.text)
    FPU_IRQHandler                           0x080002b3   Thumb Code     0  startup_stm32g431xx.o(.text)
    I2C1_ER_IRQHandler                       0x080002b3   Thumb Code     0  startup_stm32g431xx.o(.text)
    I2C1_EV_IRQHandler                       0x080002b3   Thumb Code     0  startup_stm32g431xx.o(.text)
    I2C2_ER_IRQHandler                       0x080002b3   Thumb Code     0  startup_stm32g431xx.o(.text)
    I2C2_EV_IRQHandler                       0x080002b3   Thumb Code     0  startup_stm32g431xx.o(.text)
    I2C3_ER_IRQHandler                       0x080002b3   Thumb Code     0  startup_stm32g431xx.o(.text)
    I2C3_EV_IRQHandler                       0x080002b3   Thumb Code     0  startup_stm32g431xx.o(.text)
    LPTIM1_IRQHandler                        0x080002b3   Thumb Code     0  startup_stm32g431xx.o(.text)
    LPUART1_IRQHandler                       0x080002b3   Thumb Code     0  startup_stm32g431xx.o(.text)
    PVD_PVM_IRQHandler                       0x080002b3   Thumb Code     0  startup_stm32g431xx.o(.text)
    RCC_IRQHandler                           0x080002b3   Thumb Code     0  startup_stm32g431xx.o(.text)
    RNG_IRQHandler                           0x080002b3   Thumb Code     0  startup_stm32g431xx.o(.text)
    RTC_Alarm_IRQHandler                     0x080002b3   Thumb Code     0  startup_stm32g431xx.o(.text)
    RTC_TAMP_LSECSS_IRQHandler               0x080002b3   Thumb Code     0  startup_stm32g431xx.o(.text)
    RTC_WKUP_IRQHandler                      0x080002b3   Thumb Code     0  startup_stm32g431xx.o(.text)
    SAI1_IRQHandler                          0x080002b3   Thumb Code     0  startup_stm32g431xx.o(.text)
    SPI1_IRQHandler                          0x080002b3   Thumb Code     0  startup_stm32g431xx.o(.text)
    SPI2_IRQHandler                          0x080002b3   Thumb Code     0  startup_stm32g431xx.o(.text)
    SPI3_IRQHandler                          0x080002b3   Thumb Code     0  startup_stm32g431xx.o(.text)
    TIM1_BRK_TIM15_IRQHandler                0x080002b3   Thumb Code     0  startup_stm32g431xx.o(.text)
    TIM1_CC_IRQHandler                       0x080002b3   Thumb Code     0  startup_stm32g431xx.o(.text)
    TIM1_TRG_COM_TIM17_IRQHandler            0x080002b3   Thumb Code     0  startup_stm32g431xx.o(.text)
    TIM1_UP_TIM16_IRQHandler                 0x080002b3   Thumb Code     0  startup_stm32g431xx.o(.text)
    TIM7_IRQHandler                          0x080002b3   Thumb Code     0  startup_stm32g431xx.o(.text)
    TIM8_BRK_IRQHandler                      0x080002b3   Thumb Code     0  startup_stm32g431xx.o(.text)
    TIM8_CC_IRQHandler                       0x080002b3   Thumb Code     0  startup_stm32g431xx.o(.text)
    TIM8_TRG_COM_IRQHandler                  0x080002b3   Thumb Code     0  startup_stm32g431xx.o(.text)
    TIM8_UP_IRQHandler                       0x080002b3   Thumb Code     0  startup_stm32g431xx.o(.text)
    UART4_IRQHandler                         0x080002b3   Thumb Code     0  startup_stm32g431xx.o(.text)
    UCPD1_IRQHandler                         0x080002b3   Thumb Code     0  startup_stm32g431xx.o(.text)
    USART2_IRQHandler                        0x080002b3   Thumb Code     0  startup_stm32g431xx.o(.text)
    USART3_IRQHandler                        0x080002b3   Thumb Code     0  startup_stm32g431xx.o(.text)
    USBWakeUp_IRQHandler                     0x080002b3   Thumb Code     0  startup_stm32g431xx.o(.text)
    USB_HP_IRQHandler                        0x080002b3   Thumb Code     0  startup_stm32g431xx.o(.text)
    USB_LP_IRQHandler                        0x080002b3   Thumb Code     0  startup_stm32g431xx.o(.text)
    WWDG_IRQHandler                          0x080002b3   Thumb Code     0  startup_stm32g431xx.o(.text)
    __user_initial_stackheap                 0x080002b5   Thumb Code     0  startup_stm32g431xx.o(.text)
    __aeabi_uldivmod                         0x080002d9   Thumb Code     0  lludivv7m.o(.text)
    _ll_udiv                                 0x080002d9   Thumb Code   238  lludivv7m.o(.text)
    __2sprintf                               0x080003c9   Thumb Code    34  noretval__2sprintf.o(.text)
    _printf_pre_padding                      0x080003f1   Thumb Code    44  _printf_pad.o(.text)
    _printf_post_padding                     0x0800041d   Thumb Code    34  _printf_pad.o(.text)
    _printf_int_dec                          0x08000441   Thumb Code   104  _printf_dec.o(.text)
    __printf                                 0x080004b9   Thumb Code   270  __printf_wp.o(.text)
    strlen                                   0x080005c7   Thumb Code    62  strlen.o(.text)
    __aeabi_memcpy                           0x08000605   Thumb Code     0  rt_memcpy_v6.o(.text)
    __rt_memcpy                              0x08000605   Thumb Code   138  rt_memcpy_v6.o(.text)
    _memcpy_lastbytes                        0x0800066b   Thumb Code     0  rt_memcpy_v6.o(.text)
    __aeabi_memclr4                          0x0800068f   Thumb Code     0  rt_memclr_w.o(.text)
    __aeabi_memclr8                          0x0800068f   Thumb Code     0  rt_memclr_w.o(.text)
    __rt_memclr_w                            0x0800068f   Thumb Code    78  rt_memclr_w.o(.text)
    _memset_w                                0x08000693   Thumb Code     0  rt_memclr_w.o(.text)
    __use_two_region_memory                  0x080006dd   Thumb Code     2  heapauxi.o(.text)
    __rt_heap_escrow$2region                 0x080006df   Thumb Code     2  heapauxi.o(.text)
    __rt_heap_expand$2region                 0x080006e1   Thumb Code     2  heapauxi.o(.text)
    _printf_int_common                       0x080006e3   Thumb Code   178  _printf_intcommon.o(.text)
    __lib_sel_fp_printf                      0x08000795   Thumb Code     2  _printf_fp_dec.o(.text)
    _printf_fp_dec_real                      0x08000947   Thumb Code   620  _printf_fp_dec.o(.text)
    _printf_char_common                      0x08000bbf   Thumb Code    32  _printf_char_common.o(.text)
    _sputc                                   0x08000be5   Thumb Code    10  _sputc.o(.text)
    __aeabi_memcpy4                          0x08000bef   Thumb Code     0  rt_memcpy_w.o(.text)
    __aeabi_memcpy8                          0x08000bef   Thumb Code     0  rt_memcpy_w.o(.text)
    __rt_memcpy_w                            0x08000bef   Thumb Code   100  rt_memcpy_w.o(.text)
    _memcpy_lastbytes_aligned                0x08000c37   Thumb Code     0  rt_memcpy_w.o(.text)
    __rt_locale                              0x08000c55   Thumb Code     8  rt_locale_intlibspace.o(.text)
    _ll_udiv10                               0x08000c5d   Thumb Code   138  lludiv10.o(.text)
    _printf_fp_infnan                        0x08000ce9   Thumb Code   112  _printf_fp_infnan.o(.text)
    _btod_etento                             0x08000d69   Thumb Code   224  bigflt0.o(.text)
    __user_libspace                          0x08000e4d   Thumb Code     8  libspace.o(.text)
    __user_perproc_libspace                  0x08000e4d   Thumb Code     0  libspace.o(.text)
    __user_perthread_libspace                0x08000e4d   Thumb Code     0  libspace.o(.text)
    __user_setup_stackheap                   0x08000e55   Thumb Code    74  sys_stackheap_outer.o(.text)
    exit                                     0x08000e9f   Thumb Code    18  exit.o(.text)
    strcmp                                   0x08000eb1   Thumb Code   128  strcmpv7m.o(.text)
    _sys_exit                                0x08000f31   Thumb Code     8  sys_exit.o(.text)
    __I$use$semihosting                      0x08000f3d   Thumb Code     0  use_no_semi.o(.text)
    __use_no_semihosting_swi                 0x08000f3d   Thumb Code     2  use_no_semi.o(.text)
    __semihosting_library_function           0x08000f3f   Thumb Code     0  indicate_semi.o(.text)
    _btod_d2e                                0x08000f3f   Thumb Code    62  btod.o(CL$$btod_d2e)
    _d2e_denorm_low                          0x08000f7d   Thumb Code    70  btod.o(CL$$btod_d2e_denorm_low)
    _d2e_norm_op1                            0x08000fc3   Thumb Code    96  btod.o(CL$$btod_d2e_norm_op1)
    __btod_div_common                        0x08001023   Thumb Code   696  btod.o(CL$$btod_div_common)
    _e2e                                     0x0800135b   Thumb Code   220  btod.o(CL$$btod_e2e)
    _btod_ediv                               0x08001437   Thumb Code    42  btod.o(CL$$btod_ediv)
    _btod_emul                               0x08001461   Thumb Code    42  btod.o(CL$$btod_emul)
    __btod_mult_common                       0x0800148b   Thumb Code   580  btod.o(CL$$btod_mult_common)
    ADC_DMAConvCplt                          0x080016cf   Thumb Code   104  stm32g4xx_hal_adc.o(i.ADC_DMAConvCplt)
    ADC_DMAError                             0x08001737   Thumb Code    26  stm32g4xx_hal_adc.o(i.ADC_DMAError)
    ADC_DMAHalfConvCplt                      0x08001751   Thumb Code    10  stm32g4xx_hal_adc.o(i.ADC_DMAHalfConvCplt)
    ADC_Enable                               0x0800175d   Thumb Code   110  stm32g4xx_hal_adc.o(i.ADC_Enable)
    AD_Test                                  0x080017d1   Thumb Code   212  bsp_test.o(i.AD_Test)
    Bsp_AD_Init                              0x080018f1   Thumb Code    46  bsp_ad.o(i.Bsp_AD_Init)
    BusFault_Handler                         0x0800192d   Thumb Code     2  stm32g4xx_it.o(i.BusFault_Handler)
    CaptureTim3_Start                        0x08001931   Thumb Code    36  bsp_tim.o(i.CaptureTim3_Start)
    DAC1_CH1_Set_Vol                         0x08001961   Thumb Code    34  bsp_dac.o(i.DAC1_CH1_Set_Vol)
    DA_Display_Test                          0x08001991   Thumb Code    38  bsp_test.o(i.DA_Display_Test)
    DMA1_Channel1_IRQHandler                 0x080019d9   Thumb Code     6  stm32g4xx_it.o(i.DMA1_Channel1_IRQHandler)
    DMA1_Channel2_IRQHandler                 0x080019e5   Thumb Code     6  stm32g4xx_it.o(i.DMA1_Channel2_IRQHandler)
    DebugMon_Handler                         0x08001a93   Thumb Code     2  stm32g4xx_it.o(i.DebugMon_Handler)
    Delay_LCD                                0x08001a95   Thumb Code    28  lcd.o(i.Delay_LCD)
    Error_Handler                            0x08001ab1   Thumb Code     4  main.o(i.Error_Handler)
    HAL_ADCEx_MultiModeConfigChannel         0x08001ab5   Thumb Code   208  stm32g4xx_hal_adc_ex.o(i.HAL_ADCEx_MultiModeConfigChannel)
    HAL_ADC_ConfigChannel                    0x08001b8d   Thumb Code   998  stm32g4xx_hal_adc.o(i.HAL_ADC_ConfigChannel)
    HAL_ADC_ConvCpltCallback                 0x08001fa5   Thumb Code     2  stm32g4xx_hal_adc.o(i.HAL_ADC_ConvCpltCallback)
    HAL_ADC_ConvHalfCpltCallback             0x08001fa7   Thumb Code     2  stm32g4xx_hal_adc.o(i.HAL_ADC_ConvHalfCpltCallback)
    HAL_ADC_ErrorCallback                    0x08001fa9   Thumb Code     2  stm32g4xx_hal_adc.o(i.HAL_ADC_ErrorCallback)
    HAL_ADC_Init                             0x08001fad   Thumb Code   476  stm32g4xx_hal_adc.o(i.HAL_ADC_Init)
    HAL_ADC_MspInit                          0x080021a9   Thumb Code   310  adc.o(i.HAL_ADC_MspInit)
    HAL_ADC_Start_DMA                        0x080022f9   Thumb Code   214  stm32g4xx_hal_adc.o(i.HAL_ADC_Start_DMA)
    HAL_DACEx_DMAUnderrunCallbackCh2         0x080023e9   Thumb Code     2  stm32g4xx_hal_dac_ex.o(i.HAL_DACEx_DMAUnderrunCallbackCh2)
    HAL_DACEx_TriangleWaveGenerate           0x080023eb   Thumb Code    56  stm32g4xx_hal_dac_ex.o(i.HAL_DACEx_TriangleWaveGenerate)
    HAL_DAC_ConfigChannel                    0x08002425   Thumb Code   428  stm32g4xx_hal_dac.o(i.HAL_DAC_ConfigChannel)
    HAL_DAC_DMAUnderrunCallbackCh1           0x080025d9   Thumb Code     2  stm32g4xx_hal_dac.o(i.HAL_DAC_DMAUnderrunCallbackCh1)
    HAL_DAC_IRQHandler                       0x080025db   Thumb Code   104  stm32g4xx_hal_dac.o(i.HAL_DAC_IRQHandler)
    HAL_DAC_Init                             0x08002643   Thumb Code    40  stm32g4xx_hal_dac.o(i.HAL_DAC_Init)
    HAL_DAC_MspInit                          0x0800266d   Thumb Code    98  dac.o(i.HAL_DAC_MspInit)
    HAL_DAC_SetValue                         0x080026d9   Thumb Code    26  stm32g4xx_hal_dac.o(i.HAL_DAC_SetValue)
    HAL_DAC_Start                            0x080026f3   Thumb Code   104  stm32g4xx_hal_dac.o(i.HAL_DAC_Start)
    HAL_DMA_Abort                            0x0800275b   Thumb Code   106  stm32g4xx_hal_dma.o(i.HAL_DMA_Abort)
    HAL_DMA_Abort_IT                         0x080027c5   Thumb Code   120  stm32g4xx_hal_dma.o(i.HAL_DMA_Abort_IT)
    HAL_DMA_IRQHandler                       0x0800283d   Thumb Code   186  stm32g4xx_hal_dma.o(i.HAL_DMA_IRQHandler)
    HAL_DMA_Init                             0x080028f9   Thumb Code   178  stm32g4xx_hal_dma.o(i.HAL_DMA_Init)
    HAL_DMA_Start_IT                         0x080029b9   Thumb Code   140  stm32g4xx_hal_dma.o(i.HAL_DMA_Start_IT)
    HAL_Delay                                0x08002a45   Thumb Code    32  stm32g4xx_hal.o(i.HAL_Delay)
    HAL_GPIO_Init                            0x08002a69   Thumb Code   550  stm32g4xx_hal_gpio.o(i.HAL_GPIO_Init)
    HAL_GPIO_ReadPin                         0x08002cb1   Thumb Code    10  stm32g4xx_hal_gpio.o(i.HAL_GPIO_ReadPin)
    HAL_GPIO_WritePin                        0x08002cbb   Thumb Code    10  stm32g4xx_hal_gpio.o(i.HAL_GPIO_WritePin)
    HAL_GetTick                              0x08002cc5   Thumb Code     6  stm32g4xx_hal.o(i.HAL_GetTick)
    HAL_GetTickFreq                          0x08002cd1   Thumb Code     6  stm32g4xx_hal.o(i.HAL_GetTickFreq)
    HAL_IncTick                              0x08002cdd   Thumb Code    12  stm32g4xx_hal.o(i.HAL_IncTick)
    HAL_Init                                 0x08002ced   Thumb Code    30  stm32g4xx_hal.o(i.HAL_Init)
    HAL_InitTick                             0x08002d0d   Thumb Code    58  stm32g4xx_hal.o(i.HAL_InitTick)
    HAL_MspInit                              0x08002d51   Thumb Code    42  stm32g4xx_hal_msp.o(i.HAL_MspInit)
    HAL_NVIC_EnableIRQ                       0x08002d81   Thumb Code    26  stm32g4xx_hal_cortex.o(i.HAL_NVIC_EnableIRQ)
    HAL_NVIC_SetPriority                     0x08002d9d   Thumb Code    60  stm32g4xx_hal_cortex.o(i.HAL_NVIC_SetPriority)
    HAL_NVIC_SetPriorityGrouping             0x08002ddd   Thumb Code    26  stm32g4xx_hal_cortex.o(i.HAL_NVIC_SetPriorityGrouping)
    HAL_PWREx_ControlVoltageScaling          0x08002e01   Thumb Code   174  stm32g4xx_hal_pwr_ex.o(i.HAL_PWREx_ControlVoltageScaling)
    HAL_PWREx_DisableUCPDDeadBattery         0x08002ebd   Thumb Code    12  stm32g4xx_hal_pwr_ex.o(i.HAL_PWREx_DisableUCPDDeadBattery)
    HAL_RCCEx_PeriphCLKConfig                0x08002ecd   Thumb Code   638  stm32g4xx_hal_rcc_ex.o(i.HAL_RCCEx_PeriphCLKConfig)
    HAL_RCC_ClockConfig                      0x08003155   Thumb Code   444  stm32g4xx_hal_rcc.o(i.HAL_RCC_ClockConfig)
    HAL_RCC_GetHCLKFreq                      0x08003331   Thumb Code     6  stm32g4xx_hal_rcc.o(i.HAL_RCC_GetHCLKFreq)
    HAL_RCC_GetPCLK1Freq                     0x0800333d   Thumb Code    24  stm32g4xx_hal_rcc.o(i.HAL_RCC_GetPCLK1Freq)
    HAL_RCC_GetPCLK2Freq                     0x08003361   Thumb Code    24  stm32g4xx_hal_rcc.o(i.HAL_RCC_GetPCLK2Freq)
    HAL_RCC_GetSysClockFreq                  0x08003385   Thumb Code    98  stm32g4xx_hal_rcc.o(i.HAL_RCC_GetSysClockFreq)
    HAL_RCC_OscConfig                        0x080033f5   Thumb Code  1036  stm32g4xx_hal_rcc.o(i.HAL_RCC_OscConfig)
    HAL_SYSTICK_Config                       0x08003801   Thumb Code    40  stm32g4xx_hal_cortex.o(i.HAL_SYSTICK_Config)
    HAL_TIMEx_Break2Callback                 0x08003829   Thumb Code     2  stm32g4xx_hal_tim_ex.o(i.HAL_TIMEx_Break2Callback)
    HAL_TIMEx_BreakCallback                  0x0800382b   Thumb Code     2  stm32g4xx_hal_tim_ex.o(i.HAL_TIMEx_BreakCallback)
    HAL_TIMEx_CommutCallback                 0x0800382d   Thumb Code     2  stm32g4xx_hal_tim_ex.o(i.HAL_TIMEx_CommutCallback)
    HAL_TIMEx_ConfigBreakDeadTime            0x08003831   Thumb Code   164  stm32g4xx_hal_tim_ex.o(i.HAL_TIMEx_ConfigBreakDeadTime)
    HAL_TIMEx_DirectionChangeCallback        0x080038dd   Thumb Code     2  stm32g4xx_hal_tim_ex.o(i.HAL_TIMEx_DirectionChangeCallback)
    HAL_TIMEx_EncoderIndexCallback           0x080038df   Thumb Code     2  stm32g4xx_hal_tim_ex.o(i.HAL_TIMEx_EncoderIndexCallback)
    HAL_TIMEx_IndexErrorCallback             0x080038e1   Thumb Code     2  stm32g4xx_hal_tim_ex.o(i.HAL_TIMEx_IndexErrorCallback)
    HAL_TIMEx_MasterConfigSynchronization    0x080038e5   Thumb Code   132  stm32g4xx_hal_tim_ex.o(i.HAL_TIMEx_MasterConfigSynchronization)
    HAL_TIMEx_TransitionErrorCallback        0x08003981   Thumb Code     2  stm32g4xx_hal_tim_ex.o(i.HAL_TIMEx_TransitionErrorCallback)
    HAL_TIM_Base_Init                        0x08003983   Thumb Code    98  stm32g4xx_hal_tim.o(i.HAL_TIM_Base_Init)
    HAL_TIM_Base_MspInit                     0x080039e5   Thumb Code   276  tim.o(i.HAL_TIM_Base_MspInit)
    HAL_TIM_Base_Start                       0x08003b11   Thumb Code    84  stm32g4xx_hal_tim.o(i.HAL_TIM_Base_Start)
    HAL_TIM_Base_Start_IT                    0x08003b7d   Thumb Code    94  stm32g4xx_hal_tim.o(i.HAL_TIM_Base_Start_IT)
    HAL_TIM_ConfigClockSource                0x08003bf5   Thumb Code   246  stm32g4xx_hal_tim.o(i.HAL_TIM_ConfigClockSource)
    HAL_TIM_IC_CaptureCallback               0x08003cf5   Thumb Code   154  bsp_tim.o(i.HAL_TIM_IC_CaptureCallback)
    HAL_TIM_IC_ConfigChannel                 0x08003da1   Thumb Code   286  stm32g4xx_hal_tim.o(i.HAL_TIM_IC_ConfigChannel)
    HAL_TIM_IC_Init                          0x08003ebf   Thumb Code    98  stm32g4xx_hal_tim.o(i.HAL_TIM_IC_Init)
    HAL_TIM_IC_MspInit                       0x08003f21   Thumb Code     2  stm32g4xx_hal_tim.o(i.HAL_TIM_IC_MspInit)
    HAL_TIM_IC_Start_IT                      0x08003f25   Thumb Code   274  stm32g4xx_hal_tim.o(i.HAL_TIM_IC_Start_IT)
    HAL_TIM_IRQHandler                       0x08004051   Thumb Code   508  stm32g4xx_hal_tim.o(i.HAL_TIM_IRQHandler)
    HAL_TIM_MspPostInit                      0x0800424d   Thumb Code   108  tim.o(i.HAL_TIM_MspPostInit)
    HAL_TIM_OC_ConfigChannel                 0x080042c5   Thumb Code   110  stm32g4xx_hal_tim.o(i.HAL_TIM_OC_ConfigChannel)
    HAL_TIM_OC_DelayElapsedCallback          0x08004335   Thumb Code   116  bsp_tim.o(i.HAL_TIM_OC_DelayElapsedCallback)
    HAL_TIM_OC_Init                          0x080043b1   Thumb Code    98  stm32g4xx_hal_tim.o(i.HAL_TIM_OC_Init)
    HAL_TIM_OC_MspInit                       0x08004413   Thumb Code     2  stm32g4xx_hal_tim.o(i.HAL_TIM_OC_MspInit)
    HAL_TIM_OC_Start_IT                      0x08004415   Thumb Code   262  stm32g4xx_hal_tim.o(i.HAL_TIM_OC_Start_IT)
    HAL_TIM_PWM_ConfigChannel                0x0800453d   Thumb Code   292  stm32g4xx_hal_tim.o(i.HAL_TIM_PWM_ConfigChannel)
    HAL_TIM_PWM_Init                         0x08004661   Thumb Code    98  stm32g4xx_hal_tim.o(i.HAL_TIM_PWM_Init)
    HAL_TIM_PWM_MspInit                      0x080046c3   Thumb Code     2  stm32g4xx_hal_tim.o(i.HAL_TIM_PWM_MspInit)
    HAL_TIM_PWM_PulseFinishedCallback        0x080046c5   Thumb Code     2  stm32g4xx_hal_tim.o(i.HAL_TIM_PWM_PulseFinishedCallback)
    HAL_TIM_PWM_Start                        0x080046c9   Thumb Code   218  stm32g4xx_hal_tim.o(i.HAL_TIM_PWM_Start)
    HAL_TIM_PeriodElapsedCallback            0x080047c5   Thumb Code    26  bsp_tim.o(i.HAL_TIM_PeriodElapsedCallback)
    HAL_TIM_ReadCapturedValue                0x080047e9   Thumb Code    42  stm32g4xx_hal_tim.o(i.HAL_TIM_ReadCapturedValue)
    HAL_TIM_SlaveConfigSynchro               0x08004813   Thumb Code    86  stm32g4xx_hal_tim.o(i.HAL_TIM_SlaveConfigSynchro)
    HAL_TIM_TriggerCallback                  0x08004869   Thumb Code     2  stm32g4xx_hal_tim.o(i.HAL_TIM_TriggerCallback)
    HAL_UARTEx_DisableFifoMode               0x0800486b   Thumb Code    62  stm32g4xx_hal_uart_ex.o(i.HAL_UARTEx_DisableFifoMode)
    HAL_UARTEx_RxEventCallback               0x080048a9   Thumb Code     2  stm32g4xx_hal_uart.o(i.HAL_UARTEx_RxEventCallback)
    HAL_UARTEx_RxFifoFullCallback            0x080048ab   Thumb Code     2  stm32g4xx_hal_uart_ex.o(i.HAL_UARTEx_RxFifoFullCallback)
    HAL_UARTEx_SetRxFifoThreshold            0x080048ad   Thumb Code    76  stm32g4xx_hal_uart_ex.o(i.HAL_UARTEx_SetRxFifoThreshold)
    HAL_UARTEx_SetTxFifoThreshold            0x080048f9   Thumb Code    76  stm32g4xx_hal_uart_ex.o(i.HAL_UARTEx_SetTxFifoThreshold)
    HAL_UARTEx_TxFifoEmptyCallback           0x08004945   Thumb Code     2  stm32g4xx_hal_uart_ex.o(i.HAL_UARTEx_TxFifoEmptyCallback)
    HAL_UARTEx_WakeupCallback                0x08004947   Thumb Code     2  stm32g4xx_hal_uart_ex.o(i.HAL_UARTEx_WakeupCallback)
    HAL_UART_ErrorCallback                   0x08004949   Thumb Code     2  stm32g4xx_hal_uart.o(i.HAL_UART_ErrorCallback)
    HAL_UART_IRQHandler                      0x0800494d   Thumb Code   722  stm32g4xx_hal_uart.o(i.HAL_UART_IRQHandler)
    HAL_UART_Init                            0x08004c2d   Thumb Code   106  stm32g4xx_hal_uart.o(i.HAL_UART_Init)
    HAL_UART_MspInit                         0x08004c99   Thumb Code   132  usart.o(i.HAL_UART_MspInit)
    HAL_UART_Receive_IT                      0x08004d25   Thumb Code    80  stm32g4xx_hal_uart.o(i.HAL_UART_Receive_IT)
    HAL_UART_RxCpltCallback                  0x08004d79   Thumb Code    46  bsp_usart.o(i.HAL_UART_RxCpltCallback)
    HAL_UART_Transmit                        0x08004dbd   Thumb Code   188  stm32g4xx_hal_uart.o(i.HAL_UART_Transmit)
    HAL_UART_TxCpltCallback                  0x08004e79   Thumb Code     2  stm32g4xx_hal_uart.o(i.HAL_UART_TxCpltCallback)
    HardFault_Handler                        0x08004e7b   Thumb Code     2  stm32g4xx_it.o(i.HardFault_Handler)
    I2CInit                                  0x08004e7d   Thumb Code    38  i2c - hal.o(i.I2CInit)
    I2CReceiveByte                           0x08004ea9   Thumb Code    78  i2c - hal.o(i.I2CReceiveByte)
    I2CSendAck                               0x08004ef7   Thumb Code    48  i2c - hal.o(i.I2CSendAck)
    I2CSendByte                              0x08004f27   Thumb Code    78  i2c - hal.o(i.I2CSendByte)
    I2CSendNotAck                            0x08004f75   Thumb Code    48  i2c - hal.o(i.I2CSendNotAck)
    I2CStart                                 0x08004fa5   Thumb Code    54  i2c - hal.o(i.I2CStart)
    I2CStop                                  0x08004fdb   Thumb Code    54  i2c - hal.o(i.I2CStop)
    I2CWaitAck                               0x08005011   Thumb Code    80  i2c - hal.o(i.I2CWaitAck)
    IIC_Test_24C02                           0x08005061   Thumb Code   104  bsp_test.o(i.IIC_Test_24C02)
    IIC_Test_MCP4017                         0x080050ed   Thumb Code    86  bsp_test.o(i.IIC_Test_MCP4017)
    KeyProcess                               0x08005165   Thumb Code   136  bsp_test.o(i.KeyProcess)
    Key_scan                                 0x08005211   Thumb Code   108  bsp_button.o(i.Key_scan)
    LCD_BusIn                                0x08005281   Thumb Code    40  lcd.o(i.LCD_BusIn)
    LCD_BusOut                               0x080052ad   Thumb Code    42  lcd.o(i.LCD_BusOut)
    LCD_Clear                                0x080052dd   Thumb Code    36  lcd.o(i.LCD_Clear)
    LCD_CtrlLinesConfig                      0x08005301   Thumb Code   136  lcd.o(i.LCD_CtrlLinesConfig)
    LCD_DisplayChar                          0x08005391   Thumb Code    18  lcd.o(i.LCD_DisplayChar)
    LCD_DisplayStringLine                    0x080053a9   Thumb Code    42  lcd.o(i.LCD_DisplayStringLine)
    LCD_DrawChar                             0x080053d5   Thumb Code    84  lcd.o(i.LCD_DrawChar)
    LCD_Init                                 0x0800542d   Thumb Code    46  lcd.o(i.LCD_Init)
    LCD_ReadReg                              0x08005461   Thumb Code   120  lcd.o(i.LCD_ReadReg)
    LCD_SetBackColor                         0x080054e1   Thumb Code    12  lcd.o(i.LCD_SetBackColor)
    LCD_SetCursor                            0x080054f1   Thumb Code    24  lcd.o(i.LCD_SetCursor)
    LCD_SetTextColor                         0x08005509   Thumb Code    12  lcd.o(i.LCD_SetTextColor)
    LCD_TestTask                             0x08005519   Thumb Code   128  bsp_test.o(i.LCD_TestTask)
    LCD_WriteRAM                             0x08005615   Thumb Code    80  lcd.o(i.LCD_WriteRAM)
    LCD_WriteRAM_Prepare                     0x0800566d   Thumb Code    82  lcd.o(i.LCD_WriteRAM_Prepare)
    LCD_WriteReg                             0x080056c9   Thumb Code   100  lcd.o(i.LCD_WriteReg)
    LED_Control                              0x08005735   Thumb Code    74  bsp_led.o(i.LED_Control)
    MX_ADC1_Init                             0x080057ed   Thumb Code   136  adc.o(i.MX_ADC1_Init)
    MX_ADC2_Init                             0x0800587d   Thumb Code   110  adc.o(i.MX_ADC2_Init)
    MX_DAC1_Init                             0x080058f9   Thumb Code   118  dac.o(i.MX_DAC1_Init)
    MX_DMA_Init                              0x08005979   Thumb Code    72  dma.o(i.MX_DMA_Init)
    MX_GPIO_Init                             0x080059c5   Thumb Code   296  gpio.o(i.MX_GPIO_Init)
    MX_TIM15_Init                            0x08005afd   Thumb Code   222  tim.o(i.MX_TIM15_Init)
    MX_TIM2_Init                             0x08005be5   Thumb Code   200  tim.o(i.MX_TIM2_Init)
    MX_TIM3_Init                             0x08005cb1   Thumb Code   176  tim.o(i.MX_TIM3_Init)
    MX_TIM4_Init                             0x08005d69   Thumb Code   162  tim.o(i.MX_TIM4_Init)
    MX_TIM6_Init                             0x08005e15   Thumb Code    64  tim.o(i.MX_TIM6_Init)
    MX_USART1_UART_Init                      0x08005e5d   Thumb Code   100  usart.o(i.MX_USART1_UART_Init)
    MemManage_Handler                        0x08005ecd   Thumb Code     2  stm32g4xx_it.o(i.MemManage_Handler)
    NMI_Handler                              0x08005ecf   Thumb Code     2  stm32g4xx_it.o(i.NMI_Handler)
    PendSV_Handler                           0x08005ed1   Thumb Code     2  stm32g4xx_it.o(i.PendSV_Handler)
    PulseMeasure_Test                        0x08005ed5   Thumb Code   262  bsp_test.o(i.PulseMeasure_Test)
    REG_8230_Init                            0x08006051   Thumb Code   274  lcd.o(i.REG_8230_Init)
    REG_932X_Init                            0x08006163   Thumb Code   514  lcd.o(i.REG_932X_Init)
    SCL_Output                               0x08006365   Thumb Code    20  i2c - hal.o(i.SCL_Output)
    SDA_Input                                0x0800637d   Thumb Code    18  i2c - hal.o(i.SDA_Input)
    SDA_Input_Mode                           0x08006395   Thumb Code    40  i2c - hal.o(i.SDA_Input_Mode)
    SDA_Output                               0x080063c1   Thumb Code    20  i2c - hal.o(i.SDA_Output)
    SDA_Output_Mode                          0x080063d9   Thumb Code    40  i2c - hal.o(i.SDA_Output_Mode)
    SVC_Handler                              0x08006405   Thumb Code     2  stm32g4xx_it.o(i.SVC_Handler)
    SysTick_Handler                          0x08006407   Thumb Code     4  stm32g4xx_it.o(i.SysTick_Handler)
    SystemClock_Config                       0x0800640b   Thumb Code   102  main.o(i.SystemClock_Config)
    SystemInit                               0x08006471   Thumb Code    12  system_stm32g4xx.o(i.SystemInit)
    TIM2_IRQHandler                          0x08006481   Thumb Code     6  stm32g4xx_it.o(i.TIM2_IRQHandler)
    TIM3_IRQHandler                          0x0800648d   Thumb Code     6  stm32g4xx_it.o(i.TIM3_IRQHandler)
    TIM4_IRQHandler                          0x08006499   Thumb Code     6  stm32g4xx_it.o(i.TIM4_IRQHandler)
    TIM6_DAC_IRQHandler                      0x080064a5   Thumb Code    18  stm32g4xx_it.o(i.TIM6_DAC_IRQHandler)
    TIM_Base_SetConfig                       0x080064c1   Thumb Code   146  stm32g4xx_hal_tim.o(i.TIM_Base_SetConfig)
    TIM_CCxChannelCmd                        0x08006571   Thumb Code    26  stm32g4xx_hal_tim.o(i.TIM_CCxChannelCmd)
    TIM_ETR_SetConfig                        0x0800658b   Thumb Code    20  stm32g4xx_hal_tim.o(i.TIM_ETR_SetConfig)
    TIM_OC2_SetConfig                        0x08006651   Thumb Code   120  stm32g4xx_hal_tim.o(i.TIM_OC2_SetConfig)
    TIM_TI1_SetConfig                        0x080069d5   Thumb Code    88  stm32g4xx_hal_tim.o(i.TIM_TI1_SetConfig)
    UART_AdvFeatureConfig                    0x08006ae1   Thumb Code   200  stm32g4xx_hal_uart.o(i.UART_AdvFeatureConfig)
    UART_CheckIdleState                      0x08006ba9   Thumb Code    96  stm32g4xx_hal_uart.o(i.UART_CheckIdleState)
    UART_SetConfig                           0x080070a1   Thumb Code   582  stm32g4xx_hal_uart.o(i.UART_SetConfig)
    UART_Start_Receive_IT                    0x08007315   Thumb Code   262  stm32g4xx_hal_uart.o(i.UART_Start_Receive_IT)
    UART_WaitOnFlagUntilTimeout              0x0800742d   Thumb Code   198  stm32g4xx_hal_uart.o(i.UART_WaitOnFlagUntilTimeout)
    USART1_IRQHandler                        0x080074f5   Thumb Code     6  stm32g4xx_it.o(i.USART1_IRQHandler)
    Uart1_RX_Pro                             0x08007501   Thumb Code    58  bsp_test.o(i.Uart1_RX_Pro)
    Uart1_Send                               0x08007555   Thumb Code    30  bsp_usart.o(i.Uart1_Send)
    UsageFault_Handler                       0x08007579   Thumb Code     2  stm32g4xx_it.o(i.UsageFault_Handler)
    __ARM_fpclassify                         0x0800757b   Thumb Code    48  fpclassify.o(i.__ARM_fpclassify)
    _is_digit                                0x080075cb   Thumb Code    14  __printf_wp.o(i._is_digit)
    iic_24c02_read                           0x080075e5   Thumb Code    82  bsp_24c02.o(i.iic_24c02_read)
    iic_24c02_write                          0x08007639   Thumb Code    62  bsp_24c02.o(i.iic_24c02_write)
    iic_mcp4017_read                         0x08007677   Thumb Code    34  bsp_mcp4017.o(i.iic_mcp4017_read)
    iic_mcp4017_write                        0x08007699   Thumb Code    36  bsp_mcp4017.o(i.iic_mcp4017_write)
    main                                     0x080076bd   Thumb Code   218  main.o(i.main)
    _get_lc_numeric                          0x080077d5   Thumb Code    44  lc_numeric_c.o(locale$$code)
    __aeabi_d2f                              0x08007801   Thumb Code     0  d2f.o(x$fpl$d2f)
    _d2f                                     0x08007801   Thumb Code    98  d2f.o(x$fpl$d2f)
    __aeabi_ui2d                             0x08007863   Thumb Code     0  dflt_clz.o(x$fpl$dfltu)
    _dfltu                                   0x08007863   Thumb Code    38  dflt_clz.o(x$fpl$dfltu)
    __aeabi_dmul                             0x08007889   Thumb Code     0  dmul.o(x$fpl$dmul)
    _dmul                                    0x08007889   Thumb Code   332  dmul.o(x$fpl$dmul)
    __fpl_dnaninf                            0x080079dd   Thumb Code   156  dnaninf.o(x$fpl$dnaninf)
    __fpl_dretinf                            0x08007a79   Thumb Code    12  dretinf.o(x$fpl$dretinf)
    __aeabi_f2d                              0x08007a85   Thumb Code     0  f2d.o(x$fpl$f2d)
    _f2d                                     0x08007a85   Thumb Code    86  f2d.o(x$fpl$f2d)
    __fpl_fnaninf                            0x08007adb   Thumb Code   140  fnaninf.o(x$fpl$fnaninf)
    _fp_init                                 0x08007b67   Thumb Code    10  fpinit.o(x$fpl$fpinit)
    __fplib_config_fpu_vfp                   0x08007b6f   Thumb Code     0  fpinit.o(x$fpl$fpinit)
    __fplib_config_pureend_doubles           0x08007b6f   Thumb Code     0  fpinit.o(x$fpl$fpinit)
    __fpl_fretinf                            0x08007b71   Thumb Code    10  fretinf.o(x$fpl$fretinf)
    _printf_fp_dec                           0x08007b7b   Thumb Code     4  printf1.o(x$fpl$printf1)
    UARTPrescTable                           0x08007b7e   Data          24  stm32g4xx_hal_uart.o(.constdata)
    __I$use$fp                               0x08007b7e   Number         0  usenofp.o(x$fpl$usenofp)
    AHBPrescTable                            0x08007ba6   Data          16  system_stm32g4xx.o(.constdata)
    APBPrescTable                            0x08007bb6   Data           8  system_stm32g4xx.o(.constdata)
    ASCII_Table                              0x08007bbe   Data        4560  lcd.o(.constdata)
    Region$$Table$$Base                      0x08008e24   Number         0  anon$$obj.o(Region$$Table)
    Region$$Table$$Limit                     0x08008e44   Number         0  anon$$obj.o(Region$$Table)
    Usart1_RxData_Temp                       0x20000004   Data           1  usart.o(.data)
    uwTickPrio                               0x20000008   Data           4  stm32g4xx_hal.o(.data)
    uwTickFreq                               0x2000000c   Data           4  stm32g4xx_hal.o(.data)
    uwTick                                   0x20000010   Data           4  stm32g4xx_hal.o(.data)
    SystemCoreClock                          0x20000014   Data           4  system_stm32g4xx.o(.data)
    LED_State                                0x2000002c   Data           1  bsp_led.o(.data)
    dummy                                    0x20000032   Data           2  lcd.o(.data)
    U1Rx_Len                                 0x20000034   Data           1  bsp_usart.o(.data)
    U1Tx_Len                                 0x20000035   Data           1  bsp_usart.o(.data)
    Tim3_Duty                                0x20000038   Data           4  bsp_tim.o(.data)
    Tim2_Duty                                0x2000003c   Data           4  bsp_tim.o(.data)
    Tim3_Fre                                 0x20000040   Data           4  bsp_tim.o(.data)
    Tim2_Fre                                 0x20000044   Data           4  bsp_tim.o(.data)
    TIM3_RiseEdge_Count                      0x20000048   Data           2  bsp_tim.o(.data)
    TIM3_FallEdge_Count                      0x2000004a   Data           2  bsp_tim.o(.data)
    TIM4CH1_PA11_Pulse                       0x2000004c   Data           4  bsp_tim.o(.data)
    TIM4CH2_PA12_Pulse                       0x20000050   Data           4  bsp_tim.o(.data)
    TIM4CH1_PA11_Duty                        0x20000054   Data           4  bsp_tim.o(.data)
    TIM4CH2_PA12_Duty                        0x20000058   Data           4  bsp_tim.o(.data)
    TIM2_RiseEdge_Count                      0x2000005c   Data           4  bsp_tim.o(.data)
    TIM2_FallEdge_Count                      0x20000060   Data           4  bsp_tim.o(.data)
    Tim3_CapData                             0x20000064   Data           6  bsp_tim.o(.data)
    DAC1_CH1_Vol                             0x2000006c   Data           4  bsp_dac.o(.data)
    hadc1                                    0x20000070   Data         108  adc.o(.bss)
    hadc2                                    0x200000dc   Data         108  adc.o(.bss)
    hdma_adc1                                0x20000148   Data          96  adc.o(.bss)
    hdma_adc2                                0x200001a8   Data          96  adc.o(.bss)
    hdac1                                    0x20000208   Data          20  dac.o(.bss)
    htim2                                    0x2000021c   Data          76  tim.o(.bss)
    htim3                                    0x20000268   Data          76  tim.o(.bss)
    htim4                                    0x200002b4   Data          76  tim.o(.bss)
    htim6                                    0x20000300   Data          76  tim.o(.bss)
    htim15                                   0x2000034c   Data          76  tim.o(.bss)
    huart1                                   0x20000398   Data         144  usart.o(.bss)
    Lcd_Disp_String                          0x20000428   Data          25  bsp_test.o(.bss)
    Uart1_Rx_Buf                             0x20000441   Data          20  bsp_usart.o(.bss)
    Uart1_Tx_Buf                             0x20000455   Data          20  bsp_usart.o(.bss)
    RddataBuf_24C02                          0x20000469   Data          10  bsp_24c02.o(.bss)
    WrdataBuf_24C02                          0x20000473   Data          10  bsp_24c02.o(.bss)
    ADC1_DMABuf                              0x20000480   Data          40  bsp_ad.o(.bss)
    ADC2_DMABuf                              0x200004a8   Data          40  bsp_ad.o(.bss)
    __libspace_start                         0x200004d0   Data          96  libspace.o(.bss)
    __temporary_stack_top$libspace           0x20000530   Data           0  libspace.o(.bss)



==============================================================================

Memory Map of the image

  Image Entry point : 0x080001d9

  Load Region LR_IROM1 (Base: 0x08000000, Size: 0x00008ed0, Max: 0x00020000, ABSOLUTE)

    Execution Region ER_IROM1 (Exec base: 0x08000000, Load base: 0x08000000, Size: 0x00008e60, Max: 0x00020000, ABSOLUTE)

    Exec Addr    Load Addr    Size         Type   Attr      Idx    E Section Name        Object

    0x08000000   0x08000000   0x000001d8   Data   RO            3    RESET               startup_stm32g431xx.o
    0x080001d8   0x080001d8   0x00000008   Code   RO         5293  * !!!main             c_w.l(__main.o)
    0x080001e0   0x080001e0   0x00000034   Code   RO         5541    !!!scatter          c_w.l(__scatter.o)
    0x08000214   0x08000214   0x0000001a   Code   RO         5543    !!handler_copy      c_w.l(__scatter_copy.o)
    0x0800022e   0x0800022e   0x00000002   PAD
    0x08000230   0x08000230   0x0000001c   Code   RO         5545    !!handler_zi        c_w.l(__scatter_zi.o)
    0x0800024c   0x0800024c   0x00000000   Code   RO         5284    .ARM.Collect$$_printf_percent$$00000000  c_w.l(_printf_percent.o)
    0x0800024c   0x0800024c   0x00000006   Code   RO         5283    .ARM.Collect$$_printf_percent$$00000003  c_w.l(_printf_f.o)
    0x08000252   0x08000252   0x00000006   Code   RO         5282    .ARM.Collect$$_printf_percent$$00000009  c_w.l(_printf_d.o)
    0x08000258   0x08000258   0x00000004   Code   RO         5322    .ARM.Collect$$_printf_percent$$00000017  c_w.l(_printf_percent_end.o)
    0x0800025c   0x0800025c   0x00000002   Code   RO         5412    .ARM.Collect$$libinit$$00000000  c_w.l(libinit.o)
    0x0800025e   0x0800025e   0x00000004   Code   RO         5413    .ARM.Collect$$libinit$$00000001  c_w.l(libinit2.o)
    0x08000262   0x08000262   0x00000000   Code   RO         5416    .ARM.Collect$$libinit$$00000004  c_w.l(libinit2.o)
    0x08000262   0x08000262   0x00000000   Code   RO         5419    .ARM.Collect$$libinit$$0000000A  c_w.l(libinit2.o)
    0x08000262   0x08000262   0x00000000   Code   RO         5421    .ARM.Collect$$libinit$$0000000C  c_w.l(libinit2.o)
    0x08000262   0x08000262   0x00000000   Code   RO         5423    .ARM.Collect$$libinit$$0000000E  c_w.l(libinit2.o)
    0x08000262   0x08000262   0x00000006   Code   RO         5424    .ARM.Collect$$libinit$$0000000F  c_w.l(libinit2.o)
    0x08000268   0x08000268   0x00000000   Code   RO         5426    .ARM.Collect$$libinit$$00000011  c_w.l(libinit2.o)
    0x08000268   0x08000268   0x00000000   Code   RO         5428    .ARM.Collect$$libinit$$00000013  c_w.l(libinit2.o)
    0x08000268   0x08000268   0x00000000   Code   RO         5430    .ARM.Collect$$libinit$$00000015  c_w.l(libinit2.o)
    0x08000268   0x08000268   0x0000000a   Code   RO         5431    .ARM.Collect$$libinit$$00000016  c_w.l(libinit2.o)
    0x08000272   0x08000272   0x00000000   Code   RO         5432    .ARM.Collect$$libinit$$00000017  c_w.l(libinit2.o)
    0x08000272   0x08000272   0x00000000   Code   RO         5434    .ARM.Collect$$libinit$$00000019  c_w.l(libinit2.o)
    0x08000272   0x08000272   0x00000000   Code   RO         5436    .ARM.Collect$$libinit$$0000001B  c_w.l(libinit2.o)
    0x08000272   0x08000272   0x00000000   Code   RO         5438    .ARM.Collect$$libinit$$0000001D  c_w.l(libinit2.o)
    0x08000272   0x08000272   0x00000000   Code   RO         5440    .ARM.Collect$$libinit$$0000001F  c_w.l(libinit2.o)
    0x08000272   0x08000272   0x00000000   Code   RO         5442    .ARM.Collect$$libinit$$00000021  c_w.l(libinit2.o)
    0x08000272   0x08000272   0x00000000   Code   RO         5444    .ARM.Collect$$libinit$$00000023  c_w.l(libinit2.o)
    0x08000272   0x08000272   0x00000000   Code   RO         5446    .ARM.Collect$$libinit$$00000025  c_w.l(libinit2.o)
    0x08000272   0x08000272   0x00000000   Code   RO         5450    .ARM.Collect$$libinit$$0000002C  c_w.l(libinit2.o)
    0x08000272   0x08000272   0x00000000   Code   RO         5452    .ARM.Collect$$libinit$$0000002E  c_w.l(libinit2.o)
    0x08000272   0x08000272   0x00000000   Code   RO         5454    .ARM.Collect$$libinit$$00000030  c_w.l(libinit2.o)
    0x08000272   0x08000272   0x00000000   Code   RO         5456    .ARM.Collect$$libinit$$00000032  c_w.l(libinit2.o)
    0x08000272   0x08000272   0x00000002   Code   RO         5457    .ARM.Collect$$libinit$$00000033  c_w.l(libinit2.o)
    0x08000274   0x08000274   0x00000002   Code   RO         5504    .ARM.Collect$$libshutdown$$00000000  c_w.l(libshutdown.o)
    0x08000276   0x08000276   0x00000000   Code   RO         5522    .ARM.Collect$$libshutdown$$00000002  c_w.l(libshutdown2.o)
    0x08000276   0x08000276   0x00000000   Code   RO         5524    .ARM.Collect$$libshutdown$$00000004  c_w.l(libshutdown2.o)
    0x08000276   0x08000276   0x00000000   Code   RO         5526    .ARM.Collect$$libshutdown$$00000006  c_w.l(libshutdown2.o)
    0x08000276   0x08000276   0x00000000   Code   RO         5529    .ARM.Collect$$libshutdown$$00000009  c_w.l(libshutdown2.o)
    0x08000276   0x08000276   0x00000000   Code   RO         5532    .ARM.Collect$$libshutdown$$0000000C  c_w.l(libshutdown2.o)
    0x08000276   0x08000276   0x00000000   Code   RO         5534    .ARM.Collect$$libshutdown$$0000000E  c_w.l(libshutdown2.o)
    0x08000276   0x08000276   0x00000000   Code   RO         5537    .ARM.Collect$$libshutdown$$00000011  c_w.l(libshutdown2.o)
    0x08000276   0x08000276   0x00000002   Code   RO         5538    .ARM.Collect$$libshutdown$$00000012  c_w.l(libshutdown2.o)
    0x08000278   0x08000278   0x00000000   Code   RO         5309    .ARM.Collect$$rtentry$$00000000  c_w.l(__rtentry.o)
    0x08000278   0x08000278   0x00000000   Code   RO         5335    .ARM.Collect$$rtentry$$00000002  c_w.l(__rtentry2.o)
    0x08000278   0x08000278   0x00000006   Code   RO         5347    .ARM.Collect$$rtentry$$00000004  c_w.l(__rtentry4.o)
    0x0800027e   0x0800027e   0x00000000   Code   RO         5337    .ARM.Collect$$rtentry$$00000009  c_w.l(__rtentry2.o)
    0x0800027e   0x0800027e   0x00000004   Code   RO         5338    .ARM.Collect$$rtentry$$0000000A  c_w.l(__rtentry2.o)
    0x08000282   0x08000282   0x00000000   Code   RO         5340    .ARM.Collect$$rtentry$$0000000C  c_w.l(__rtentry2.o)
    0x08000282   0x08000282   0x00000008   Code   RO         5341    .ARM.Collect$$rtentry$$0000000D  c_w.l(__rtentry2.o)
    0x0800028a   0x0800028a   0x00000002   Code   RO         5458    .ARM.Collect$$rtexit$$00000000  c_w.l(rtexit.o)
    0x0800028c   0x0800028c   0x00000000   Code   RO         5473    .ARM.Collect$$rtexit$$00000002  c_w.l(rtexit2.o)
    0x0800028c   0x0800028c   0x00000004   Code   RO         5474    .ARM.Collect$$rtexit$$00000003  c_w.l(rtexit2.o)
    0x08000290   0x08000290   0x00000006   Code   RO         5475    .ARM.Collect$$rtexit$$00000004  c_w.l(rtexit2.o)
    0x08000296   0x08000296   0x00000002   PAD
    0x08000298   0x08000298   0x00000040   Code   RO            4    .text               startup_stm32g431xx.o
    0x080002d8   0x080002d8   0x000000ee   Code   RO         5250    .text               c_w.l(lludivv7m.o)
    0x080003c6   0x080003c6   0x00000002   PAD
    0x080003c8   0x080003c8   0x00000028   Code   RO         5254    .text               c_w.l(noretval__2sprintf.o)
    0x080003f0   0x080003f0   0x0000004e   Code   RO         5258    .text               c_w.l(_printf_pad.o)
    0x0800043e   0x0800043e   0x00000002   PAD
    0x08000440   0x08000440   0x00000078   Code   RO         5260    .text               c_w.l(_printf_dec.o)
    0x080004b8   0x080004b8   0x0000010e   Code   RO         5270    .text               c_w.l(__printf_wp.o)
    0x080005c6   0x080005c6   0x0000003e   Code   RO         5285    .text               c_w.l(strlen.o)
    0x08000604   0x08000604   0x0000008a   Code   RO         5287    .text               c_w.l(rt_memcpy_v6.o)
    0x0800068e   0x0800068e   0x0000004e   Code   RO         5289    .text               c_w.l(rt_memclr_w.o)
    0x080006dc   0x080006dc   0x00000006   Code   RO         5291    .text               c_w.l(heapauxi.o)
    0x080006e2   0x080006e2   0x000000b2   Code   RO         5314    .text               c_w.l(_printf_intcommon.o)
    0x08000794   0x08000794   0x0000041e   Code   RO         5316    .text               c_w.l(_printf_fp_dec.o)
    0x08000bb2   0x08000bb2   0x00000002   PAD
    0x08000bb4   0x08000bb4   0x00000030   Code   RO         5318    .text               c_w.l(_printf_char_common.o)
    0x08000be4   0x08000be4   0x0000000a   Code   RO         5320    .text               c_w.l(_sputc.o)
    0x08000bee   0x08000bee   0x00000064   Code   RO         5323    .text               c_w.l(rt_memcpy_w.o)
    0x08000c52   0x08000c52   0x00000002   PAD
    0x08000c54   0x08000c54   0x00000008   Code   RO         5354    .text               c_w.l(rt_locale_intlibspace.o)
    0x08000c5c   0x08000c5c   0x0000008a   Code   RO         5356    .text               c_w.l(lludiv10.o)
    0x08000ce6   0x08000ce6   0x00000002   PAD
    0x08000ce8   0x08000ce8   0x00000080   Code   RO         5358    .text               c_w.l(_printf_fp_infnan.o)
    0x08000d68   0x08000d68   0x000000e4   Code   RO         5362    .text               c_w.l(bigflt0.o)
    0x08000e4c   0x08000e4c   0x00000008   Code   RO         5394    .text               c_w.l(libspace.o)
    0x08000e54   0x08000e54   0x0000004a   Code   RO         5397    .text               c_w.l(sys_stackheap_outer.o)
    0x08000e9e   0x08000e9e   0x00000012   Code   RO         5399    .text               c_w.l(exit.o)
    0x08000eb0   0x08000eb0   0x00000080   Code   RO         5405    .text               c_w.l(strcmpv7m.o)
    0x08000f30   0x08000f30   0x0000000c   Code   RO         5470    .text               c_w.l(sys_exit.o)
    0x08000f3c   0x08000f3c   0x00000002   Code   RO         5491    .text               c_w.l(use_no_semi.o)
    0x08000f3e   0x08000f3e   0x00000000   Code   RO         5493    .text               c_w.l(indicate_semi.o)
    0x08000f3e   0x08000f3e   0x0000003e   Code   RO         5365    CL$$btod_d2e        c_w.l(btod.o)
    0x08000f7c   0x08000f7c   0x00000046   Code   RO         5367    CL$$btod_d2e_denorm_low  c_w.l(btod.o)
    0x08000fc2   0x08000fc2   0x00000060   Code   RO         5366    CL$$btod_d2e_norm_op1  c_w.l(btod.o)
    0x08001022   0x08001022   0x00000338   Code   RO         5375    CL$$btod_div_common  c_w.l(btod.o)
    0x0800135a   0x0800135a   0x000000dc   Code   RO         5372    CL$$btod_e2e        c_w.l(btod.o)
    0x08001436   0x08001436   0x0000002a   Code   RO         5369    CL$$btod_ediv       c_w.l(btod.o)
    0x08001460   0x08001460   0x0000002a   Code   RO         5368    CL$$btod_emul       c_w.l(btod.o)
    0x0800148a   0x0800148a   0x00000244   Code   RO         5374    CL$$btod_mult_common  c_w.l(btod.o)
    0x080016ce   0x080016ce   0x00000068   Code   RO          624    i.ADC_DMAConvCplt   stm32g4xx_hal_adc.o
    0x08001736   0x08001736   0x0000001a   Code   RO          625    i.ADC_DMAError      stm32g4xx_hal_adc.o
    0x08001750   0x08001750   0x0000000a   Code   RO          626    i.ADC_DMAHalfConvCplt  stm32g4xx_hal_adc.o
    0x0800175a   0x0800175a   0x00000002   PAD
    0x0800175c   0x0800175c   0x00000074   Code   RO          628    i.ADC_Enable        stm32g4xx_hal_adc.o
    0x080017d0   0x080017d0   0x00000120   Code   RO         4548    i.AD_Test           bsp_test.o
    0x080018f0   0x080018f0   0x0000003c   Code   RO         5136    i.Bsp_AD_Init       bsp_ad.o
    0x0800192c   0x0800192c   0x00000002   Code   RO          481    i.BusFault_Handler  stm32g4xx_it.o
    0x0800192e   0x0800192e   0x00000002   PAD
    0x08001930   0x08001930   0x00000030   Code   RO         5166    i.CaptureTim3_Start  bsp_tim.o
    0x08001960   0x08001960   0x00000030   Code   RO         5221    i.DAC1_CH1_Set_Vol  bsp_dac.o
    0x08001990   0x08001990   0x00000048   Code   RO         4550    i.DA_Display_Test   bsp_test.o
    0x080019d8   0x080019d8   0x0000000c   Code   RO          482    i.DMA1_Channel1_IRQHandler  stm32g4xx_it.o
    0x080019e4   0x080019e4   0x0000000c   Code   RO          483    i.DMA1_Channel2_IRQHandler  stm32g4xx_it.o
    0x080019f0   0x080019f0   0x00000040   Code   RO         1903    i.DMA_CalcDMAMUXChannelBaseAndMask  stm32g4xx_hal_dma.o
    0x08001a30   0x08001a30   0x00000024   Code   RO         1904    i.DMA_CalcDMAMUXRequestGenBaseAndMask  stm32g4xx_hal_dma.o
    0x08001a54   0x08001a54   0x0000003e   Code   RO         1905    i.DMA_SetConfig     stm32g4xx_hal_dma.o
    0x08001a92   0x08001a92   0x00000002   Code   RO          484    i.DebugMon_Handler  stm32g4xx_it.o
    0x08001a94   0x08001a94   0x0000001c   Code   RO         4724    i.Delay_LCD         lcd.o
    0x08001ab0   0x08001ab0   0x00000004   Code   RO           13    i.Error_Handler     main.o
    0x08001ab4   0x08001ab4   0x000000d8   Code   RO          878    i.HAL_ADCEx_MultiModeConfigChannel  stm32g4xx_hal_adc_ex.o
    0x08001b8c   0x08001b8c   0x00000418   Code   RO          630    i.HAL_ADC_ConfigChannel  stm32g4xx_hal_adc.o
    0x08001fa4   0x08001fa4   0x00000002   Code   RO          631    i.HAL_ADC_ConvCpltCallback  stm32g4xx_hal_adc.o
    0x08001fa6   0x08001fa6   0x00000002   Code   RO          632    i.HAL_ADC_ConvHalfCpltCallback  stm32g4xx_hal_adc.o
    0x08001fa8   0x08001fa8   0x00000002   Code   RO          634    i.HAL_ADC_ErrorCallback  stm32g4xx_hal_adc.o
    0x08001faa   0x08001faa   0x00000002   PAD
    0x08001fac   0x08001fac   0x000001fc   Code   RO          639    i.HAL_ADC_Init      stm32g4xx_hal_adc.o
    0x080021a8   0x080021a8   0x00000150   Code   RO          252    i.HAL_ADC_MspInit   adc.o
    0x080022f8   0x080022f8   0x000000f0   Code   RO          647    i.HAL_ADC_Start_DMA  stm32g4xx_hal_adc.o
    0x080023e8   0x080023e8   0x00000002   Code   RO         2694    i.HAL_DACEx_DMAUnderrunCallbackCh2  stm32g4xx_hal_dac_ex.o
    0x080023ea   0x080023ea   0x00000038   Code   RO         2709    i.HAL_DACEx_TriangleWaveGenerate  stm32g4xx_hal_dac_ex.o
    0x08002422   0x08002422   0x00000002   PAD
    0x08002424   0x08002424   0x000001b4   Code   RO         2548    i.HAL_DAC_ConfigChannel  stm32g4xx_hal_dac.o
    0x080025d8   0x080025d8   0x00000002   Code   RO         2551    i.HAL_DAC_DMAUnderrunCallbackCh1  stm32g4xx_hal_dac.o
    0x080025da   0x080025da   0x00000068   Code   RO         2557    i.HAL_DAC_IRQHandler  stm32g4xx_hal_dac.o
    0x08002642   0x08002642   0x00000028   Code   RO         2558    i.HAL_DAC_Init      stm32g4xx_hal_dac.o
    0x0800266a   0x0800266a   0x00000002   PAD
    0x0800266c   0x0800266c   0x0000006c   Code   RO          301    i.HAL_DAC_MspInit   dac.o
    0x080026d8   0x080026d8   0x0000001a   Code   RO         2561    i.HAL_DAC_SetValue  stm32g4xx_hal_dac.o
    0x080026f2   0x080026f2   0x00000068   Code   RO         2562    i.HAL_DAC_Start     stm32g4xx_hal_dac.o
    0x0800275a   0x0800275a   0x0000006a   Code   RO         1906    i.HAL_DMA_Abort     stm32g4xx_hal_dma.o
    0x080027c4   0x080027c4   0x00000078   Code   RO         1907    i.HAL_DMA_Abort_IT  stm32g4xx_hal_dma.o
    0x0800283c   0x0800283c   0x000000ba   Code   RO         1911    i.HAL_DMA_IRQHandler  stm32g4xx_hal_dma.o
    0x080028f6   0x080028f6   0x00000002   PAD
    0x080028f8   0x080028f8   0x000000c0   Code   RO         1912    i.HAL_DMA_Init      stm32g4xx_hal_dma.o
    0x080029b8   0x080029b8   0x0000008c   Code   RO         1916    i.HAL_DMA_Start_IT  stm32g4xx_hal_dma.o
    0x08002a44   0x08002a44   0x00000024   Code   RO         1077    i.HAL_Delay         stm32g4xx_hal.o
    0x08002a68   0x08002a68   0x00000248   Code   RO         1768    i.HAL_GPIO_Init     stm32g4xx_hal_gpio.o
    0x08002cb0   0x08002cb0   0x0000000a   Code   RO         1770    i.HAL_GPIO_ReadPin  stm32g4xx_hal_gpio.o
    0x08002cba   0x08002cba   0x0000000a   Code   RO         1772    i.HAL_GPIO_WritePin  stm32g4xx_hal_gpio.o
    0x08002cc4   0x08002cc4   0x0000000c   Code   RO         1081    i.HAL_GetTick       stm32g4xx_hal.o
    0x08002cd0   0x08002cd0   0x0000000c   Code   RO         1082    i.HAL_GetTickFreq   stm32g4xx_hal.o
    0x08002cdc   0x08002cdc   0x00000010   Code   RO         1084    i.HAL_IncTick       stm32g4xx_hal.o
    0x08002cec   0x08002cec   0x0000001e   Code   RO         1085    i.HAL_Init          stm32g4xx_hal.o
    0x08002d0a   0x08002d0a   0x00000002   PAD
    0x08002d0c   0x08002d0c   0x00000044   Code   RO         1086    i.HAL_InitTick      stm32g4xx_hal.o
    0x08002d50   0x08002d50   0x00000030   Code   RO          599    i.HAL_MspInit       stm32g4xx_hal_msp.o
    0x08002d80   0x08002d80   0x0000001a   Code   RO         2415    i.HAL_NVIC_EnableIRQ  stm32g4xx_hal_cortex.o
    0x08002d9a   0x08002d9a   0x00000002   PAD
    0x08002d9c   0x08002d9c   0x00000040   Code   RO         2421    i.HAL_NVIC_SetPriority  stm32g4xx_hal_cortex.o
    0x08002ddc   0x08002ddc   0x00000024   Code   RO         2422    i.HAL_NVIC_SetPriorityGrouping  stm32g4xx_hal_cortex.o
    0x08002e00   0x08002e00   0x000000bc   Code   RO         2171    i.HAL_PWREx_ControlVoltageScaling  stm32g4xx_hal_pwr_ex.o
    0x08002ebc   0x08002ebc   0x00000010   Code   RO         2183    i.HAL_PWREx_DisableUCPDDeadBattery  stm32g4xx_hal_pwr_ex.o
    0x08002ecc   0x08002ecc   0x00000288   Code   RO         1430    i.HAL_RCCEx_PeriphCLKConfig  stm32g4xx_hal_rcc_ex.o
    0x08003154   0x08003154   0x000001dc   Code   RO         1305    i.HAL_RCC_ClockConfig  stm32g4xx_hal_rcc.o
    0x08003330   0x08003330   0x0000000c   Code   RO         1311    i.HAL_RCC_GetHCLKFreq  stm32g4xx_hal_rcc.o
    0x0800333c   0x0800333c   0x00000024   Code   RO         1313    i.HAL_RCC_GetPCLK1Freq  stm32g4xx_hal_rcc.o
    0x08003360   0x08003360   0x00000024   Code   RO         1314    i.HAL_RCC_GetPCLK2Freq  stm32g4xx_hal_rcc.o
    0x08003384   0x08003384   0x00000070   Code   RO         1315    i.HAL_RCC_GetSysClockFreq  stm32g4xx_hal_rcc.o
    0x080033f4   0x080033f4   0x0000040c   Code   RO         1318    i.HAL_RCC_OscConfig  stm32g4xx_hal_rcc.o
    0x08003800   0x08003800   0x00000028   Code   RO         2426    i.HAL_SYSTICK_Config  stm32g4xx_hal_cortex.o
    0x08003828   0x08003828   0x00000002   Code   RO         3549    i.HAL_TIMEx_Break2Callback  stm32g4xx_hal_tim_ex.o
    0x0800382a   0x0800382a   0x00000002   Code   RO         3550    i.HAL_TIMEx_BreakCallback  stm32g4xx_hal_tim_ex.o
    0x0800382c   0x0800382c   0x00000002   Code   RO         3551    i.HAL_TIMEx_CommutCallback  stm32g4xx_hal_tim_ex.o
    0x0800382e   0x0800382e   0x00000002   PAD
    0x08003830   0x08003830   0x000000ac   Code   RO         3554    i.HAL_TIMEx_ConfigBreakDeadTime  stm32g4xx_hal_tim_ex.o
    0x080038dc   0x080038dc   0x00000002   Code   RO         3562    i.HAL_TIMEx_DirectionChangeCallback  stm32g4xx_hal_tim_ex.o
    0x080038de   0x080038de   0x00000002   Code   RO         3576    i.HAL_TIMEx_EncoderIndexCallback  stm32g4xx_hal_tim_ex.o
    0x080038e0   0x080038e0   0x00000002   Code   RO         3590    i.HAL_TIMEx_IndexErrorCallback  stm32g4xx_hal_tim_ex.o
    0x080038e2   0x080038e2   0x00000002   PAD
    0x080038e4   0x080038e4   0x0000009c   Code   RO         3591    i.HAL_TIMEx_MasterConfigSynchronization  stm32g4xx_hal_tim_ex.o
    0x08003980   0x08003980   0x00000002   Code   RO         3612    i.HAL_TIMEx_TransitionErrorCallback  stm32g4xx_hal_tim_ex.o
    0x08003982   0x08003982   0x00000062   Code   RO         2835    i.HAL_TIM_Base_Init  stm32g4xx_hal_tim.o
    0x080039e4   0x080039e4   0x0000012c   Code   RO          367    i.HAL_TIM_Base_MspInit  tim.o
    0x08003b10   0x08003b10   0x0000006c   Code   RO         2838    i.HAL_TIM_Base_Start  stm32g4xx_hal_tim.o
    0x08003b7c   0x08003b7c   0x00000078   Code   RO         2840    i.HAL_TIM_Base_Start_IT  stm32g4xx_hal_tim.o
    0x08003bf4   0x08003bf4   0x00000100   Code   RO         2844    i.HAL_TIM_ConfigClockSource  stm32g4xx_hal_tim.o
    0x08003cf4   0x08003cf4   0x000000ac   Code   RO         5167    i.HAL_TIM_IC_CaptureCallback  bsp_tim.o
    0x08003da0   0x08003da0   0x0000011e   Code   RO         2871    i.HAL_TIM_IC_ConfigChannel  stm32g4xx_hal_tim.o
    0x08003ebe   0x08003ebe   0x00000062   Code   RO         2874    i.HAL_TIM_IC_Init   stm32g4xx_hal_tim.o
    0x08003f20   0x08003f20   0x00000002   Code   RO         2876    i.HAL_TIM_IC_MspInit  stm32g4xx_hal_tim.o
    0x08003f22   0x08003f22   0x00000002   PAD
    0x08003f24   0x08003f24   0x0000012c   Code   RO         2879    i.HAL_TIM_IC_Start_IT  stm32g4xx_hal_tim.o
    0x08004050   0x08004050   0x000001fc   Code   RO         2883    i.HAL_TIM_IRQHandler  stm32g4xx_hal_tim.o
    0x0800424c   0x0800424c   0x00000078   Code   RO          368    i.HAL_TIM_MspPostInit  tim.o
    0x080042c4   0x080042c4   0x0000006e   Code   RO         2884    i.HAL_TIM_OC_ConfigChannel  stm32g4xx_hal_tim.o
    0x08004332   0x08004332   0x00000002   PAD
    0x08004334   0x08004334   0x0000007c   Code   RO         5168    i.HAL_TIM_OC_DelayElapsedCallback  bsp_tim.o
    0x080043b0   0x080043b0   0x00000062   Code   RO         2888    i.HAL_TIM_OC_Init   stm32g4xx_hal_tim.o
    0x08004412   0x08004412   0x00000002   Code   RO         2890    i.HAL_TIM_OC_MspInit  stm32g4xx_hal_tim.o
    0x08004414   0x08004414   0x00000128   Code   RO         2893    i.HAL_TIM_OC_Start_IT  stm32g4xx_hal_tim.o
    0x0800453c   0x0800453c   0x00000124   Code   RO         2907    i.HAL_TIM_PWM_ConfigChannel  stm32g4xx_hal_tim.o
    0x08004660   0x08004660   0x00000062   Code   RO         2910    i.HAL_TIM_PWM_Init  stm32g4xx_hal_tim.o
    0x080046c2   0x080046c2   0x00000002   Code   RO         2912    i.HAL_TIM_PWM_MspInit  stm32g4xx_hal_tim.o
    0x080046c4   0x080046c4   0x00000002   Code   RO         2913    i.HAL_TIM_PWM_PulseFinishedCallback  stm32g4xx_hal_tim.o
    0x080046c6   0x080046c6   0x00000002   PAD
    0x080046c8   0x080046c8   0x000000fc   Code   RO         2915    i.HAL_TIM_PWM_Start  stm32g4xx_hal_tim.o
    0x080047c4   0x080047c4   0x00000024   Code   RO         5169    i.HAL_TIM_PeriodElapsedCallback  bsp_tim.o
    0x080047e8   0x080047e8   0x0000002a   Code   RO         2923    i.HAL_TIM_ReadCapturedValue  stm32g4xx_hal_tim.o
    0x08004812   0x08004812   0x00000056   Code   RO         2924    i.HAL_TIM_SlaveConfigSynchro  stm32g4xx_hal_tim.o
    0x08004868   0x08004868   0x00000002   Code   RO         2926    i.HAL_TIM_TriggerCallback  stm32g4xx_hal_tim.o
    0x0800486a   0x0800486a   0x0000003e   Code   RO         4398    i.HAL_UARTEx_DisableFifoMode  stm32g4xx_hal_uart_ex.o
    0x080048a8   0x080048a8   0x00000002   Code   RO         3987    i.HAL_UARTEx_RxEventCallback  stm32g4xx_hal_uart.o
    0x080048aa   0x080048aa   0x00000002   Code   RO         4405    i.HAL_UARTEx_RxFifoFullCallback  stm32g4xx_hal_uart_ex.o
    0x080048ac   0x080048ac   0x0000004c   Code   RO         4406    i.HAL_UARTEx_SetRxFifoThreshold  stm32g4xx_hal_uart_ex.o
    0x080048f8   0x080048f8   0x0000004c   Code   RO         4407    i.HAL_UARTEx_SetTxFifoThreshold  stm32g4xx_hal_uart_ex.o
    0x08004944   0x08004944   0x00000002   Code   RO         4409    i.HAL_UARTEx_TxFifoEmptyCallback  stm32g4xx_hal_uart_ex.o
    0x08004946   0x08004946   0x00000002   Code   RO         4410    i.HAL_UARTEx_WakeupCallback  stm32g4xx_hal_uart_ex.o
    0x08004948   0x08004948   0x00000002   Code   RO         4003    i.HAL_UART_ErrorCallback  stm32g4xx_hal_uart.o
    0x0800494a   0x0800494a   0x00000002   PAD
    0x0800494c   0x0800494c   0x000002e0   Code   RO         4006    i.HAL_UART_IRQHandler  stm32g4xx_hal_uart.o
    0x08004c2c   0x08004c2c   0x0000006a   Code   RO         4007    i.HAL_UART_Init     stm32g4xx_hal_uart.o
    0x08004c96   0x08004c96   0x00000002   PAD
    0x08004c98   0x08004c98   0x0000008c   Code   RO          439    i.HAL_UART_MspInit  usart.o
    0x08004d24   0x08004d24   0x00000054   Code   RO         4012    i.HAL_UART_Receive_IT  stm32g4xx_hal_uart.o
    0x08004d78   0x08004d78   0x00000044   Code   RO         4930    i.HAL_UART_RxCpltCallback  bsp_usart.o
    0x08004dbc   0x08004dbc   0x000000bc   Code   RO         4016    i.HAL_UART_Transmit  stm32g4xx_hal_uart.o
    0x08004e78   0x08004e78   0x00000002   Code   RO         4019    i.HAL_UART_TxCpltCallback  stm32g4xx_hal_uart.o
    0x08004e7a   0x08004e7a   0x00000002   Code   RO          485    i.HardFault_Handler  stm32g4xx_it.o
    0x08004e7c   0x08004e7c   0x0000002c   Code   RO         4969    i.I2CInit           i2c - hal.o
    0x08004ea8   0x08004ea8   0x0000004e   Code   RO         4970    i.I2CReceiveByte    i2c - hal.o
    0x08004ef6   0x08004ef6   0x00000030   Code   RO         4971    i.I2CSendAck        i2c - hal.o
    0x08004f26   0x08004f26   0x0000004e   Code   RO         4972    i.I2CSendByte       i2c - hal.o
    0x08004f74   0x08004f74   0x00000030   Code   RO         4973    i.I2CSendNotAck     i2c - hal.o
    0x08004fa4   0x08004fa4   0x00000036   Code   RO         4974    i.I2CStart          i2c - hal.o
    0x08004fda   0x08004fda   0x00000036   Code   RO         4975    i.I2CStop           i2c - hal.o
    0x08005010   0x08005010   0x00000050   Code   RO         4976    i.I2CWaitAck        i2c - hal.o
    0x08005060   0x08005060   0x0000008c   Code   RO         4551    i.IIC_Test_24C02    bsp_test.o
    0x080050ec   0x080050ec   0x00000078   Code   RO         4552    i.IIC_Test_MCP4017  bsp_test.o
    0x08005164   0x08005164   0x000000ac   Code   RO         4553    i.KeyProcess        bsp_test.o
    0x08005210   0x08005210   0x00000070   Code   RO         4700    i.Key_scan          bsp_button.o
    0x08005280   0x08005280   0x0000002c   Code   RO         4725    i.LCD_BusIn         lcd.o
    0x080052ac   0x080052ac   0x00000030   Code   RO         4726    i.LCD_BusOut        lcd.o
    0x080052dc   0x080052dc   0x00000024   Code   RO         4727    i.LCD_Clear         lcd.o
    0x08005300   0x08005300   0x00000090   Code   RO         4729    i.LCD_CtrlLinesConfig  lcd.o
    0x08005390   0x08005390   0x00000018   Code   RO         4730    i.LCD_DisplayChar   lcd.o
    0x080053a8   0x080053a8   0x0000002a   Code   RO         4733    i.LCD_DisplayStringLine  lcd.o
    0x080053d2   0x080053d2   0x00000002   PAD
    0x080053d4   0x080053d4   0x00000058   Code   RO         4734    i.LCD_DrawChar      lcd.o
    0x0800542c   0x0800542c   0x00000034   Code   RO         4740    i.LCD_Init          lcd.o
    0x08005460   0x08005460   0x00000080   Code   RO         4743    i.LCD_ReadReg       lcd.o
    0x080054e0   0x080054e0   0x00000010   Code   RO         4744    i.LCD_SetBackColor  lcd.o
    0x080054f0   0x080054f0   0x00000018   Code   RO         4745    i.LCD_SetCursor     lcd.o
    0x08005508   0x08005508   0x00000010   Code   RO         4747    i.LCD_SetTextColor  lcd.o
    0x08005518   0x08005518   0x000000fc   Code   RO         4554    i.LCD_TestTask      bsp_test.o
    0x08005614   0x08005614   0x00000058   Code   RO         4750    i.LCD_WriteRAM      lcd.o
    0x0800566c   0x0800566c   0x0000005c   Code   RO         4751    i.LCD_WriteRAM_Prepare  lcd.o
    0x080056c8   0x080056c8   0x0000006c   Code   RO         4752    i.LCD_WriteReg      lcd.o
    0x08005734   0x08005734   0x00000054   Code   RO         4670    i.LED_Control       bsp_led.o
    0x08005788   0x08005788   0x0000000c   Code   RO          653    i.LL_ADC_GetOffsetChannel  stm32g4xx_hal_adc.o
    0x08005794   0x08005794   0x00000008   Code   RO          654    i.LL_ADC_INJ_IsConversionOngoing  stm32g4xx_hal_adc.o
    0x0800579c   0x0800579c   0x00000008   Code   RO          655    i.LL_ADC_REG_IsConversionOngoing  stm32g4xx_hal_adc.o
    0x080057a4   0x080057a4   0x00000008   Code   RO          888    i.LL_ADC_REG_IsConversionOngoing  stm32g4xx_hal_adc_ex.o
    0x080057ac   0x080057ac   0x00000010   Code   RO          656    i.LL_ADC_REG_IsTriggerSourceSWStart  stm32g4xx_hal_adc.o
    0x080057bc   0x080057bc   0x0000001e   Code   RO          658    i.LL_ADC_SetChannelSamplingTime  stm32g4xx_hal_adc.o
    0x080057da   0x080057da   0x00000010   Code   RO          659    i.LL_ADC_SetOffsetState  stm32g4xx_hal_adc.o
    0x080057ea   0x080057ea   0x00000002   PAD
    0x080057ec   0x080057ec   0x00000090   Code   RO          253    i.MX_ADC1_Init      adc.o
    0x0800587c   0x0800587c   0x0000007c   Code   RO          254    i.MX_ADC2_Init      adc.o
    0x080058f8   0x080058f8   0x00000080   Code   RO          302    i.MX_DAC1_Init      dac.o
    0x08005978   0x08005978   0x0000004c   Code   RO          342    i.MX_DMA_Init       dma.o
    0x080059c4   0x080059c4   0x00000138   Code   RO          227    i.MX_GPIO_Init      gpio.o
    0x08005afc   0x08005afc   0x000000e8   Code   RO          369    i.MX_TIM15_Init     tim.o
    0x08005be4   0x08005be4   0x000000cc   Code   RO          370    i.MX_TIM2_Init      tim.o
    0x08005cb0   0x08005cb0   0x000000b8   Code   RO          371    i.MX_TIM3_Init      tim.o
    0x08005d68   0x08005d68   0x000000ac   Code   RO          372    i.MX_TIM4_Init      tim.o
    0x08005e14   0x08005e14   0x00000048   Code   RO          373    i.MX_TIM6_Init      tim.o
    0x08005e5c   0x08005e5c   0x00000070   Code   RO          440    i.MX_USART1_UART_Init  usart.o
    0x08005ecc   0x08005ecc   0x00000002   Code   RO          486    i.MemManage_Handler  stm32g4xx_it.o
    0x08005ece   0x08005ece   0x00000002   Code   RO          487    i.NMI_Handler       stm32g4xx_it.o
    0x08005ed0   0x08005ed0   0x00000002   Code   RO          488    i.PendSV_Handler    stm32g4xx_it.o
    0x08005ed2   0x08005ed2   0x00000002   PAD
    0x08005ed4   0x08005ed4   0x0000017c   Code   RO         4555    i.PulseMeasure_Test  bsp_test.o
    0x08006050   0x08006050   0x00000112   Code   RO         4753    i.REG_8230_Init     lcd.o
    0x08006162   0x08006162   0x00000202   Code   RO         4754    i.REG_932X_Init     lcd.o
    0x08006364   0x08006364   0x00000018   Code   RO         4977    i.SCL_Output        i2c - hal.o
    0x0800637c   0x0800637c   0x00000018   Code   RO         4978    i.SDA_Input         i2c - hal.o
    0x08006394   0x08006394   0x0000002c   Code   RO         4979    i.SDA_Input_Mode    i2c - hal.o
    0x080063c0   0x080063c0   0x00000018   Code   RO         4980    i.SDA_Output        i2c - hal.o
    0x080063d8   0x080063d8   0x0000002c   Code   RO         4981    i.SDA_Output_Mode   i2c - hal.o
    0x08006404   0x08006404   0x00000002   Code   RO          489    i.SVC_Handler       stm32g4xx_it.o
    0x08006406   0x08006406   0x00000004   Code   RO          490    i.SysTick_Handler   stm32g4xx_it.o
    0x0800640a   0x0800640a   0x00000066   Code   RO           14    i.SystemClock_Config  main.o
    0x08006470   0x08006470   0x00000010   Code   RO         4511    i.SystemInit        system_stm32g4xx.o
    0x08006480   0x08006480   0x0000000c   Code   RO          491    i.TIM2_IRQHandler   stm32g4xx_it.o
    0x0800648c   0x0800648c   0x0000000c   Code   RO          492    i.TIM3_IRQHandler   stm32g4xx_it.o
    0x08006498   0x08006498   0x0000000c   Code   RO          493    i.TIM4_IRQHandler   stm32g4xx_it.o
    0x080064a4   0x080064a4   0x0000001c   Code   RO          494    i.TIM6_DAC_IRQHandler  stm32g4xx_it.o
    0x080064c0   0x080064c0   0x000000b0   Code   RO         2928    i.TIM_Base_SetConfig  stm32g4xx_hal_tim.o
    0x08006570   0x08006570   0x0000001a   Code   RO         2929    i.TIM_CCxChannelCmd  stm32g4xx_hal_tim.o
    0x0800658a   0x0800658a   0x00000014   Code   RO         2939    i.TIM_ETR_SetConfig  stm32g4xx_hal_tim.o
    0x0800659e   0x0800659e   0x00000002   PAD
    0x080065a0   0x080065a0   0x00000014   Code   RO         2940    i.TIM_ITRx_SetConfig  stm32g4xx_hal_tim.o
    0x080065b4   0x080065b4   0x0000009c   Code   RO         2941    i.TIM_OC1_SetConfig  stm32g4xx_hal_tim.o
    0x08006650   0x08006650   0x00000090   Code   RO         2942    i.TIM_OC2_SetConfig  stm32g4xx_hal_tim.o
    0x080066e0   0x080066e0   0x00000090   Code   RO         2943    i.TIM_OC3_SetConfig  stm32g4xx_hal_tim.o
    0x08006770   0x08006770   0x00000090   Code   RO         2944    i.TIM_OC4_SetConfig  stm32g4xx_hal_tim.o
    0x08006800   0x08006800   0x00000070   Code   RO         2945    i.TIM_OC5_SetConfig  stm32g4xx_hal_tim.o
    0x08006870   0x08006870   0x00000070   Code   RO         2946    i.TIM_OC6_SetConfig  stm32g4xx_hal_tim.o
    0x080068e0   0x080068e0   0x000000d0   Code   RO         2947    i.TIM_SlaveTimer_SetConfig  stm32g4xx_hal_tim.o
    0x080069b0   0x080069b0   0x00000022   Code   RO         2948    i.TIM_TI1_ConfigInputStage  stm32g4xx_hal_tim.o
    0x080069d2   0x080069d2   0x00000002   PAD
    0x080069d4   0x080069d4   0x0000006c   Code   RO         2949    i.TIM_TI1_SetConfig  stm32g4xx_hal_tim.o
    0x08006a40   0x08006a40   0x00000024   Code   RO         2950    i.TIM_TI2_ConfigInputStage  stm32g4xx_hal_tim.o
    0x08006a64   0x08006a64   0x00000036   Code   RO         2951    i.TIM_TI2_SetConfig  stm32g4xx_hal_tim.o
    0x08006a9a   0x08006a9a   0x00000002   PAD
    0x08006a9c   0x08006a9c   0x00000044   Code   RO         4411    i.UARTEx_SetNbDataToProcess  stm32g4xx_hal_uart_ex.o
    0x08006ae0   0x08006ae0   0x000000c8   Code   RO         4021    i.UART_AdvFeatureConfig  stm32g4xx_hal_uart.o
    0x08006ba8   0x08006ba8   0x00000060   Code   RO         4022    i.UART_CheckIdleState  stm32g4xx_hal_uart.o
    0x08006c08   0x08006c08   0x00000014   Code   RO         4023    i.UART_DMAAbortOnError  stm32g4xx_hal_uart.o
    0x08006c1c   0x08006c1c   0x00000054   Code   RO         4033    i.UART_EndRxTransfer  stm32g4xx_hal_uart.o
    0x08006c70   0x08006c70   0x000000a2   Code   RO         4035    i.UART_RxISR_16BIT  stm32g4xx_hal_uart.o
    0x08006d12   0x08006d12   0x00000002   PAD
    0x08006d14   0x08006d14   0x00000174   Code   RO         4036    i.UART_RxISR_16BIT_FIFOEN  stm32g4xx_hal_uart.o
    0x08006e88   0x08006e88   0x000000a2   Code   RO         4037    i.UART_RxISR_8BIT   stm32g4xx_hal_uart.o
    0x08006f2a   0x08006f2a   0x00000002   PAD
    0x08006f2c   0x08006f2c   0x00000174   Code   RO         4038    i.UART_RxISR_8BIT_FIFOEN  stm32g4xx_hal_uart.o
    0x080070a0   0x080070a0   0x00000274   Code   RO         4039    i.UART_SetConfig    stm32g4xx_hal_uart.o
    0x08007314   0x08007314   0x00000118   Code   RO         4041    i.UART_Start_Receive_IT  stm32g4xx_hal_uart.o
    0x0800742c   0x0800742c   0x000000c6   Code   RO         4046    i.UART_WaitOnFlagUntilTimeout  stm32g4xx_hal_uart.o
    0x080074f2   0x080074f2   0x00000002   PAD
    0x080074f4   0x080074f4   0x0000000c   Code   RO          495    i.USART1_IRQHandler  stm32g4xx_it.o
    0x08007500   0x08007500   0x00000054   Code   RO         4556    i.Uart1_RX_Pro      bsp_test.o
    0x08007554   0x08007554   0x00000024   Code   RO         4931    i.Uart1_Send        bsp_usart.o
    0x08007578   0x08007578   0x00000002   Code   RO          496    i.UsageFault_Handler  stm32g4xx_it.o
    0x0800757a   0x0800757a   0x00000030   Code   RO         5392    i.__ARM_fpclassify  m_wm.l(fpclassify.o)
    0x080075aa   0x080075aa   0x00000020   Code   RO         2428    i.__NVIC_SetPriority  stm32g4xx_hal_cortex.o
    0x080075ca   0x080075ca   0x0000000e   Code   RO         5272    i._is_digit         c_w.l(__printf_wp.o)
    0x080075d8   0x080075d8   0x0000000c   Code   RO         4982    i.delay1            i2c - hal.o
    0x080075e4   0x080075e4   0x00000052   Code   RO         5069    i.iic_24c02_read    bsp_24c02.o
    0x08007636   0x08007636   0x00000002   PAD
    0x08007638   0x08007638   0x0000003e   Code   RO         5070    i.iic_24c02_write   bsp_24c02.o
    0x08007676   0x08007676   0x00000022   Code   RO         5106    i.iic_mcp4017_read  bsp_mcp4017.o
    0x08007698   0x08007698   0x00000024   Code   RO         5107    i.iic_mcp4017_write  bsp_mcp4017.o
    0x080076bc   0x080076bc   0x00000118   Code   RO           15    i.main              main.o
    0x080077d4   0x080077d4   0x0000002c   Code   RO         5388    locale$$code        c_w.l(lc_numeric_c.o)
    0x08007800   0x08007800   0x00000062   Code   RO         5295    x$fpl$d2f           fz_wm.l(d2f.o)
    0x08007862   0x08007862   0x00000026   Code   RO         5297    x$fpl$dfltu         fz_wm.l(dflt_clz.o)
    0x08007888   0x08007888   0x00000154   Code   RO         5303    x$fpl$dmul          fz_wm.l(dmul.o)
    0x080079dc   0x080079dc   0x0000009c   Code   RO         5325    x$fpl$dnaninf       fz_wm.l(dnaninf.o)
    0x08007a78   0x08007a78   0x0000000c   Code   RO         5327    x$fpl$dretinf       fz_wm.l(dretinf.o)
    0x08007a84   0x08007a84   0x00000056   Code   RO         5305    x$fpl$f2d           fz_wm.l(f2d.o)
    0x08007ada   0x08007ada   0x0000008c   Code   RO         5329    x$fpl$fnaninf       fz_wm.l(fnaninf.o)
    0x08007b66   0x08007b66   0x0000000a   Code   RO         5468    x$fpl$fpinit        fz_wm.l(fpinit.o)
    0x08007b70   0x08007b70   0x0000000a   Code   RO         5331    x$fpl$fretinf       fz_wm.l(fretinf.o)
    0x08007b7a   0x08007b7a   0x00000004   Code   RO         5307    x$fpl$printf1       fz_wm.l(printf1.o)
    0x08007b7e   0x08007b7e   0x00000000   Code   RO         5333    x$fpl$usenofp       fz_wm.l(usenofp.o)
    0x08007b7e   0x08007b7e   0x00000018   Data   RO         4047    .constdata          stm32g4xx_hal_uart.o
    0x08007b96   0x08007b96   0x00000010   Data   RO         4412    .constdata          stm32g4xx_hal_uart_ex.o
    0x08007ba6   0x08007ba6   0x00000010   Data   RO         4512    .constdata          system_stm32g4xx.o
    0x08007bb6   0x08007bb6   0x00000008   Data   RO         4513    .constdata          system_stm32g4xx.o
    0x08007bbe   0x08007bbe   0x000011d0   Data   RO         4755    .constdata          lcd.o
    0x08008d8e   0x08008d8e   0x00000002   PAD
    0x08008d90   0x08008d90   0x00000094   Data   RO         5363    .constdata          c_w.l(bigflt0.o)
    0x08008e24   0x08008e24   0x00000020   Data   RO         5539    Region$$Table       anon$$obj.o
    0x08008e44   0x08008e44   0x0000001c   Data   RO         5387    locale$$data        c_w.l(lc_numeric_c.o)


    Execution Region RW_IRAM1 (Exec base: 0x20000000, Load base: 0x08008e60, Size: 0x00000b30, Max: 0x00008000, ABSOLUTE)

    Exec Addr    Load Addr    Size         Type   Attr      Idx    E Section Name        Object

    0x20000000   0x08008e60   0x00000004   Data   RW          256    .data               adc.o
    0x20000004   0x08008e64   0x00000001   Data   RW          442    .data               usart.o
    0x20000005   0x08008e65   0x00000003   PAD
    0x20000008   0x08008e68   0x0000000c   Data   RW         1105    .data               stm32g4xx_hal.o
    0x20000014   0x08008e74   0x00000004   Data   RW         4514    .data               system_stm32g4xx.o
    0x20000018   0x08008e78   0x00000014   Data   RW         4558    .data               bsp_test.o
    0x2000002c   0x08008e8c   0x00000001   Data   RW         4671    .data               bsp_led.o
    0x2000002d   0x08008e8d   0x00000001   PAD
    0x2000002e   0x08008e8e   0x00000006   Data   RW         4756    .data               lcd.o
    0x20000034   0x08008e94   0x00000001   Data   RW         4934    .data               bsp_usart.o
    0x20000035   0x08008e95   0x00000001   Data   RW         4935    .data               bsp_usart.o
    0x20000036   0x08008e96   0x00000002   PAD
    0x20000038   0x08008e98   0x00000004   Data   RW         5170    .data               bsp_tim.o
    0x2000003c   0x08008e9c   0x00000004   Data   RW         5171    .data               bsp_tim.o
    0x20000040   0x08008ea0   0x00000004   Data   RW         5172    .data               bsp_tim.o
    0x20000044   0x08008ea4   0x00000004   Data   RW         5173    .data               bsp_tim.o
    0x20000048   0x08008ea8   0x00000022   Data   RW         5174    .data               bsp_tim.o
    0x2000006a   0x08008eca   0x00000002   PAD
    0x2000006c   0x08008ecc   0x00000004   Data   RW         5222    .data               bsp_dac.o
    0x20000070        -       0x00000198   Zero   RW          255    .bss                adc.o
    0x20000208        -       0x00000014   Zero   RW          303    .bss                dac.o
    0x2000021c        -       0x0000017c   Zero   RW          374    .bss                tim.o
    0x20000398        -       0x00000090   Zero   RW          441    .bss                usart.o
    0x20000428        -       0x00000019   Zero   RW         4557    .bss                bsp_test.o
    0x20000441        -       0x00000014   Zero   RW         4932    .bss                bsp_usart.o
    0x20000455        -       0x00000014   Zero   RW         4933    .bss                bsp_usart.o
    0x20000469        -       0x0000000a   Zero   RW         5071    .bss                bsp_24c02.o
    0x20000473        -       0x0000000a   Zero   RW         5072    .bss                bsp_24c02.o
    0x2000047d   0x08008ed0   0x00000003   PAD
    0x20000480        -       0x00000050   Zero   RW         5137    .bss                bsp_ad.o
    0x200004d0        -       0x00000060   Zero   RW         5395    .bss                c_w.l(libspace.o)
    0x20000530        -       0x00000200   Zero   RW            2    HEAP                startup_stm32g431xx.o
    0x20000730        -       0x00000400   Zero   RW            1    STACK               startup_stm32g431xx.o


==============================================================================

Image component sizes


      Code (inc. data)   RO Data    RW Data    ZI Data      Debug   Object Name

       604         48          0          4        408       2986   adc.o
       144          0          0          0         20       2253   bsp_24c02.o
        60         14          0          0         80       1224   bsp_ad.o
       112          4          0          0          0        683   bsp_button.o
        48         14          0          4          0        806   bsp_dac.o
        84         10          0          1          0        858   bsp_led.o
        70          0          0          0          0       1187   bsp_mcp4017.o
      1508        484          0         20         25       8201   bsp_test.o
       380         48          0         50          0       4271   bsp_tim.o
       104         28          0          2         40       1917   bsp_usart.o
       236         20          0          0         20       1865   dac.o
        76          4          0          0          0        878   dma.o
       312         16          0          0          0       1131   gpio.o
       656         28          0          0          0       8273   i2c - hal.o
      1766         76       4560          6          0      11866   lcd.o
       386         62          0          0          0     686557   main.o
        64         26        472          0       1536        864   startup_stm32g431xx.o
       174         30          0         12          0       5103   stm32g4xx_hal.o
      2148        114          0          0          0      80097   stm32g4xx_hal_adc.o
       224          8          0          0          0      67755   stm32g4xx_hal_adc_ex.o
       198         14          0          0          0      34023   stm32g4xx_hal_cortex.o
       712          8          0          0          0       5624   stm32g4xx_hal_dac.o
        58          0          0          0          0       1872   stm32g4xx_hal_dac_ex.o
       906         30          0          0          0       6830   stm32g4xx_hal_dma.o
       604         34          0          0          0       3115   stm32g4xx_hal_gpio.o
        48          6          0          0          0        922   stm32g4xx_hal_msp.o
       204         18          0          0          0       1465   stm32g4xx_hal_pwr_ex.o
      1708         98          0          0          0       6952   stm32g4xx_hal_rcc.o
       648         10          0          0          0       1932   stm32g4xx_hal_rcc_ex.o
      4552        378          0          0          0      30245   stm32g4xx_hal_tim.o
       342         32          0          0          0       6616   stm32g4xx_hal_tim_ex.o
      3694        124         24          0          0      37250   stm32g4xx_hal_uart.o
       288          6         16          0          0       5586   stm32g4xx_hal_uart_ex.o
       120         46          0          0          0       7976   stm32g4xx_it.o
        16          4         24          4          0       1211   system_stm32g4xx.o
      1284         76          0          0        380       6054   tim.o
       252         20          0          1        144       1985   usart.o

    ----------------------------------------------------------------------
     24840       1938       5130        112       2656    1048433   Object Totals
         0          0         32          0          0          0   (incl. Generated)
        50          0          2          8          3          0   (incl. Padding)

    ----------------------------------------------------------------------

      Code (inc. data)   RO Data    RW Data    ZI Data      Debug   Library Member Name

         8          0          0          0          0         68   __main.o
       284          0          0          0          0        156   __printf_wp.o
         0          0          0          0          0          0   __rtentry.o
        12          0          0          0          0          0   __rtentry2.o
         6          0          0          0          0          0   __rtentry4.o
        52          8          0          0          0          0   __scatter.o
        26          0          0          0          0          0   __scatter_copy.o
        28          0          0          0          0          0   __scatter_zi.o
        48          6          0          0          0         96   _printf_char_common.o
         6          0          0          0          0          0   _printf_d.o
       120         16          0          0          0         92   _printf_dec.o
         6          0          0          0          0          0   _printf_f.o
      1054          0          0          0          0        216   _printf_fp_dec.o
       128         16          0          0          0         84   _printf_fp_infnan.o
       178          0          0          0          0         88   _printf_intcommon.o
        78          0          0          0          0        108   _printf_pad.o
         0          0          0          0          0          0   _printf_percent.o
         4          0          0          0          0          0   _printf_percent_end.o
        10          0          0          0          0         68   _sputc.o
       228          4        148          0          0         96   bigflt0.o
      1936        128          0          0          0        672   btod.o
        18          0          0          0          0         80   exit.o
         6          0          0          0          0        152   heapauxi.o
         0          0          0          0          0          0   indicate_semi.o
        44         10         28          0          0         76   lc_numeric_c.o
         2          0          0          0          0          0   libinit.o
        22          0          0          0          0          0   libinit2.o
         2          0          0          0          0          0   libshutdown.o
         2          0          0          0          0          0   libshutdown2.o
         8          4          0          0         96         68   libspace.o
       138          0          0          0          0         80   lludiv10.o
       238          0          0          0          0        100   lludivv7m.o
        40          6          0          0          0         84   noretval__2sprintf.o
         8          4          0          0          0         68   rt_locale_intlibspace.o
        78          0          0          0          0         80   rt_memclr_w.o
       138          0          0          0          0         68   rt_memcpy_v6.o
       100          0          0          0          0         80   rt_memcpy_w.o
         2          0          0          0          0          0   rtexit.o
        10          0          0          0          0          0   rtexit2.o
       128          0          0          0          0         68   strcmpv7m.o
        62          0          0          0          0         76   strlen.o
        12          4          0          0          0         68   sys_exit.o
        74          0          0          0          0         80   sys_stackheap_outer.o
         2          0          0          0          0         68   use_no_semi.o
        98          4          0          0          0        140   d2f.o
        38          0          0          0          0        116   dflt_clz.o
       340         12          0          0          0        152   dmul.o
       156          4          0          0          0        140   dnaninf.o
        12          0          0          0          0        116   dretinf.o
        86          4          0          0          0        132   f2d.o
       140          4          0          0          0        132   fnaninf.o
        10          0          0          0          0        116   fpinit.o
        10          0          0          0          0        116   fretinf.o
         4          0          0          0          0        116   printf1.o
         0          0          0          0          0          0   usenofp.o
        48          0          0          0          0        124   fpclassify.o

    ----------------------------------------------------------------------
      6302        234        176          0         96       4440   Library Totals
        14          0          0          0          0          0   (incl. Padding)

    ----------------------------------------------------------------------

      Code (inc. data)   RO Data    RW Data    ZI Data      Debug   Library Name

      5346        206        176          0         96       3040   c_w.l
       894         28          0          0          0       1276   fz_wm.l
        48          0          0          0          0        124   m_wm.l

    ----------------------------------------------------------------------
      6302        234        176          0         96       4440   Library Totals

    ----------------------------------------------------------------------

==============================================================================


      Code (inc. data)   RO Data    RW Data    ZI Data      Debug   

     31142       2172       5306        112       2752    1029209   Grand Totals
     31142       2172       5306        112       2752    1029209   ELF Image Totals
     31142       2172       5306        112          0          0   ROM Totals

==============================================================================

    Total RO  Size (Code + RO Data)                36448 (  35.59kB)
    Total RW  Size (RW Data + ZI Data)              2864 (   2.80kB)
    Total ROM Size (Code + RO Data + RW Data)      36560 (  35.70kB)

==============================================================================

