Component: ARM Compiler 5.06 update 7 (build 960) Tool: armlink [4d3601]

==============================================================================

Section Cross References

    startup_stm32g431xx.o(STACK) refers (Special) to heapauxi.o(.text) for __use_two_region_memory
    startup_stm32g431xx.o(HEAP) refers (Special) to heapauxi.o(.text) for __use_two_region_memory
    startup_stm32g431xx.o(RESET) refers (Special) to heapauxi.o(.text) for __use_two_region_memory
    startup_stm32g431xx.o(RESET) refers to startup_stm32g431xx.o(STACK) for __initial_sp
    startup_stm32g431xx.o(RESET) refers to startup_stm32g431xx.o(.text) for Reset_Handler
    startup_stm32g431xx.o(RESET) refers to stm32g4xx_it.o(i.NMI_Handler) for NMI_Handler
    startup_stm32g431xx.o(RESET) refers to stm32g4xx_it.o(i.HardFault_Handler) for HardFault_Handler
    startup_stm32g431xx.o(RESET) refers to stm32g4xx_it.o(i.MemManage_Handler) for MemManage_Handler
    startup_stm32g431xx.o(RESET) refers to stm32g4xx_it.o(i.BusFault_Handler) for BusFault_Handler
    startup_stm32g431xx.o(RESET) refers to stm32g4xx_it.o(i.UsageFault_Handler) for UsageFault_Handler
    startup_stm32g431xx.o(RESET) refers to stm32g4xx_it.o(i.SVC_Handler) for SVC_Handler
    startup_stm32g431xx.o(RESET) refers to stm32g4xx_it.o(i.DebugMon_Handler) for DebugMon_Handler
    startup_stm32g431xx.o(RESET) refers to stm32g4xx_it.o(i.PendSV_Handler) for PendSV_Handler
    startup_stm32g431xx.o(RESET) refers to stm32g4xx_it.o(i.SysTick_Handler) for SysTick_Handler
    startup_stm32g431xx.o(RESET) refers to stm32g4xx_it.o(i.DMA1_Channel1_IRQHandler) for DMA1_Channel1_IRQHandler
    startup_stm32g431xx.o(RESET) refers to stm32g4xx_it.o(i.TIM2_IRQHandler) for TIM2_IRQHandler
    startup_stm32g431xx.o(RESET) refers to stm32g4xx_it.o(i.USART1_IRQHandler) for USART1_IRQHandler
    startup_stm32g431xx.o(.text) refers (Special) to heapauxi.o(.text) for __use_two_region_memory
    startup_stm32g431xx.o(.text) refers to system_stm32g4xx.o(i.SystemInit) for SystemInit
    startup_stm32g431xx.o(.text) refers to __main.o(!!!main) for __main
    startup_stm32g431xx.o(.text) refers to startup_stm32g431xx.o(HEAP) for Heap_Mem
    startup_stm32g431xx.o(.text) refers to startup_stm32g431xx.o(STACK) for Stack_Mem
    main.o(i.SystemClock_Config) refers to rt_memclr_w.o(.text) for __aeabi_memclr4
    main.o(i.SystemClock_Config) refers to stm32g4xx_hal_pwr_ex.o(i.HAL_PWREx_ControlVoltageScaling) for HAL_PWREx_ControlVoltageScaling
    main.o(i.SystemClock_Config) refers to stm32g4xx_hal_rcc.o(i.HAL_RCC_OscConfig) for HAL_RCC_OscConfig
    main.o(i.SystemClock_Config) refers to stm32g4xx_hal_rcc.o(i.HAL_RCC_ClockConfig) for HAL_RCC_ClockConfig
    main.o(i.main) refers to stm32g4xx_hal.o(i.HAL_Init) for HAL_Init
    main.o(i.main) refers to main.o(i.SystemClock_Config) for SystemClock_Config
    main.o(i.main) refers to gpio.o(i.MX_GPIO_Init) for MX_GPIO_Init
    main.o(i.main) refers to dma.o(i.MX_DMA_Init) for MX_DMA_Init
    main.o(i.main) refers to usart.o(i.MX_USART1_UART_Init) for MX_USART1_UART_Init
    main.o(i.main) refers to tim.o(i.MX_TIM2_Init) for MX_TIM2_Init
    main.o(i.main) refers to tim.o(i.MX_TIM3_Init) for MX_TIM3_Init
    main.o(i.main) refers to tim.o(i.MX_TIM4_Init) for MX_TIM4_Init
    main.o(i.main) refers to tim.o(i.MX_TIM6_Init) for MX_TIM6_Init
    main.o(i.main) refers to tim.o(i.MX_TIM15_Init) for MX_TIM15_Init
    main.o(i.main) refers to adc.o(i.MX_ADC2_Init) for MX_ADC2_Init
    main.o(i.main) refers to led.o(i.LED_Control) for LED_Control
    main.o(i.main) refers to lcd.o(i.LCD_Init) for LCD_Init
    main.o(i.main) refers to stm32g4xx_hal_tim.o(i.HAL_TIM_PWM_Start) for HAL_TIM_PWM_Start
    main.o(i.main) refers to test.o(i.pwmchange) for pwmchange
    main.o(i.main) refers to noretval__2sprintf.o(.text) for __2sprintf
    main.o(i.main) refers to strlen.o(.text) for strlen
    main.o(i.main) refers to bsp_usart.o(i.Uart1_Send) for Uart1_Send
    main.o(i.main) refers to test.o(i.KeyProcess2) for KeyProcess2
    main.o(i.main) refers to test.o(i.Uart1_RX_Pro) for Uart1_RX_Pro
    main.o(i.main) refers to led.o(.data) for LED_State
    main.o(i.main) refers to tim.o(.bss) for htim15
    main.o(i.main) refers to bsp_usart.o(.bss) for Uart1_Tx_Buf
    gpio.o(i.MX_GPIO_Init) refers to rt_memclr_w.o(.text) for __aeabi_memclr4
    gpio.o(i.MX_GPIO_Init) refers to stm32g4xx_hal_gpio.o(i.HAL_GPIO_WritePin) for HAL_GPIO_WritePin
    gpio.o(i.MX_GPIO_Init) refers to stm32g4xx_hal_gpio.o(i.HAL_GPIO_Init) for HAL_GPIO_Init
    adc.o(i.HAL_ADC_MspDeInit) refers to stm32g4xx_hal_gpio.o(i.HAL_GPIO_DeInit) for HAL_GPIO_DeInit
    adc.o(i.HAL_ADC_MspDeInit) refers to stm32g4xx_hal_dma.o(i.HAL_DMA_DeInit) for HAL_DMA_DeInit
    adc.o(i.HAL_ADC_MspInit) refers to rt_memclr_w.o(.text) for __aeabi_memclr4
    adc.o(i.HAL_ADC_MspInit) refers to stm32g4xx_hal_rcc_ex.o(i.HAL_RCCEx_PeriphCLKConfig) for HAL_RCCEx_PeriphCLKConfig
[...]
    LL_ADC_GetOffsetChannel                  0x08003a0d   Thumb Code    12  stm32g4xx_hal_adc.o(i.LL_ADC_GetOffsetChannel)
    i.LL_ADC_INJ_IsConversionOngoing         0x08003a18   Section        0  stm32g4xx_hal_adc.o(i.LL_ADC_INJ_IsConversionOngoing)
    LL_ADC_INJ_IsConversionOngoing           0x08003a19   Thumb Code     8  stm32g4xx_hal_adc.o(i.LL_ADC_INJ_IsConversionOngoing)
    i.LL_ADC_REG_IsConversionOngoing         0x08003a20   Section        0  stm32g4xx_hal_adc.o(i.LL_ADC_REG_IsConversionOngoing)
    LL_ADC_REG_IsConversionOngoing           0x08003a21   Thumb Code     8  stm32g4xx_hal_adc.o(i.LL_ADC_REG_IsConversionOngoing)
    i.LL_ADC_SetChannelSamplingTime          0x08003a28   Section        0  stm32g4xx_hal_adc.o(i.LL_ADC_SetChannelSamplingTime)
    LL_ADC_SetChannelSamplingTime            0x08003a29   Thumb Code    30  stm32g4xx_hal_adc.o(i.LL_ADC_SetChannelSamplingTime)
    i.LL_ADC_SetOffsetState                  0x08003a46   Section        0  stm32g4xx_hal_adc.o(i.LL_ADC_SetOffsetState)
    LL_ADC_SetOffsetState                    0x08003a47   Thumb Code    16  stm32g4xx_hal_adc.o(i.LL_ADC_SetOffsetState)
    i.MX_ADC2_Init                           0x08003a58   Section        0  adc.o(i.MX_ADC2_Init)
    i.MX_DMA_Init                            0x08003ad4   Section        0  dma.o(i.MX_DMA_Init)
    i.MX_GPIO_Init                           0x08003b10   Section        0  gpio.o(i.MX_GPIO_Init)
    i.MX_TIM15_Init                          0x08003c2c   Section        0  tim.o(i.MX_TIM15_Init)
    i.MX_TIM2_Init                           0x08003cfc   Section        0  tim.o(i.MX_TIM2_Init)
    i.MX_TIM3_Init                           0x08003d68   Section        0  tim.o(i.MX_TIM3_Init)
    i.MX_TIM4_Init                           0x08003dd8   Section        0  tim.o(i.MX_TIM4_Init)
    i.MX_TIM6_Init                           0x08003e48   Section        0  tim.o(i.MX_TIM6_Init)
    i.MX_USART1_UART_Init                    0x08003e90   Section        0  usart.o(i.MX_USART1_UART_Init)
    i.MemManage_Handler                      0x08003f00   Section        0  stm32g4xx_it.o(i.MemManage_Handler)
    i.NMI_Handler                            0x08003f02   Section        0  stm32g4xx_it.o(i.NMI_Handler)
    i.PendSV_Handler                         0x08003f04   Section        0  stm32g4xx_it.o(i.PendSV_Handler)
    i.REG_8230_Init                          0x08003f06   Section        0  lcd.o(i.REG_8230_Init)
    i.REG_932X_Init                          0x08004018   Section        0  lcd.o(i.REG_932X_Init)
    i.SVC_Handler                            0x0800421a   Section        0  stm32g4xx_it.o(i.SVC_Handler)
    i.SysTick_Handler                        0x0800421c   Section        0  stm32g4xx_it.o(i.SysTick_Handler)
    i.SystemClock_Config                     0x08004220   Section        0  main.o(i.SystemClock_Config)
    i.SystemInit                             0x0800428c   Section        0  system_stm32g4xx.o(i.SystemInit)
    i.TIM2_IRQHandler                        0x0800429c   Section        0  stm32g4xx_it.o(i.TIM2_IRQHandler)
    i.TIM_Base_SetConfig                     0x080042a8   Section        0  stm32g4xx_hal_tim.o(i.TIM_Base_SetConfig)
    i.TIM_CCxChannelCmd                      0x08004364   Section        0  stm32g4xx_hal_tim.o(i.TIM_CCxChannelCmd)
    i.TIM_ETR_SetConfig                      0x0800437e   Section        0  stm32g4xx_hal_tim.o(i.TIM_ETR_SetConfig)
    i.TIM_ITRx_SetConfig                     0x08004394   Section        0  stm32g4xx_hal_tim.o(i.TIM_ITRx_SetConfig)
    TIM_ITRx_SetConfig                       0x08004395   Thumb Code    16  stm32g4xx_hal_tim.o(i.TIM_ITRx_SetConfig)
    i.TIM_OC1_SetConfig                      0x080043a8   Section        0  stm32g4xx_hal_tim.o(i.TIM_OC1_SetConfig)
    TIM_OC1_SetConfig                        0x080043a9   Thumb Code   132  stm32g4xx_hal_tim.o(i.TIM_OC1_SetConfig)
    i.TIM_OC2_SetConfig                      0x08004444   Section        0  stm32g4xx_hal_tim.o(i.TIM_OC2_SetConfig)
    i.TIM_OC3_SetConfig                      0x080044d4   Section        0  stm32g4xx_hal_tim.o(i.TIM_OC3_SetConfig)
    TIM_OC3_SetConfig                        0x080044d5   Thumb Code   118  stm32g4xx_hal_tim.o(i.TIM_OC3_SetConfig)
    i.TIM_OC4_SetConfig                      0x08004564   Section        0  stm32g4xx_hal_tim.o(i.TIM_OC4_SetConfig)
    TIM_OC4_SetConfig                        0x08004565   Thumb Code   120  stm32g4xx_hal_tim.o(i.TIM_OC4_SetConfig)
    i.TIM_OC5_SetConfig                      0x080045f4   Section        0  stm32g4xx_hal_tim.o(i.TIM_OC5_SetConfig)
    TIM_OC5_SetConfig                        0x080045f5   Thumb Code    86  stm32g4xx_hal_tim.o(i.TIM_OC5_SetConfig)
    i.TIM_OC6_SetConfig                      0x08004664   Section        0  stm32g4xx_hal_tim.o(i.TIM_OC6_SetConfig)
    TIM_OC6_SetConfig                        0x08004665   Thumb Code    88  stm32g4xx_hal_tim.o(i.TIM_OC6_SetConfig)
    i.TIM_TI1_ConfigInputStage               0x080046d4   Section        0  stm32g4xx_hal_tim.o(i.TIM_TI1_ConfigInputStage)
    TIM_TI1_ConfigInputStage                 0x080046d5   Thumb Code    34  stm32g4xx_hal_tim.o(i.TIM_TI1_ConfigInputStage)
    i.TIM_TI1_SetConfig                      0x080046f8   Section        0  stm32g4xx_hal_tim.o(i.TIM_TI1_SetConfig)
    i.TIM_TI2_ConfigInputStage               0x08004764   Section        0  stm32g4xx_hal_tim.o(i.TIM_TI2_ConfigInputStage)
    TIM_TI2_ConfigInputStage                 0x08004765   Thumb Code    36  stm32g4xx_hal_tim.o(i.TIM_TI2_ConfigInputStage)
    i.TIM_TI2_SetConfig                      0x08004788   Section        0  stm32g4xx_hal_tim.o(i.TIM_TI2_SetConfig)
    TIM_TI2_SetConfig                        0x08004789   Thumb Code    54  stm32g4xx_hal_tim.o(i.TIM_TI2_SetConfig)
    i.UARTEx_SetNbDataToProcess              0x080047c0   Section        0  stm32g4xx_hal_uart_ex.o(i.UARTEx_SetNbDataToProcess)
    UARTEx_SetNbDataToProcess                0x080047c1   Thumb Code    62  stm32g4xx_hal_uart_ex.o(i.UARTEx_SetNbDataToProcess)
    i.UART_AdvFeatureConfig                  0x08004804   Section        0  stm32g4xx_hal_uart.o(i.UART_AdvFeatureConfig)
    i.UART_CheckIdleState                    0x080048cc   Section        0  stm32g4xx_hal_uart.o(i.UART_CheckIdleState)
    i.UART_DMAAbortOnError                   0x08004978   Section        0  stm32g4xx_hal_uart.o(i.UART_DMAAbortOnError)
    UART_DMAAbortOnError                     0x08004979   Thumb Code    20  stm32g4xx_hal_uart.o(i.UART_DMAAbortOnError)
    i.UART_EndRxTransfer                     0x0800498c   Section        0  stm32g4xx_hal_uart.o(i.UART_EndRxTransfer)
    UART_EndRxTransfer                       0x0800498d   Thumb Code    78  stm32g4xx_hal_uart.o(i.UART_EndRxTransfer)
    i.UART_RxISR_16BIT                       0x080049e0   Section        0  stm32g4xx_hal_uart.o(i.UART_RxISR_16BIT)
    UART_RxISR_16BIT                         0x080049e1   Thumb Code   196  stm32g4xx_hal_uart.o(i.UART_RxISR_16BIT)
    i.UART_RxISR_16BIT_FIFOEN                0x08004aa8   Section        0  stm32g4xx_hal_uart.o(i.UART_RxISR_16BIT_FIFOEN)
    UART_RxISR_16BIT_FIFOEN                  0x08004aa9   Thumb Code   404  stm32g4xx_hal_uart.o(i.UART_RxISR_16BIT_FIFOEN)
    i.UART_RxISR_8BIT                        0x08004c48   Section        0  stm32g4xx_hal_uart.o(i.UART_RxISR_8BIT)
    UART_RxISR_8BIT                          0x08004c49   Thumb Code   196  stm32g4xx_hal_uart.o(i.UART_RxISR_8BIT)
    i.UART_RxISR_8BIT_FIFOEN                 0x08004d10   Section        0  stm32g4xx_hal_uart.o(i.UART_RxISR_8BIT_FIFOEN)
    UART_RxISR_8BIT_FIFOEN                   0x08004d11   Thumb Code   404  stm32g4xx_hal_uart.o(i.UART_RxISR_8BIT_FIFOEN)
    i.UART_SetConfig                         0x08004eb0   Section        0  stm32g4xx_hal_uart.o(i.UART_SetConfig)
    i.UART_Start_Receive_IT                  0x08005124   Section        0  stm32g4xx_hal_uart.o(i.UART_Start_Receive_IT)
    i.UART_WaitOnFlagUntilTimeout            0x08005234   Section        0  stm32g4xx_hal_uart.o(i.UART_WaitOnFlagUntilTimeout)
    i.USART1_IRQHandler                      0x080052c8   Section        0  stm32g4xx_it.o(i.USART1_IRQHandler)
    i.Uart1_RX_Pro                           0x080052d4   Section        0  test.o(i.Uart1_RX_Pro)
    i.Uart1_Send                             0x080053f8   Section        0  bsp_usart.o(i.Uart1_Send)
    i.UsageFault_Handler                     0x0800541c   Section        0  stm32g4xx_it.o(i.UsageFault_Handler)
    i.__NVIC_SetPriority                     0x0800541e   Section        0  stm32g4xx_hal_cortex.o(i.__NVIC_SetPriority)
    __NVIC_SetPriority                       0x0800541f   Thumb Code    32  stm32g4xx_hal_cortex.o(i.__NVIC_SetPriority)
    i._is_digit                              0x0800543e   Section        0  __printf_wp.o(i._is_digit)
    i.main                                   0x0800544c   Section        0  main.o(i.main)
    i.pwmchange                              0x080054d0   Section        0  test.o(i.pwmchange)
    x$fpl$d2f                                0x080054ec   Section       98  d2f.o(x$fpl$d2f)
    $v0                                      0x080054ec   Number         0  d2f.o(x$fpl$d2f)
    x$fpl$ddiv                               0x08005550   Section      688  ddiv.o(x$fpl$ddiv)
    $v0                                      0x08005550   Number         0  ddiv.o(x$fpl$ddiv)
    ddiv_entry                               0x08005557   Thumb Code     0  ddiv.o(x$fpl$ddiv)
    x$fpl$dfltu                              0x08005800   Section       38  dflt_clz.o(x$fpl$dfltu)
    $v0                                      0x08005800   Number         0  dflt_clz.o(x$fpl$dfltu)
    x$fpl$dmul                               0x08005828   Section      340  dmul.o(x$fpl$dmul)
    $v0                                      0x08005828   Number         0  dmul.o(x$fpl$dmul)
    x$fpl$dnaninf                            0x0800597c   Section      156  dnaninf.o(x$fpl$dnaninf)
    $v0                                      0x0800597c   Number         0  dnaninf.o(x$fpl$dnaninf)
    x$fpl$dretinf                            0x08005a18   Section       12  dretinf.o(x$fpl$dretinf)
    $v0                                      0x08005a18   Number         0  dretinf.o(x$fpl$dretinf)
    x$fpl$fpinit                             0x08005a24   Section       10  fpinit.o(x$fpl$fpinit)
    $v0                                      0x08005a24   Number         0  fpinit.o(x$fpl$fpinit)
    x$fpl$fretinf                            0x08005a2e   Section       10  fretinf.o(x$fpl$fretinf)
    $v0                                      0x08005a2e   Number         0  fretinf.o(x$fpl$fretinf)
    .constdata                               0x08005a38   Section       24  stm32g4xx_hal_uart.o(.constdata)
    x$fpl$usenofp                            0x08005a38   Section        0  usenofp.o(x$fpl$usenofp)
    .constdata                               0x08005a50   Section       16  stm32g4xx_hal_uart_ex.o(.constdata)
    numerator                                0x08005a50   Data           8  stm32g4xx_hal_uart_ex.o(.constdata)
    denominator                              0x08005a58   Data           8  stm32g4xx_hal_uart_ex.o(.constdata)
    .constdata                               0x08005a60   Section       16  system_stm32g4xx.o(.constdata)
    .constdata                               0x08005a70   Section        8  system_stm32g4xx.o(.constdata)
    .constdata                               0x08005a78   Section     4560  lcd.o(.constdata)
    .constdata                               0x08006c48   Section       17  __printf_flags_wp.o(.constdata)
    maptable                                 0x08006c48   Data          17  __printf_flags_wp.o(.constdata)
    .data                                    0x20000000   Section        1  usart.o(.data)
    .data                                    0x20000004   Section       12  stm32g4xx_hal.o(.data)
    .data                                    0x20000010   Section        4  system_stm32g4xx.o(.data)
    .data                                    0x20000014   Section        1  led.o(.data)
    .data                                    0x20000018   Section       24  test.o(.data)
    keyvalue_Last                            0x2000001c   Data           1  test.o(.data)
    flag                                     0x2000001d   Data           1  test.o(.data)
    keyvalue_Last                            0x2000001e   Data           1  test.o(.data)
    target                                   0x2000001f   Data           1  test.o(.data)
    Key_KeepTime                             0x20000020   Data           2  test.o(.data)
    Key_KeepTime                             0x20000022   Data           2  test.o(.data)
    KeyScan_uwTick                           0x20000024   Data           4  test.o(.data)
    KeyScan_uwTick                           0x20000028   Data           4  test.o(.data)
    Usart_uwTick                             0x2000002c   Data           4  test.o(.data)
    .data                                    0x20000030   Section        6  lcd.o(.data)
    TextColor                                0x20000030   Data           2  lcd.o(.data)
    BackColor                                0x20000032   Data           2  lcd.o(.data)
    .data                                    0x20000036   Section        1  bsp_usart.o(.data)
    .data                                    0x20000038   Section       48  bsp_tim.o(.data)
    .bss                                     0x20000068   Section      204  adc.o(.bss)
    .bss                                     0x20000134   Section      380  tim.o(.bss)
    .bss                                     0x200002b0   Section      148  usart.o(.bss)
    .bss                                     0x20000344   Section       25  test.o(.bss)
    .bss                                     0x2000035d   Section       20  bsp_usart.o(.bss)
    .bss                                     0x20000371   Section       20  bsp_usart.o(.bss)
    .bss                                     0x20000388   Section       96  libspace.o(.bss)
    HEAP                                     0x200003e8   Section      512  startup_stm32g431xx.o(HEAP)
    Heap_Mem                                 0x200003e8   Data         512  startup_stm32g431xx.o(HEAP)
    STACK                                    0x200005e8   Section     1024  startup_stm32g431xx.o(STACK)
    Stack_Mem                                0x200005e8   Data        1024  startup_stm32g431xx.o(STACK)
    __initial_sp                             0x200009e8   Data           0  startup_stm32g431xx.o(STACK)

    Global Symbols

    Symbol Name                              Value     Ov Type        Size  Object(Section)

    BuildAttributes$$THM_ISAv4$E$P$D$K$B$S$7EM$VFPi3$EXTD16$VFPS$VFMA$PE$A:L22UL41UL21$X:L11$S22US41US21$IEEE1$IW$USESV6$~STKCKD$USESV7$~SHL$OSPACE$ROPI$EBA8$UX$STANDARDLIB$REQ8$PRES8$EABIv2 0x00000000   Number         0  anon$$obj.o ABSOLUTE
    __ARM_use_no_argv                        0x00000000   Number         0  main.o ABSOLUTE
    _printf_flags                            0x00000000   Number         0  printf_stubs.o ABSOLUTE
    _printf_return_value                     0x00000000   Number         0  printf_stubs.o ABSOLUTE
    _printf_sizespec                         0x00000000   Number         0  printf_stubs.o ABSOLUTE
    _printf_widthprec                        0x00000000   Number         0  printf_stubs.o ABSOLUTE
    __ARM_exceptions_init                     - Undefined Weak Reference
    __alloca_initialize                       - Undefined Weak Reference
    __arm_fini_                               - Undefined Weak Reference
    __arm_preinit_                            - Undefined Weak Reference
    __cpp_initialize__aeabi_                  - Undefined Weak Reference
    __cxa_finalize                            - Undefined Weak Reference
    __rt_locale                               - Undefined Weak Reference
    __sigvec_lookup                           - Undefined Weak Reference
    _atexit_init                              - Undefined Weak Reference
    _call_atexit_fns                          - Undefined Weak Reference
    _clock_init                               - Undefined Weak Reference
    _fp_trap_init                             - Undefined Weak Reference
    _fp_trap_shutdown                         - Undefined Weak Reference
    _get_lc_collate                           - Undefined Weak Reference
    _get_lc_ctype                             - Undefined Weak Reference
    _get_lc_monetary                          - Undefined Weak Reference
    _get_lc_numeric                           - Undefined Weak Reference
    _get_lc_time                              - Undefined Weak Reference
    _getenv_init                              - Undefined Weak Reference
    _handle_redirection                       - Undefined Weak Reference
    _init_alloc                               - Undefined Weak Reference
    _init_user_alloc                          - Undefined Weak Reference
    _initio                                   - Undefined Weak Reference
    _printf_mbtowc                            - Undefined Weak Reference
    _printf_truncate_signed                   - Undefined Weak Reference
    _printf_truncate_unsigned                 - Undefined Weak Reference
    _rand_init                                - Undefined Weak Reference
    _signal_finish                            - Undefined Weak Reference
    _signal_init                              - Undefined Weak Reference
    _terminate_alloc                          - Undefined Weak Reference
    _terminate_user_alloc                     - Undefined Weak Reference
    _terminateio                              - Undefined Weak Reference
    __Vectors_Size                           0x000001d8   Number         0  startup_stm32g431xx.o ABSOLUTE
    __Vectors                                0x08000000   Data           4  startup_stm32g431xx.o(RESET)
    __Vectors_End                            0x080001d8   Data           0  startup_stm32g431xx.o(RESET)
    __main                                   0x080001d9   Thumb Code     8  __main.o(!!!main)
    __scatterload                            0x080001e1   Thumb Code     0  __scatter.o(!!!scatter)
    __scatterload_rt2                        0x080001e1   Thumb Code    44  __scatter.o(!!!scatter)
    __scatterload_rt2_thumb_only             0x080001e1   Thumb Code     0  __scatter.o(!!!scatter)
    __scatterload_null                       0x080001ef   Thumb Code     0  __scatter.o(!!!scatter)
    __scatterload_copy                       0x08000215   Thumb Code    26  __scatter_copy.o(!!handler_copy)
    __scatterload_zeroinit                   0x08000231   Thumb Code    28  __scatter_zi.o(!!handler_zi)
    _printf_d                                0x0800024d   Thumb Code     0  _printf_d.o(.ARM.Collect$$_printf_percent$$00000009)
    _printf_percent                          0x0800024d   Thumb Code     0  _printf_percent.o(.ARM.Collect$$_printf_percent$$00000000)
    _printf_s                                0x08000253   Thumb Code     0  _printf_s.o(.ARM.Collect$$_printf_percent$$00000014)
    _printf_percent_end                      0x08000259   Thumb Code     0  _printf_percent_end.o(.ARM.Collect$$_printf_percent$$00000017)
    __rt_lib_init                            0x0800025d   Thumb Code     0  libinit.o(.ARM.Collect$$libinit$$00000000)
    __rt_lib_init_fp_1                       0x0800025f   Thumb Code     0  libinit2.o(.ARM.Collect$$libinit$$00000001)
    __rt_lib_init_alloca_1                   0x08000263   Thumb Code     0  libinit2.o(.ARM.Collect$$libinit$$0000002E)
    __rt_lib_init_argv_1                     0x08000263   Thumb Code     0  libinit2.o(.ARM.Collect$$libinit$$0000002C)
    __rt_lib_init_atexit_1                   0x08000263   Thumb Code     0  libinit2.o(.ARM.Collect$$libinit$$0000001B)
    __rt_lib_init_clock_1                    0x08000263   Thumb Code     0  libinit2.o(.ARM.Collect$$libinit$$00000021)
    __rt_lib_init_cpp_1                      0x08000263   Thumb Code     0  libinit2.o(.ARM.Collect$$libinit$$00000032)
    __rt_lib_init_exceptions_1               0x08000263   Thumb Code     0  libinit2.o(.ARM.Collect$$libinit$$00000030)
    __rt_lib_init_fp_trap_1                  0x08000263   Thumb Code     0  libinit2.o(.ARM.Collect$$libinit$$0000001F)
    __rt_lib_init_getenv_1                   0x08000263   Thumb Code     0  libinit2.o(.ARM.Collect$$libinit$$00000023)
    __rt_lib_init_heap_1                     0x08000263   Thumb Code     0  libinit2.o(.ARM.Collect$$libinit$$0000000A)
    __rt_lib_init_lc_collate_1               0x08000263   Thumb Code     0  libinit2.o(.ARM.Collect$$libinit$$00000011)
    __rt_lib_init_lc_ctype_1                 0x08000263   Thumb Code     0  libinit2.o(.ARM.Collect$$libinit$$00000013)
    __rt_lib_init_lc_monetary_1              0x08000263   Thumb Code     0  libinit2.o(.ARM.Collect$$libinit$$00000015)
    __rt_lib_init_lc_numeric_1               0x08000263   Thumb Code     0  libinit2.o(.ARM.Collect$$libinit$$00000017)
    __rt_lib_init_lc_time_1                  0x08000263   Thumb Code     0  libinit2.o(.ARM.Collect$$libinit$$00000019)
    __rt_lib_init_preinit_1                  0x08000263   Thumb Code     0  libinit2.o(.ARM.Collect$$libinit$$00000004)
    __rt_lib_init_rand_1                     0x08000263   Thumb Code     0  libinit2.o(.ARM.Collect$$libinit$$0000000E)
    __rt_lib_init_return                     0x08000263   Thumb Code     0  libinit2.o(.ARM.Collect$$libinit$$00000033)
    __rt_lib_init_signal_1                   0x08000263   Thumb Code     0  libinit2.o(.ARM.Collect$$libinit$$0000001D)
    __rt_lib_init_stdio_1                    0x08000263   Thumb Code     0  libinit2.o(.ARM.Collect$$libinit$$00000025)
    __rt_lib_init_user_alloc_1               0x08000263   Thumb Code     0  libinit2.o(.ARM.Collect$$libinit$$0000000C)
    __rt_lib_shutdown                        0x08000265   Thumb Code     0  libshutdown.o(.ARM.Collect$$libshutdown$$00000000)
    __rt_lib_shutdown_cpp_1                  0x08000267   Thumb Code     0  libshutdown2.o(.ARM.Collect$$libshutdown$$00000004)
    __rt_lib_shutdown_fini_1                 0x08000267   Thumb Code     0  libshutdown2.o(.ARM.Collect$$libshutdown$$00000002)
    __rt_lib_shutdown_fp_trap_1              0x08000267   Thumb Code     0  libshutdown2.o(.ARM.Collect$$libshutdown$$00000009)
    __rt_lib_shutdown_heap_1                 0x08000267   Thumb Code     0  libshutdown2.o(.ARM.Collect$$libshutdown$$00000011)
    __rt_lib_shutdown_return                 0x08000267   Thumb Code     0  libshutdown2.o(.ARM.Collect$$libshutdown$$00000012)
    __rt_lib_shutdown_signal_1               0x08000267   Thumb Code     0  libshutdown2.o(.ARM.Collect$$libshutdown$$0000000C)
    __rt_lib_shutdown_stdio_1                0x08000267   Thumb Code     0  libshutdown2.o(.ARM.Collect$$libshutdown$$00000006)
    __rt_lib_shutdown_user_alloc_1           0x08000267   Thumb Code     0  libshutdown2.o(.ARM.Collect$$libshutdown$$0000000E)
    __rt_entry                               0x08000269   Thumb Code     0  __rtentry.o(.ARM.Collect$$rtentry$$00000000)
    __rt_entry_presh_1                       0x08000269   Thumb Code     0  __rtentry2.o(.ARM.Collect$$rtentry$$00000002)
    __rt_entry_sh                            0x08000269   Thumb Code     0  __rtentry4.o(.ARM.Collect$$rtentry$$00000004)
    __rt_entry_li                            0x0800026f   Thumb Code     0  __rtentry2.o(.ARM.Collect$$rtentry$$0000000A)
    __rt_entry_postsh_1                      0x0800026f   Thumb Code     0  __rtentry2.o(.ARM.Collect$$rtentry$$00000009)
    __rt_entry_main                          0x08000273   Thumb Code     0  __rtentry2.o(.ARM.Collect$$rtentry$$0000000D)
    __rt_entry_postli_1                      0x08000273   Thumb Code     0  __rtentry2.o(.ARM.Collect$$rtentry$$0000000C)
    __rt_exit                                0x0800027b   Thumb Code     0  rtexit.o(.ARM.Collect$$rtexit$$00000000)
    __rt_exit_ls                             0x0800027d   Thumb Code     0  rtexit2.o(.ARM.Collect$$rtexit$$00000003)
    __rt_exit_prels_1                        0x0800027d   Thumb Code     0  rtexit2.o(.ARM.Collect$$rtexit$$00000002)
    __rt_exit_exit                           0x08000281   Thumb Code     0  rtexit2.o(.ARM.Collect$$rtexit$$00000004)
    Reset_Handler                            0x08000289   Thumb Code     8  startup_stm32g431xx.o(.text)
    ADC1_2_IRQHandler                        0x080002a3   Thumb Code     0  startup_stm32g431xx.o(.text)
    COMP1_2_3_IRQHandler                     0x080002a3   Thumb Code     0  startup_stm32g431xx.o(.text)
    COMP4_IRQHandler                         0x080002a3   Thumb Code     0  startup_stm32g431xx.o(.text)
    CORDIC_IRQHandler                        0x080002a3   Thumb Code     0  startup_stm32g431xx.o(.text)
    CRS_IRQHandler                           0x080002a3   Thumb Code     0  startup_stm32g431xx.o(.text)
    DMA1_Channel2_IRQHandler                 0x080002a3   Thumb Code     0  startup_stm32g431xx.o(.text)
    DMA1_Channel3_IRQHandler                 0x080002a3   Thumb Code     0  startup_stm32g431xx.o(.text)
    DMA1_Channel4_IRQHandler                 0x080002a3   Thumb Code     0  startup_stm32g431xx.o(.text)
    DMA1_Channel5_IRQHandler                 0x080002a3   Thumb Code     0  startup_stm32g431xx.o(.text)
    DMA1_Channel6_IRQHandler                 0x080002a3   Thumb Code     0  startup_stm32g431xx.o(.text)
    DMA2_Channel1_IRQHandler                 0x080002a3   Thumb Code     0  startup_stm32g431xx.o(.text)
    DMA2_Channel2_IRQHandler                 0x080002a3   Thumb Code     0  startup_stm32g431xx.o(.text)
    DMA2_Channel3_IRQHandler                 0x080002a3   Thumb Code     0  startup_stm32g431xx.o(.text)
    DMA2_Channel4_IRQHandler                 0x080002a3   Thumb Code     0  startup_stm32g431xx.o(.text)
    DMA2_Channel5_IRQHandler                 0x080002a3   Thumb Code     0  startup_stm32g431xx.o(.text)
    DMA2_Channel6_IRQHandler                 0x080002a3   Thumb Code     0  startup_stm32g431xx.o(.text)
    DMAMUX_OVR_IRQHandler                    0x080002a3   Thumb Code     0  startup_stm32g431xx.o(.text)
    EXTI0_IRQHandler                         0x080002a3   Thumb Code     0  startup_stm32g431xx.o(.text)
    EXTI15_10_IRQHandler                     0x080002a3   Thumb Code     0  startup_stm32g431xx.o(.text)
    EXTI1_IRQHandler                         0x080002a3   Thumb Code     0  startup_stm32g431xx.o(.text)
    EXTI2_IRQHandler                         0x080002a3   Thumb Code     0  startup_stm32g431xx.o(.text)
    EXTI3_IRQHandler                         0x080002a3   Thumb Code     0  startup_stm32g431xx.o(.text)
    EXTI4_IRQHandler                         0x080002a3   Thumb Code     0  startup_stm32g431xx.o(.text)
    EXTI9_5_IRQHandler                       0x080002a3   Thumb Code     0  startup_stm32g431xx.o(.text)
    FDCAN1_IT0_IRQHandler                    0x080002a3   Thumb Code     0  startup_stm32g431xx.o(.text)
    FDCAN1_IT1_IRQHandler                    0x080002a3   Thumb Code     0  startup_stm32g431xx.o(.text)
    FLASH_IRQHandler                         0x080002a3   Thumb Code     0  startup_stm32g431xx.o(.text)
    FMAC_IRQHandler                          0x080002a3   Thumb Code     0  startup_stm32g431xx.o(.text)
    FPU_IRQHandler                           0x080002a3   Thumb Code     0  startup_stm32g431xx.o(.text)
    I2C1_ER_IRQHandler                       0x080002a3   Thumb Code     0  startup_stm32g431xx.o(.text)
    I2C1_EV_IRQHandler                       0x080002a3   Thumb Code     0  startup_stm32g431xx.o(.text)
    I2C2_ER_IRQHandler                       0x080002a3   Thumb Code     0  startup_stm32g431xx.o(.text)
    I2C2_EV_IRQHandler                       0x080002a3   Thumb Code     0  startup_stm32g431xx.o(.text)
    I2C3_ER_IRQHandler                       0x080002a3   Thumb Code     0  startup_stm32g431xx.o(.text)
    I2C3_EV_IRQHandler                       0x080002a3   Thumb Code     0  startup_stm32g431xx.o(.text)
    LPTIM1_IRQHandler                        0x080002a3   Thumb Code     0  startup_stm32g431xx.o(.text)
    LPUART1_IRQHandler                       0x080002a3   Thumb Code     0  startup_stm32g431xx.o(.text)
    PVD_PVM_IRQHandler                       0x080002a3   Thumb Code     0  startup_stm32g431xx.o(.text)
    RCC_IRQHandler                           0x080002a3   Thumb Code     0  startup_stm32g431xx.o(.text)
    RNG_IRQHandler                           0x080002a3   Thumb Code     0  startup_stm32g431xx.o(.text)
    RTC_Alarm_IRQHandler                     0x080002a3   Thumb Code     0  startup_stm32g431xx.o(.text)
    RTC_TAMP_LSECSS_IRQHandler               0x080002a3   Thumb Code     0  startup_stm32g431xx.o(.text)
    RTC_WKUP_IRQHandler                      0x080002a3   Thumb Code     0  startup_stm32g431xx.o(.text)
    SAI1_IRQHandler                          0x080002a3   Thumb Code     0  startup_stm32g431xx.o(.text)
    SPI1_IRQHandler                          0x080002a3   Thumb Code     0  startup_stm32g431xx.o(.text)
    SPI2_IRQHandler                          0x080002a3   Thumb Code     0  startup_stm32g431xx.o(.text)
    SPI3_IRQHandler                          0x080002a3   Thumb Code     0  startup_stm32g431xx.o(.text)
    TIM1_BRK_TIM15_IRQHandler                0x080002a3   Thumb Code     0  startup_stm32g431xx.o(.text)
    TIM1_CC_IRQHandler                       0x080002a3   Thumb Code     0  startup_stm32g431xx.o(.text)
    TIM1_TRG_COM_TIM17_IRQHandler            0x080002a3   Thumb Code     0  startup_stm32g431xx.o(.text)
    TIM1_UP_TIM16_IRQHandler                 0x080002a3   Thumb Code     0  startup_stm32g431xx.o(.text)
    TIM3_IRQHandler                          0x080002a3   Thumb Code     0  startup_stm32g431xx.o(.text)
    TIM4_IRQHandler                          0x080002a3   Thumb Code     0  startup_stm32g431xx.o(.text)
    TIM6_DAC_IRQHandler                      0x080002a3   Thumb Code     0  startup_stm32g431xx.o(.text)
    TIM7_IRQHandler                          0x080002a3   Thumb Code     0  startup_stm32g431xx.o(.text)
    TIM8_BRK_IRQHandler                      0x080002a3   Thumb Code     0  startup_stm32g431xx.o(.text)
    TIM8_CC_IRQHandler                       0x080002a3   Thumb Code     0  startup_stm32g431xx.o(.text)
    TIM8_TRG_COM_IRQHandler                  0x080002a3   Thumb Code     0  startup_stm32g431xx.o(.text)
    TIM8_UP_IRQHandler                       0x080002a3   Thumb Code     0  startup_stm32g431xx.o(.text)
    UART4_IRQHandler                         0x080002a3   Thumb Code     0  startup_stm32g431xx.o(.text)
    UCPD1_IRQHandler                         0x080002a3   Thumb Code     0  startup_stm32g431xx.o(.text)
    USART2_IRQHandler                        0x080002a3   Thumb Code     0  startup_stm32g431xx.o(.text)
    USART3_IRQHandler                        0x080002a3   Thumb Code     0  startup_stm32g431xx.o(.text)
    USBWakeUp_IRQHandler                     0x080002a3   Thumb Code     0  startup_stm32g431xx.o(.text)
    USB_HP_IRQHandler                        0x080002a3   Thumb Code     0  startup_stm32g431xx.o(.text)
    USB_LP_IRQHandler                        0x080002a3   Thumb Code     0  startup_stm32g431xx.o(.text)
    WWDG_IRQHandler                          0x080002a3   Thumb Code     0  startup_stm32g431xx.o(.text)
    __user_initial_stackheap                 0x080002a5   Thumb Code     0  startup_stm32g431xx.o(.text)
    __aeabi_uldivmod                         0x080002c9   Thumb Code     0  lludivv7m.o(.text)
    _ll_udiv                                 0x080002c9   Thumb Code   238  lludivv7m.o(.text)
    __2sprintf                               0x080003b9   Thumb Code    34  noretval__2sprintf.o(.text)
    _printf_pre_padding                      0x080003e1   Thumb Code    44  _printf_pad.o(.text)
    _printf_post_padding                     0x0800040d   Thumb Code    34  _printf_pad.o(.text)
    _printf_str                              0x0800042f   Thumb Code    82  _printf_str.o(.text)
    _printf_int_dec                          0x08000481   Thumb Code   104  _printf_dec.o(.text)
    __printf                                 0x080004f9   Thumb Code   308  __printf_flags_wp.o(.text)
    strlen                                   0x08000631   Thumb Code    62  strlen.o(.text)
    __aeabi_memclr4                          0x0800066f   Thumb Code     0  rt_memclr_w.o(.text)
    __aeabi_memclr8                          0x0800066f   Thumb Code     0  rt_memclr_w.o(.text)
    __rt_memclr_w                            0x0800066f   Thumb Code    78  rt_memclr_w.o(.text)
    _memset_w                                0x08000673   Thumb Code     0  rt_memclr_w.o(.text)
    __use_two_region_memory                  0x080006bd   Thumb Code     2  heapauxi.o(.text)
    __rt_heap_escrow$2region                 0x080006bf   Thumb Code     2  heapauxi.o(.text)
    __rt_heap_expand$2region                 0x080006c1   Thumb Code     2  heapauxi.o(.text)
    _printf_int_common                       0x080006c3   Thumb Code   178  _printf_intcommon.o(.text)
    _printf_char_common                      0x0800077f   Thumb Code    32  _printf_char_common.o(.text)
    _sputc                                   0x080007a5   Thumb Code    10  _sputc.o(.text)
    _printf_cs_common                        0x080007af   Thumb Code    20  _printf_char.o(.text)
    _printf_char                             0x080007c3   Thumb Code    16  _printf_char.o(.text)
    _printf_string                           0x080007d3   Thumb Code     8  _printf_char.o(.text)
    __user_setup_stackheap                   0x080007db   Thumb Code    74  sys_stackheap_outer.o(.text)
    exit                                     0x08000825   Thumb Code    18  exit.o(.text)
    __user_libspace                          0x08000839   Thumb Code     8  libspace.o(.text)
    __user_perproc_libspace                  0x08000839   Thumb Code     0  libspace.o(.text)
    __user_perthread_libspace                0x08000839   Thumb Code     0  libspace.o(.text)
    _sys_exit                                0x08000841   Thumb Code     8  sys_exit.o(.text)
    __I$use$semihosting                      0x0800084d   Thumb Code     0  use_no_semi.o(.text)
    __use_no_semihosting_swi                 0x0800084d   Thumb Code     2  use_no_semi.o(.text)
    BusFault_Handler                         0x0800084f   Thumb Code     2  stm32g4xx_it.o(i.BusFault_Handler)
    __semihosting_library_function           0x0800084f   Thumb Code     0  indicate_semi.o(.text)
    DMA1_Channel1_IRQHandler                 0x08000851   Thumb Code     6  stm32g4xx_it.o(i.DMA1_Channel1_IRQHandler)
    DebugMon_Handler                         0x080008c1   Thumb Code     2  stm32g4xx_it.o(i.DebugMon_Handler)
    Delay_LCD                                0x080008c3   Thumb Code    28  lcd.o(i.Delay_LCD)
    Error_Handler                            0x080008df   Thumb Code     4  main.o(i.Error_Handler)
    HAL_ADC_ConfigChannel                    0x080008e5   Thumb Code  1006  stm32g4xx_hal_adc.o(i.HAL_ADC_ConfigChannel)
    HAL_ADC_Init                             0x08000d09   Thumb Code   466  stm32g4xx_hal_adc.o(i.HAL_ADC_Init)
    HAL_ADC_MspInit                          0x08000efd   Thumb Code   152  adc.o(i.HAL_ADC_MspInit)
    HAL_DMA_Abort                            0x08000fa9   Thumb Code   106  stm32g4xx_hal_dma.o(i.HAL_DMA_Abort)
    HAL_DMA_Abort_IT                         0x08001013   Thumb Code   120  stm32g4xx_hal_dma.o(i.HAL_DMA_Abort_IT)
    HAL_DMA_IRQHandler                       0x0800108b   Thumb Code   186  stm32g4xx_hal_dma.o(i.HAL_DMA_IRQHandler)
    HAL_DMA_Init                             0x08001145   Thumb Code   178  stm32g4xx_hal_dma.o(i.HAL_DMA_Init)
    HAL_Delay                                0x08001205   Thumb Code    32  stm32g4xx_hal.o(i.HAL_Delay)
    HAL_GPIO_Init                            0x08001229   Thumb Code   550  stm32g4xx_hal_gpio.o(i.HAL_GPIO_Init)
    HAL_GPIO_ReadPin                         0x08001471   Thumb Code    10  stm32g4xx_hal_gpio.o(i.HAL_GPIO_ReadPin)
    HAL_GPIO_WritePin                        0x0800147b   Thumb Code    10  stm32g4xx_hal_gpio.o(i.HAL_GPIO_WritePin)
    HAL_GetTick                              0x08001485   Thumb Code     6  stm32g4xx_hal.o(i.HAL_GetTick)
    HAL_IncTick                              0x08001491   Thumb Code    12  stm32g4xx_hal.o(i.HAL_IncTick)
    HAL_Init                                 0x080014a1   Thumb Code    30  stm32g4xx_hal.o(i.HAL_Init)
    HAL_InitTick                             0x080014c1   Thumb Code    58  stm32g4xx_hal.o(i.HAL_InitTick)
    HAL_MspInit                              0x08001505   Thumb Code    42  stm32g4xx_hal_msp.o(i.HAL_MspInit)
    HAL_NVIC_EnableIRQ                       0x08001535   Thumb Code    26  stm32g4xx_hal_cortex.o(i.HAL_NVIC_EnableIRQ)
    HAL_NVIC_SetPriority                     0x08001551   Thumb Code    60  stm32g4xx_hal_cortex.o(i.HAL_NVIC_SetPriority)
    HAL_NVIC_SetPriorityGrouping             0x08001591   Thumb Code    26  stm32g4xx_hal_cortex.o(i.HAL_NVIC_SetPriorityGrouping)
    HAL_PWREx_ControlVoltageScaling          0x080015b5   Thumb Code   174  stm32g4xx_hal_pwr_ex.o(i.HAL_PWREx_ControlVoltageScaling)
    HAL_PWREx_DisableUCPDDeadBattery         0x08001671   Thumb Code    12  stm32g4xx_hal_pwr_ex.o(i.HAL_PWREx_DisableUCPDDeadBattery)
    HAL_RCCEx_PeriphCLKConfig                0x08001681   Thumb Code   638  stm32g4xx_hal_rcc_ex.o(i.HAL_RCCEx_PeriphCLKConfig)
    HAL_RCC_ClockConfig                      0x08001909   Thumb Code   444  stm32g4xx_hal_rcc.o(i.HAL_RCC_ClockConfig)
    HAL_RCC_GetPCLK1Freq                     0x08001ae5   Thumb Code    24  stm32g4xx_hal_rcc.o(i.HAL_RCC_GetPCLK1Freq)
    HAL_RCC_GetPCLK2Freq                     0x08001b09   Thumb Code    24  stm32g4xx_hal_rcc.o(i.HAL_RCC_GetPCLK2Freq)
    HAL_RCC_GetSysClockFreq                  0x08001b2d   Thumb Code    98  stm32g4xx_hal_rcc.o(i.HAL_RCC_GetSysClockFreq)
    HAL_RCC_OscConfig                        0x08001b9d   Thumb Code  1028  stm32g4xx_hal_rcc.o(i.HAL_RCC_OscConfig)
    HAL_SYSTICK_Config                       0x08001fa1   Thumb Code    40  stm32g4xx_hal_cortex.o(i.HAL_SYSTICK_Config)
    HAL_TIMEx_Break2Callback                 0x08001fc9   Thumb Code     2  stm32g4xx_hal_tim_ex.o(i.HAL_TIMEx_Break2Callback)
    HAL_TIMEx_BreakCallback                  0x08001fcb   Thumb Code     2  stm32g4xx_hal_tim_ex.o(i.HAL_TIMEx_BreakCallback)
    HAL_TIMEx_CommutCallback                 0x08001fcd   Thumb Code     2  stm32g4xx_hal_tim_ex.o(i.HAL_TIMEx_CommutCallback)
    HAL_TIMEx_ConfigBreakDeadTime            0x08001fd1   Thumb Code   148  stm32g4xx_hal_tim_ex.o(i.HAL_TIMEx_ConfigBreakDeadTime)
    HAL_TIMEx_DirectionChangeCallback        0x0800206d   Thumb Code     2  stm32g4xx_hal_tim_ex.o(i.HAL_TIMEx_DirectionChangeCallback)
    HAL_TIMEx_EncoderIndexCallback           0x0800206f   Thumb Code     2  stm32g4xx_hal_tim_ex.o(i.HAL_TIMEx_EncoderIndexCallback)
    HAL_TIMEx_IndexErrorCallback             0x08002071   Thumb Code     2  stm32g4xx_hal_tim_ex.o(i.HAL_TIMEx_IndexErrorCallback)
    HAL_TIMEx_MasterConfigSynchronization    0x08002075   Thumb Code   132  stm32g4xx_hal_tim_ex.o(i.HAL_TIMEx_MasterConfigSynchronization)
    HAL_TIMEx_TransitionErrorCallback        0x08002111   Thumb Code     2  stm32g4xx_hal_tim_ex.o(i.HAL_TIMEx_TransitionErrorCallback)
    HAL_TIM_Base_Init                        0x08002113   Thumb Code    98  stm32g4xx_hal_tim.o(i.HAL_TIM_Base_Init)
    HAL_TIM_Base_MspInit                     0x08002175   Thumb Code    52  tim.o(i.HAL_TIM_Base_MspInit)
    HAL_TIM_ConfigClockSource                0x080021b5   Thumb Code   246  stm32g4xx_hal_tim.o(i.HAL_TIM_ConfigClockSource)
    HAL_TIM_IC_CaptureCallback               0x080022b5   Thumb Code   264  bsp_tim.o(i.HAL_TIM_IC_CaptureCallback)
    HAL_TIM_IC_ConfigChannel                 0x080023e9   Thumb Code   292  stm32g4xx_hal_tim.o(i.HAL_TIM_IC_ConfigChannel)
    HAL_TIM_IC_Init                          0x0800250d   Thumb Code    98  stm32g4xx_hal_tim.o(i.HAL_TIM_IC_Init)
    HAL_TIM_IC_MspInit                       0x08002571   Thumb Code   166  tim.o(i.HAL_TIM_IC_MspInit)
    HAL_TIM_IRQHandler                       0x08002625   Thumb Code   418  stm32g4xx_hal_tim.o(i.HAL_TIM_IRQHandler)
    HAL_TIM_MspPostInit                      0x080027c9   Thumb Code   106  tim.o(i.HAL_TIM_MspPostInit)
    HAL_TIM_OC_ConfigChannel                 0x08002841   Thumb Code   110  stm32g4xx_hal_tim.o(i.HAL_TIM_OC_ConfigChannel)
    HAL_TIM_OC_DelayElapsedCallback          0x080028b1   Thumb Code   116  bsp_tim.o(i.HAL_TIM_OC_DelayElapsedCallback)
    HAL_TIM_OC_Init                          0x0800292d   Thumb Code    98  stm32g4xx_hal_tim.o(i.HAL_TIM_OC_Init)
    HAL_TIM_OC_MspInit                       0x08002991   Thumb Code    30  tim.o(i.HAL_TIM_OC_MspInit)
    HAL_TIM_PWM_ConfigChannel                0x080029b9   Thumb Code   292  stm32g4xx_hal_tim.o(i.HAL_TIM_PWM_ConfigChannel)
    HAL_TIM_PWM_Init                         0x08002add   Thumb Code    98  stm32g4xx_hal_tim.o(i.HAL_TIM_PWM_Init)
    HAL_TIM_PWM_MspInit                      0x08002b3f   Thumb Code     2  stm32g4xx_hal_tim.o(i.HAL_TIM_PWM_MspInit)
    HAL_TIM_PWM_PulseFinishedCallback        0x08002b41   Thumb Code     2  stm32g4xx_hal_tim.o(i.HAL_TIM_PWM_PulseFinishedCallback)
    HAL_TIM_PWM_Start                        0x08002b45   Thumb Code   218  stm32g4xx_hal_tim.o(i.HAL_TIM_PWM_Start)
    HAL_TIM_PeriodElapsedCallback            0x08002c41   Thumb Code    26  bsp_tim.o(i.HAL_TIM_PeriodElapsedCallback)
    HAL_TIM_ReadCapturedValue                0x08002c65   Thumb Code    42  stm32g4xx_hal_tim.o(i.HAL_TIM_ReadCapturedValue)
    HAL_TIM_TriggerCallback                  0x08002c8f   Thumb Code     2  stm32g4xx_hal_tim.o(i.HAL_TIM_TriggerCallback)
    HAL_UARTEx_DisableFifoMode               0x08002c91   Thumb Code    62  stm32g4xx_hal_uart_ex.o(i.HAL_UARTEx_DisableFifoMode)
    HAL_UARTEx_RxEventCallback               0x08002ccf   Thumb Code     2  stm32g4xx_hal_uart.o(i.HAL_UARTEx_RxEventCallback)
    HAL_UARTEx_RxFifoFullCallback            0x08002cd1   Thumb Code     2  stm32g4xx_hal_uart_ex.o(i.HAL_UARTEx_RxFifoFullCallback)
    HAL_UARTEx_SetRxFifoThreshold            0x08002cd3   Thumb Code    76  stm32g4xx_hal_uart_ex.o(i.HAL_UARTEx_SetRxFifoThreshold)
    HAL_UARTEx_SetTxFifoThreshold            0x08002d1f   Thumb Code    76  stm32g4xx_hal_uart_ex.o(i.HAL_UARTEx_SetTxFifoThreshold)
    HAL_UARTEx_TxFifoEmptyCallback           0x08002d6b   Thumb Code     2  stm32g4xx_hal_uart_ex.o(i.HAL_UARTEx_TxFifoEmptyCallback)
    HAL_UARTEx_WakeupCallback                0x08002d6d   Thumb Code     2  stm32g4xx_hal_uart_ex.o(i.HAL_UARTEx_WakeupCallback)
    HAL_UART_ErrorCallback                   0x08002d6f   Thumb Code     2  stm32g4xx_hal_uart.o(i.HAL_UART_ErrorCallback)
    HAL_UART_IRQHandler                      0x08002d71   Thumb Code   766  stm32g4xx_hal_uart.o(i.HAL_UART_IRQHandler)
    HAL_UART_Init                            0x0800307d   Thumb Code   106  stm32g4xx_hal_uart.o(i.HAL_UART_Init)
    HAL_UART_MspInit                         0x080030e9   Thumb Code   132  usart.o(i.HAL_UART_MspInit)
    HAL_UART_Receive_IT                      0x08003175   Thumb Code    66  stm32g4xx_hal_uart.o(i.HAL_UART_Receive_IT)
    HAL_UART_RxCpltCallback                  0x080031bd   Thumb Code    46  bsp_usart.o(i.HAL_UART_RxCpltCallback)
    HAL_UART_Transmit                        0x08003201   Thumb Code   174  stm32g4xx_hal_uart.o(i.HAL_UART_Transmit)
    HAL_UART_TxCpltCallback                  0x080032af   Thumb Code     2  stm32g4xx_hal_uart.o(i.HAL_UART_TxCpltCallback)
    HardFault_Handler                        0x080032b1   Thumb Code     2  stm32g4xx_it.o(i.HardFault_Handler)
    KeyProcess2                              0x080032b5   Thumb Code   374  test.o(i.KeyProcess2)
    Key_scan                                 0x08003459   Thumb Code   108  bsp_button.o(i.Key_scan)
    LCD_BusIn                                0x080034c9   Thumb Code    40  lcd.o(i.LCD_BusIn)
    LCD_BusOut                               0x080034f5   Thumb Code    42  lcd.o(i.LCD_BusOut)
    LCD_Clear                                0x08003525   Thumb Code    36  lcd.o(i.LCD_Clear)
    LCD_CtrlLinesConfig                      0x08003549   Thumb Code   136  lcd.o(i.LCD_CtrlLinesConfig)
    LCD_DisplayChar                          0x080035d9   Thumb Code    18  lcd.o(i.LCD_DisplayChar)
    LCD_DisplayStringLine                    0x080035f1   Thumb Code    42  lcd.o(i.LCD_DisplayStringLine)
    LCD_DrawChar                             0x0800361d   Thumb Code    84  lcd.o(i.LCD_DrawChar)
    LCD_Init                                 0x08003675   Thumb Code    46  lcd.o(i.LCD_Init)
    LCD_ReadReg                              0x080036a9   Thumb Code   120  lcd.o(i.LCD_ReadReg)
    LCD_SetBackColor                         0x08003729   Thumb Code    12  lcd.o(i.LCD_SetBackColor)
    LCD_SetCursor                            0x08003739   Thumb Code    24  lcd.o(i.LCD_SetCursor)
    LCD_SetTextColor                         0x08003751   Thumb Code    12  lcd.o(i.LCD_SetTextColor)
    LCD_TestTask                             0x08003761   Thumb Code   178  test.o(i.LCD_TestTask)
    LCD_WriteRAM                             0x08003899   Thumb Code    80  lcd.o(i.LCD_WriteRAM)
    LCD_WriteRAM_Prepare                     0x080038f1   Thumb Code    82  lcd.o(i.LCD_WriteRAM_Prepare)
    LCD_WriteReg                             0x0800394d   Thumb Code   100  lcd.o(i.LCD_WriteReg)
    LED_Control                              0x080039b9   Thumb Code    74  led.o(i.LED_Control)
    MX_ADC2_Init                             0x08003a59   Thumb Code   110  adc.o(i.MX_ADC2_Init)
    MX_DMA_Init                              0x08003ad5   Thumb Code    56  dma.o(i.MX_DMA_Init)
    MX_GPIO_Init                             0x08003b11   Thumb Code   268  gpio.o(i.MX_GPIO_Init)
    MX_TIM15_Init                            0x08003c2d   Thumb Code   200  tim.o(i.MX_TIM15_Init)
    MX_TIM2_Init                             0x08003cfd   Thumb Code   104  tim.o(i.MX_TIM2_Init)
    MX_TIM3_Init                             0x08003d69   Thumb Code   102  tim.o(i.MX_TIM3_Init)
    MX_TIM4_Init                             0x08003dd9   Thumb Code   104  tim.o(i.MX_TIM4_Init)
    MX_TIM6_Init                             0x08003e49   Thumb Code    62  tim.o(i.MX_TIM6_Init)
    MX_USART1_UART_Init                      0x08003e91   Thumb Code   100  usart.o(i.MX_USART1_UART_Init)
    MemManage_Handler                        0x08003f01   Thumb Code     2  stm32g4xx_it.o(i.MemManage_Handler)
    NMI_Handler                              0x08003f03   Thumb Code     2  stm32g4xx_it.o(i.NMI_Handler)
    PendSV_Handler                           0x08003f05   Thumb Code     2  stm32g4xx_it.o(i.PendSV_Handler)
    REG_8230_Init                            0x08003f07   Thumb Code   274  lcd.o(i.REG_8230_Init)
    REG_932X_Init                            0x08004019   Thumb Code   514  lcd.o(i.REG_932X_Init)
    SVC_Handler                              0x0800421b   Thumb Code     2  stm32g4xx_it.o(i.SVC_Handler)
    SysTick_Handler                          0x0800421d   Thumb Code     4  stm32g4xx_it.o(i.SysTick_Handler)
    SystemClock_Config                       0x08004221   Thumb Code   106  main.o(i.SystemClock_Config)
    SystemInit                               0x0800428d   Thumb Code    12  system_stm32g4xx.o(i.SystemInit)
    TIM2_IRQHandler                          0x0800429d   Thumb Code     6  stm32g4xx_it.o(i.TIM2_IRQHandler)
    TIM_Base_SetConfig                       0x080042a9   Thumb Code   160  stm32g4xx_hal_tim.o(i.TIM_Base_SetConfig)
    TIM_CCxChannelCmd                        0x08004365   Thumb Code    26  stm32g4xx_hal_tim.o(i.TIM_CCxChannelCmd)
    TIM_ETR_SetConfig                        0x0800437f   Thumb Code    20  stm32g4xx_hal_tim.o(i.TIM_ETR_SetConfig)
    TIM_OC2_SetConfig                        0x08004445   Thumb Code   120  stm32g4xx_hal_tim.o(i.TIM_OC2_SetConfig)
    TIM_TI1_SetConfig                        0x080046f9   Thumb Code    88  stm32g4xx_hal_tim.o(i.TIM_TI1_SetConfig)
    UART_AdvFeatureConfig                    0x08004805   Thumb Code   200  stm32g4xx_hal_uart.o(i.UART_AdvFeatureConfig)
    UART_CheckIdleState                      0x080048cd   Thumb Code   172  stm32g4xx_hal_uart.o(i.UART_CheckIdleState)
    UART_SetConfig                           0x08004eb1   Thumb Code   582  stm32g4xx_hal_uart.o(i.UART_SetConfig)
    UART_Start_Receive_IT                    0x08005125   Thumb Code   256  stm32g4xx_hal_uart.o(i.UART_Start_Receive_IT)
    UART_WaitOnFlagUntilTimeout              0x08005235   Thumb Code   148  stm32g4xx_hal_uart.o(i.UART_WaitOnFlagUntilTimeout)
    USART1_IRQHandler                        0x080052c9   Thumb Code     6  stm32g4xx_it.o(i.USART1_IRQHandler)
    Uart1_RX_Pro                             0x080052d5   Thumb Code   222  test.o(i.Uart1_RX_Pro)
    Uart1_Send                               0x080053f9   Thumb Code    30  bsp_usart.o(i.Uart1_Send)
    UsageFault_Handler                       0x0800541d   Thumb Code     2  stm32g4xx_it.o(i.UsageFault_Handler)
    _is_digit                                0x0800543f   Thumb Code    14  __printf_wp.o(i._is_digit)
    main                                     0x0800544d   Thumb Code   102  main.o(i.main)
    pwmchange                                0x080054d1   Thumb Code    22  test.o(i.pwmchange)
    __aeabi_d2f                              0x080054ed   Thumb Code     0  d2f.o(x$fpl$d2f)
    _d2f                                     0x080054ed   Thumb Code    98  d2f.o(x$fpl$d2f)
    __aeabi_ddiv                             0x08005551   Thumb Code     0  ddiv.o(x$fpl$ddiv)
    _ddiv                                    0x08005551   Thumb Code   552  ddiv.o(x$fpl$ddiv)
    __aeabi_ui2d                             0x08005801   Thumb Code     0  dflt_clz.o(x$fpl$dfltu)
    _dfltu                                   0x08005801   Thumb Code    38  dflt_clz.o(x$fpl$dfltu)
    __aeabi_dmul                             0x08005829   Thumb Code     0  dmul.o(x$fpl$dmul)
    _dmul                                    0x08005829   Thumb Code   332  dmul.o(x$fpl$dmul)
    __fpl_dnaninf                            0x0800597d   Thumb Code   156  dnaninf.o(x$fpl$dnaninf)
    __fpl_dretinf                            0x08005a19   Thumb Code    12  dretinf.o(x$fpl$dretinf)
    _fp_init                                 0x08005a25   Thumb Code    10  fpinit.o(x$fpl$fpinit)
    __fplib_config_fpu_vfp                   0x08005a2d   Thumb Code     0  fpinit.o(x$fpl$fpinit)
    __fplib_config_pureend_doubles           0x08005a2d   Thumb Code     0  fpinit.o(x$fpl$fpinit)
    __fpl_fretinf                            0x08005a2f   Thumb Code    10  fretinf.o(x$fpl$fretinf)
    UARTPrescTable                           0x08005a38   Data          24  stm32g4xx_hal_uart.o(.constdata)
    __I$use$fp                               0x08005a38   Number         0  usenofp.o(x$fpl$usenofp)
    AHBPrescTable                            0x08005a60   Data          16  system_stm32g4xx.o(.constdata)
    APBPrescTable                            0x08005a70   Data           8  system_stm32g4xx.o(.constdata)
    ASCII_Table                              0x08005a78   Data        4560  lcd.o(.constdata)
    Region$$Table$$Base                      0x08006c5c   Number         0  anon$$obj.o(Region$$Table)
    Region$$Table$$Limit                     0x08006c7c   Number         0  anon$$obj.o(Region$$Table)
    Usart1_RxData_Temp                       0x20000000   Data           1  usart.o(.data)
    uwTickPrio                               0x20000004   Data           4  stm32g4xx_hal.o(.data)
    uwTickFreq                               0x20000008   Data           4  stm32g4xx_hal.o(.data)
    uwTick                                   0x2000000c   Data           4  stm32g4xx_hal.o(.data)
    SystemCoreClock                          0x20000010   Data           4  system_stm32g4xx.o(.data)
    LED_State                                0x20000014   Data           1  led.o(.data)
    su                                       0x20000018   Data           1  test.o(.data)
    year                                     0x20000019   Data           1  test.o(.data)
    month                                    0x2000001a   Data           1  test.o(.data)
    day                                      0x2000001b   Data           1  test.o(.data)
    dummy                                    0x20000034   Data           2  lcd.o(.data)
    U1Rx_Len                                 0x20000036   Data           1  bsp_usart.o(.data)
    Tim3_Duty                                0x20000038   Data           4  bsp_tim.o(.data)
    Tim2_Duty                                0x2000003c   Data           4  bsp_tim.o(.data)
    Tim3_Fre                                 0x20000040   Data           4  bsp_tim.o(.data)
    Tim2_Fre                                 0x20000044   Data           4  bsp_tim.o(.data)
    TIM4CH1_PA11_Pulse                       0x20000048   Data           4  bsp_tim.o(.data)
    TIM4CH2_PA12_Pulse                       0x2000004c   Data           4  bsp_tim.o(.data)
    TIM4CH1_PA11_Duty                        0x20000050   Data           4  bsp_tim.o(.data)
    TIM4CH2_PA12_Duty                        0x20000054   Data           4  bsp_tim.o(.data)
    TIM3_RiseEdge_Count                      0x20000058   Data           4  bsp_tim.o(.data)
    TIM3_FallEdge_Count                      0x2000005c   Data           4  bsp_tim.o(.data)
    TIM2_RiseEdge_Count                      0x20000060   Data           4  bsp_tim.o(.data)
    TIM2_FallEdge_Count                      0x20000064   Data           4  bsp_tim.o(.data)
    hadc2                                    0x20000068   Data         108  adc.o(.bss)
    hdma_adc2                                0x200000d4   Data          96  adc.o(.bss)
    htim2                                    0x20000134   Data          76  tim.o(.bss)
    htim3                                    0x20000180   Data          76  tim.o(.bss)
    htim4                                    0x200001cc   Data          76  tim.o(.bss)
    htim6                                    0x20000218   Data          76  tim.o(.bss)
    htim15                                   0x20000264   Data          76  tim.o(.bss)
    huart1                                   0x200002b0   Data         148  usart.o(.bss)
    Lcd_Disp_String                          0x20000344   Data          25  test.o(.bss)
    Uart1_Rx_Buf                             0x2000035d   Data          20  bsp_usart.o(.bss)
    Uart1_Tx_Buf                             0x20000371   Data          20  bsp_usart.o(.bss)
    __libspace_start                         0x20000388   Data          96  libspace.o(.bss)
    __temporary_stack_top$libspace           0x200003e8   Data           0  libspace.o(.bss)



==============================================================================

Memory Map of the image

  Image Entry point : 0x080001d9

  Load Region LR_IROM1 (Base: 0x08000000, Size: 0x00006ce4, Max: 0x00020000, ABSOLUTE)

    Execution Region ER_IROM1 (Exec base: 0x08000000, Load base: 0x08000000, Size: 0x00006c7c, Max: 0x00020000, ABSOLUTE)

    Exec Addr    Load Addr    Size         Type   Attr      Idx    E Section Name        Object

    0x08000000   0x08000000   0x000001d8   Data   RO            3    RESET               startup_stm32g431xx.o
    0x080001d8   0x080001d8   0x00000008   Code   RO         4726  * !!!main             c_w.l(__main.o)
    0x080001e0   0x080001e0   0x00000034   Code   RO         4927    !!!scatter          c_w.l(__scatter.o)
    0x08000214   0x08000214   0x0000001a   Code   RO         4929    !!handler_copy      c_w.l(__scatter_copy.o)
    0x0800022e   0x0800022e   0x00000002   PAD
    0x08000230   0x08000230   0x0000001c   Code   RO         4931    !!handler_zi        c_w.l(__scatter_zi.o)
    0x0800024c   0x0800024c   0x00000000   Code   RO         4719    .ARM.Collect$$_printf_percent$$00000000  c_w.l(_printf_percent.o)
    0x0800024c   0x0800024c   0x00000006   Code   RO         4718    .ARM.Collect$$_printf_percent$$00000009  c_w.l(_printf_d.o)
    0x08000252   0x08000252   0x00000006   Code   RO         4717    .ARM.Collect$$_printf_percent$$00000014  c_w.l(_printf_s.o)
    0x08000258   0x08000258   0x00000004   Code   RO         4755    .ARM.Collect$$_printf_percent$$00000017  c_w.l(_printf_percent_end.o)
    0x0800025c   0x0800025c   0x00000002   Code   RO         4795    .ARM.Collect$$libinit$$00000000  c_w.l(libinit.o)
    0x0800025e   0x0800025e   0x00000004   Code   RO         4807    .ARM.Collect$$libinit$$00000001  c_w.l(libinit2.o)
    0x08000262   0x08000262   0x00000000   Code   RO         4810    .ARM.Collect$$libinit$$00000004  c_w.l(libinit2.o)
    0x08000262   0x08000262   0x00000000   Code   RO         4813    .ARM.Collect$$libinit$$0000000A  c_w.l(libinit2.o)
    0x08000262   0x08000262   0x00000000   Code   RO         4815    .ARM.Collect$$libinit$$0000000C  c_w.l(libinit2.o)
    0x08000262   0x08000262   0x00000000   Code   RO         4817    .ARM.Collect$$libinit$$0000000E  c_w.l(libinit2.o)
    0x08000262   0x08000262   0x00000000   Code   RO         4820    .ARM.Collect$$libinit$$00000011  c_w.l(libinit2.o)
    0x08000262   0x08000262   0x00000000   Code   RO         4822    .ARM.Collect$$libinit$$00000013  c_w.l(libinit2.o)
    0x08000262   0x08000262   0x00000000   Code   RO         4824    .ARM.Collect$$libinit$$00000015  c_w.l(libinit2.o)
    0x08000262   0x08000262   0x00000000   Code   RO         4826    .ARM.Collect$$libinit$$00000017  c_w.l(libinit2.o)
    0x08000262   0x08000262   0x00000000   Code   RO         4828    .ARM.Collect$$libinit$$00000019  c_w.l(libinit2.o)
    0x08000262   0x08000262   0x00000000   Code   RO         4830    .ARM.Collect$$libinit$$0000001B  c_w.l(libinit2.o)
    0x08000262   0x08000262   0x00000000   Code   RO         4832    .ARM.Collect$$libinit$$0000001D  c_w.l(libinit2.o)
    0x08000262   0x08000262   0x00000000   Code   RO         4834    .ARM.Collect$$libinit$$0000001F  c_w.l(libinit2.o)
    0x08000262   0x08000262   0x00000000   Code   RO         4836    .ARM.Collect$$libinit$$00000021  c_w.l(libinit2.o)
    0x08000262   0x08000262   0x00000000   Code   RO         4838    .ARM.Collect$$libinit$$00000023  c_w.l(libinit2.o)
    0x08000262   0x08000262   0x00000000   Code   RO         4840    .ARM.Collect$$libinit$$00000025  c_w.l(libinit2.o)
    0x08000262   0x08000262   0x00000000   Code   RO         4844    .ARM.Collect$$libinit$$0000002C  c_w.l(libinit2.o)
    0x08000262   0x08000262   0x00000000   Code   RO         4846    .ARM.Collect$$libinit$$0000002E  c_w.l(libinit2.o)
    0x08000262   0x08000262   0x00000000   Code   RO         4848    .ARM.Collect$$libinit$$00000030  c_w.l(libinit2.o)
    0x08000262   0x08000262   0x00000000   Code   RO         4850    .ARM.Collect$$libinit$$00000032  c_w.l(libinit2.o)
    0x08000262   0x08000262   0x00000002   Code   RO         4851    .ARM.Collect$$libinit$$00000033  c_w.l(libinit2.o)
    0x08000264   0x08000264   0x00000002   Code   RO         4882    .ARM.Collect$$libshutdown$$00000000  c_w.l(libshutdown.o)
    0x08000266   0x08000266   0x00000000   Code   RO         4908    .ARM.Collect$$libshutdown$$00000002  c_w.l(libshutdown2.o)
    0x08000266   0x08000266   0x00000000   Code   RO         4910    .ARM.Collect$$libshutdown$$00000004  c_w.l(libshutdown2.o)
    0x08000266   0x08000266   0x00000000   Code   RO         4912    .ARM.Collect$$libshutdown$$00000006  c_w.l(libshutdown2.o)
    0x08000266   0x08000266   0x00000000   Code   RO         4915    .ARM.Collect$$libshutdown$$00000009  c_w.l(libshutdown2.o)
    0x08000266   0x08000266   0x00000000   Code   RO         4918    .ARM.Collect$$libshutdown$$0000000C  c_w.l(libshutdown2.o)
    0x08000266   0x08000266   0x00000000   Code   RO         4920    .ARM.Collect$$libshutdown$$0000000E  c_w.l(libshutdown2.o)
    0x08000266   0x08000266   0x00000000   Code   RO         4923    .ARM.Collect$$libshutdown$$00000011  c_w.l(libshutdown2.o)
    0x08000266   0x08000266   0x00000002   Code   RO         4924    .ARM.Collect$$libshutdown$$00000012  c_w.l(libshutdown2.o)
    0x08000268   0x08000268   0x00000000   Code   RO         4742    .ARM.Collect$$rtentry$$00000000  c_w.l(__rtentry.o)
    0x08000268   0x08000268   0x00000000   Code   RO         4764    .ARM.Collect$$rtentry$$00000002  c_w.l(__rtentry2.o)
    0x08000268   0x08000268   0x00000006   Code   RO         4776    .ARM.Collect$$rtentry$$00000004  c_w.l(__rtentry4.o)
    0x0800026e   0x0800026e   0x00000000   Code   RO         4766    .ARM.Collect$$rtentry$$00000009  c_w.l(__rtentry2.o)
    0x0800026e   0x0800026e   0x00000004   Code   RO         4767    .ARM.Collect$$rtentry$$0000000A  c_w.l(__rtentry2.o)
    0x08000272   0x08000272   0x00000000   Code   RO         4769    .ARM.Collect$$rtentry$$0000000C  c_w.l(__rtentry2.o)
    0x08000272   0x08000272   0x00000008   Code   RO         4770    .ARM.Collect$$rtentry$$0000000D  c_w.l(__rtentry2.o)
    0x0800027a   0x0800027a   0x00000002   Code   RO         4799    .ARM.Collect$$rtexit$$00000000  c_w.l(rtexit.o)
    0x0800027c   0x0800027c   0x00000000   Code   RO         4855    .ARM.Collect$$rtexit$$00000002  c_w.l(rtexit2.o)
    0x0800027c   0x0800027c   0x00000004   Code   RO         4856    .ARM.Collect$$rtexit$$00000003  c_w.l(rtexit2.o)
    0x08000280   0x08000280   0x00000006   Code   RO         4857    .ARM.Collect$$rtexit$$00000004  c_w.l(rtexit2.o)
    0x08000286   0x08000286   0x00000002   PAD
    0x08000288   0x08000288   0x00000040   Code   RO            4    .text               startup_stm32g431xx.o
    0x080002c8   0x080002c8   0x000000ee   Code   RO         4683    .text               c_w.l(lludivv7m.o)
    0x080003b6   0x080003b6   0x00000002   PAD
    0x080003b8   0x080003b8   0x00000028   Code   RO         4687    .text               c_w.l(noretval__2sprintf.o)
    0x080003e0   0x080003e0   0x0000004e   Code   RO         4691    .text               c_w.l(_printf_pad.o)
    0x0800042e   0x0800042e   0x00000052   Code   RO         4693    .text               c_w.l(_printf_str.o)
    0x08000480   0x08000480   0x00000078   Code   RO         4695    .text               c_w.l(_printf_dec.o)
    0x080004f8   0x080004f8   0x00000138   Code   RO         4709    .text               c_w.l(__printf_flags_wp.o)
    0x08000630   0x08000630   0x0000003e   Code   RO         4720    .text               c_w.l(strlen.o)
    0x0800066e   0x0800066e   0x0000004e   Code   RO         4722    .text               c_w.l(rt_memclr_w.o)
    0x080006bc   0x080006bc   0x00000006   Code   RO         4724    .text               c_w.l(heapauxi.o)
    0x080006c2   0x080006c2   0x000000b2   Code   RO         4747    .text               c_w.l(_printf_intcommon.o)
    0x08000774   0x08000774   0x00000030   Code   RO         4749    .text               c_w.l(_printf_char_common.o)
    0x080007a4   0x080007a4   0x0000000a   Code   RO         4751    .text               c_w.l(_sputc.o)
    0x080007ae   0x080007ae   0x0000002c   Code   RO         4753    .text               c_w.l(_printf_char.o)
    0x080007da   0x080007da   0x0000004a   Code   RO         4782    .text               c_w.l(sys_stackheap_outer.o)
    0x08000824   0x08000824   0x00000012   Code   RO         4784    .text               c_w.l(exit.o)
    0x08000836   0x08000836   0x00000002   PAD
    0x08000838   0x08000838   0x00000008   Code   RO         4796    .text               c_w.l(libspace.o)
    0x08000840   0x08000840   0x0000000c   Code   RO         4852    .text               c_w.l(sys_exit.o)
    0x0800084c   0x0800084c   0x00000002   Code   RO         4871    .text               c_w.l(use_no_semi.o)
    0x0800084e   0x0800084e   0x00000000   Code   RO         4873    .text               c_w.l(indicate_semi.o)
    0x0800084e   0x0800084e   0x00000002   Code   RO          432    i.BusFault_Handler  stm32g4xx_it.o
    0x08000850   0x08000850   0x0000000c   Code   RO          433    i.DMA1_Channel1_IRQHandler  stm32g4xx_it.o
    0x0800085c   0x0800085c   0x00000040   Code   RO         1848    i.DMA_CalcDMAMUXChannelBaseAndMask  stm32g4xx_hal_dma.o
    0x0800089c   0x0800089c   0x00000024   Code   RO         1849    i.DMA_CalcDMAMUXRequestGenBaseAndMask  stm32g4xx_hal_dma.o
    0x080008c0   0x080008c0   0x00000002   Code   RO          434    i.DebugMon_Handler  stm32g4xx_it.o
    0x080008c2   0x080008c2   0x0000001c   Code   RO         4357    i.Delay_LCD         lcd.o
    0x080008de   0x080008de   0x00000004   Code   RO           13    i.Error_Handler     main.o
    0x080008e2   0x080008e2   0x00000002   PAD
    0x080008e4   0x080008e4   0x00000424   Code   RO          557    i.HAL_ADC_ConfigChannel  stm32g4xx_hal_adc.o
    0x08000d08   0x08000d08   0x000001f4   Code   RO          566    i.HAL_ADC_Init      stm32g4xx_hal_adc.o
    0x08000efc   0x08000efc   0x000000ac   Code   RO          228    i.HAL_ADC_MspInit   adc.o
    0x08000fa8   0x08000fa8   0x0000006a   Code   RO         1851    i.HAL_DMA_Abort     stm32g4xx_hal_dma.o
    0x08001012   0x08001012   0x00000078   Code   RO         1852    i.HAL_DMA_Abort_IT  stm32g4xx_hal_dma.o
    0x0800108a   0x0800108a   0x000000ba   Code   RO         1856    i.HAL_DMA_IRQHandler  stm32g4xx_hal_dma.o
    0x08001144   0x08001144   0x000000c0   Code   RO         1857    i.HAL_DMA_Init      stm32g4xx_hal_dma.o
    0x08001204   0x08001204   0x00000024   Code   RO         1004    i.HAL_Delay         stm32g4xx_hal.o
    0x08001228   0x08001228   0x00000248   Code   RO         1713    i.HAL_GPIO_Init     stm32g4xx_hal_gpio.o
    0x08001470   0x08001470   0x0000000a   Code   RO         1715    i.HAL_GPIO_ReadPin  stm32g4xx_hal_gpio.o
    0x0800147a   0x0800147a   0x0000000a   Code   RO         1717    i.HAL_GPIO_WritePin  stm32g4xx_hal_gpio.o
    0x08001484   0x08001484   0x0000000c   Code   RO         1008    i.HAL_GetTick       stm32g4xx_hal.o
    0x08001490   0x08001490   0x00000010   Code   RO         1014    i.HAL_IncTick       stm32g4xx_hal.o
    0x080014a0   0x080014a0   0x0000001e   Code   RO         1015    i.HAL_Init          stm32g4xx_hal.o
    0x080014be   0x080014be   0x00000002   PAD
    0x080014c0   0x080014c0   0x00000044   Code   RO         1016    i.HAL_InitTick      stm32g4xx_hal.o
    0x08001504   0x08001504   0x00000030   Code   RO          526    i.HAL_MspInit       stm32g4xx_hal_msp.o
    0x08001534   0x08001534   0x0000001a   Code   RO         2360    i.HAL_NVIC_EnableIRQ  stm32g4xx_hal_cortex.o
    0x0800154e   0x0800154e   0x00000002   PAD
    0x08001550   0x08001550   0x00000040   Code   RO         2366    i.HAL_NVIC_SetPriority  stm32g4xx_hal_cortex.o
    0x08001590   0x08001590   0x00000024   Code   RO         2367    i.HAL_NVIC_SetPriorityGrouping  stm32g4xx_hal_cortex.o
    0x080015b4   0x080015b4   0x000000bc   Code   RO         2116    i.HAL_PWREx_ControlVoltageScaling  stm32g4xx_hal_pwr_ex.o
    0x08001670   0x08001670   0x00000010   Code   RO         2128    i.HAL_PWREx_DisableUCPDDeadBattery  stm32g4xx_hal_pwr_ex.o
    0x08001680   0x08001680   0x00000288   Code   RO         1375    i.HAL_RCCEx_PeriphCLKConfig  stm32g4xx_hal_rcc_ex.o
    0x08001908   0x08001908   0x000001dc   Code   RO         1250    i.HAL_RCC_ClockConfig  stm32g4xx_hal_rcc.o
    0x08001ae4   0x08001ae4   0x00000024   Code   RO         1258    i.HAL_RCC_GetPCLK1Freq  stm32g4xx_hal_rcc.o
    0x08001b08   0x08001b08   0x00000024   Code   RO         1259    i.HAL_RCC_GetPCLK2Freq  stm32g4xx_hal_rcc.o
    0x08001b2c   0x08001b2c   0x00000070   Code   RO         1260    i.HAL_RCC_GetSysClockFreq  stm32g4xx_hal_rcc.o
    0x08001b9c   0x08001b9c   0x00000404   Code   RO         1263    i.HAL_RCC_OscConfig  stm32g4xx_hal_rcc.o
    0x08001fa0   0x08001fa0   0x00000028   Code   RO         2371    i.HAL_SYSTICK_Config  stm32g4xx_hal_cortex.o
    0x08001fc8   0x08001fc8   0x00000002   Code   RO         3206    i.HAL_TIMEx_Break2Callback  stm32g4xx_hal_tim_ex.o
    0x08001fca   0x08001fca   0x00000002   Code   RO         3207    i.HAL_TIMEx_BreakCallback  stm32g4xx_hal_tim_ex.o
    0x08001fcc   0x08001fcc   0x00000002   Code   RO         3208    i.HAL_TIMEx_CommutCallback  stm32g4xx_hal_tim_ex.o
    0x08001fce   0x08001fce   0x00000002   PAD
    0x08001fd0   0x08001fd0   0x0000009c   Code   RO         3211    i.HAL_TIMEx_ConfigBreakDeadTime  stm32g4xx_hal_tim_ex.o
    0x0800206c   0x0800206c   0x00000002   Code   RO         3219    i.HAL_TIMEx_DirectionChangeCallback  stm32g4xx_hal_tim_ex.o
    0x0800206e   0x0800206e   0x00000002   Code   RO         3233    i.HAL_TIMEx_EncoderIndexCallback  stm32g4xx_hal_tim_ex.o
    0x08002070   0x08002070   0x00000002   Code   RO         3247    i.HAL_TIMEx_IndexErrorCallback  stm32g4xx_hal_tim_ex.o
    0x08002072   0x08002072   0x00000002   PAD
    0x08002074   0x08002074   0x0000009c   Code   RO         3248    i.HAL_TIMEx_MasterConfigSynchronization  stm32g4xx_hal_tim_ex.o
    0x08002110   0x08002110   0x00000002   Code   RO         3269    i.HAL_TIMEx_TransitionErrorCallback  stm32g4xx_hal_tim_ex.o
    0x08002112   0x08002112   0x00000062   Code   RO         2492    i.HAL_TIM_Base_Init  stm32g4xx_hal_tim.o
    0x08002174   0x08002174   0x00000040   Code   RO          294    i.HAL_TIM_Base_MspInit  tim.o
    0x080021b4   0x080021b4   0x00000100   Code   RO         2501    i.HAL_TIM_ConfigClockSource  stm32g4xx_hal_tim.o
    0x080022b4   0x080022b4   0x00000134   Code   RO         4602    i.HAL_TIM_IC_CaptureCallback  bsp_tim.o
    0x080023e8   0x080023e8   0x00000124   Code   RO         2528    i.HAL_TIM_IC_ConfigChannel  stm32g4xx_hal_tim.o
    0x0800250c   0x0800250c   0x00000062   Code   RO         2531    i.HAL_TIM_IC_Init   stm32g4xx_hal_tim.o
    0x0800256e   0x0800256e   0x00000002   PAD
    0x08002570   0x08002570   0x000000b4   Code   RO          296    i.HAL_TIM_IC_MspInit  tim.o
    0x08002624   0x08002624   0x000001a2   Code   RO         2540    i.HAL_TIM_IRQHandler  stm32g4xx_hal_tim.o
    0x080027c6   0x080027c6   0x00000002   PAD
    0x080027c8   0x080027c8   0x00000078   Code   RO          297    i.HAL_TIM_MspPostInit  tim.o
    0x08002840   0x08002840   0x0000006e   Code   RO         2541    i.HAL_TIM_OC_ConfigChannel  stm32g4xx_hal_tim.o
    0x080028ae   0x080028ae   0x00000002   PAD
    0x080028b0   0x080028b0   0x0000007c   Code   RO         4603    i.HAL_TIM_OC_DelayElapsedCallback  bsp_tim.o
    0x0800292c   0x0800292c   0x00000062   Code   RO         2545    i.HAL_TIM_OC_Init   stm32g4xx_hal_tim.o
    0x0800298e   0x0800298e   0x00000002   PAD
    0x08002990   0x08002990   0x00000028   Code   RO          299    i.HAL_TIM_OC_MspInit  tim.o
    0x080029b8   0x080029b8   0x00000124   Code   RO         2564    i.HAL_TIM_PWM_ConfigChannel  stm32g4xx_hal_tim.o
    0x08002adc   0x08002adc   0x00000062   Code   RO         2567    i.HAL_TIM_PWM_Init  stm32g4xx_hal_tim.o
    0x08002b3e   0x08002b3e   0x00000002   Code   RO         2569    i.HAL_TIM_PWM_MspInit  stm32g4xx_hal_tim.o
    0x08002b40   0x08002b40   0x00000002   Code   RO         2570    i.HAL_TIM_PWM_PulseFinishedCallback  stm32g4xx_hal_tim.o
    0x08002b42   0x08002b42   0x00000002   PAD
    0x08002b44   0x08002b44   0x000000fc   Code   RO         2572    i.HAL_TIM_PWM_Start  stm32g4xx_hal_tim.o
    0x08002c40   0x08002c40   0x00000024   Code   RO         4604    i.HAL_TIM_PeriodElapsedCallback  bsp_tim.o
    0x08002c64   0x08002c64   0x0000002a   Code   RO         2580    i.HAL_TIM_ReadCapturedValue  stm32g4xx_hal_tim.o
    0x08002c8e   0x08002c8e   0x00000002   Code   RO         2583    i.HAL_TIM_TriggerCallback  stm32g4xx_hal_tim.o
    0x08002c90   0x08002c90   0x0000003e   Code   RO         4055    i.HAL_UARTEx_DisableFifoMode  stm32g4xx_hal_uart_ex.o
    0x08002cce   0x08002cce   0x00000002   Code   RO         3644    i.HAL_UARTEx_RxEventCallback  stm32g4xx_hal_uart.o
    0x08002cd0   0x08002cd0   0x00000002   Code   RO         4063    i.HAL_UARTEx_RxFifoFullCallback  stm32g4xx_hal_uart_ex.o
    0x08002cd2   0x08002cd2   0x0000004c   Code   RO         4064    i.HAL_UARTEx_SetRxFifoThreshold  stm32g4xx_hal_uart_ex.o
    0x08002d1e   0x08002d1e   0x0000004c   Code   RO         4065    i.HAL_UARTEx_SetTxFifoThreshold  stm32g4xx_hal_uart_ex.o
    0x08002d6a   0x08002d6a   0x00000002   Code   RO         4067    i.HAL_UARTEx_TxFifoEmptyCallback  stm32g4xx_hal_uart_ex.o
    0x08002d6c   0x08002d6c   0x00000002   Code   RO         4068    i.HAL_UARTEx_WakeupCallback  stm32g4xx_hal_uart_ex.o
    0x08002d6e   0x08002d6e   0x00000002   Code   RO         3660    i.HAL_UART_ErrorCallback  stm32g4xx_hal_uart.o
    0x08002d70   0x08002d70   0x0000030c   Code   RO         3663    i.HAL_UART_IRQHandler  stm32g4xx_hal_uart.o
    0x0800307c   0x0800307c   0x0000006a   Code   RO         3664    i.HAL_UART_Init     stm32g4xx_hal_uart.o
    0x080030e6   0x080030e6   0x00000002   PAD
    0x080030e8   0x080030e8   0x0000008c   Code   RO          390    i.HAL_UART_MspInit  usart.o
    0x08003174   0x08003174   0x00000048   Code   RO         3669    i.HAL_UART_Receive_IT  stm32g4xx_hal_uart.o
    0x080031bc   0x080031bc   0x00000044   Code   RO         4563    i.HAL_UART_RxCpltCallback  bsp_usart.o
    0x08003200   0x08003200   0x000000ae   Code   RO         3673    i.HAL_UART_Transmit  stm32g4xx_hal_uart.o
    0x080032ae   0x080032ae   0x00000002   Code   RO         3676    i.HAL_UART_TxCpltCallback  stm32g4xx_hal_uart.o
    0x080032b0   0x080032b0   0x00000002   Code   RO          435    i.HardFault_Handler  stm32g4xx_it.o
    0x080032b2   0x080032b2   0x00000002   PAD
    0x080032b4   0x080032b4   0x000001a4   Code   RO         4274    i.KeyProcess2       test.o
    0x08003458   0x08003458   0x00000070   Code   RO         4241    i.Key_scan          bsp_button.o
    0x080034c8   0x080034c8   0x0000002c   Code   RO         4358    i.LCD_BusIn         lcd.o
    0x080034f4   0x080034f4   0x00000030   Code   RO         4359    i.LCD_BusOut        lcd.o
    0x08003524   0x08003524   0x00000024   Code   RO         4360    i.LCD_Clear         lcd.o
    0x08003548   0x08003548   0x00000090   Code   RO         4362    i.LCD_CtrlLinesConfig  lcd.o
    0x080035d8   0x080035d8   0x00000018   Code   RO         4363    i.LCD_DisplayChar   lcd.o
    0x080035f0   0x080035f0   0x0000002a   Code   RO         4366    i.LCD_DisplayStringLine  lcd.o
    0x0800361a   0x0800361a   0x00000002   PAD
    0x0800361c   0x0800361c   0x00000058   Code   RO         4367    i.LCD_DrawChar      lcd.o
    0x08003674   0x08003674   0x00000034   Code   RO         4373    i.LCD_Init          lcd.o
    0x080036a8   0x080036a8   0x00000080   Code   RO         4376    i.LCD_ReadReg       lcd.o
    0x08003728   0x08003728   0x00000010   Code   RO         4377    i.LCD_SetBackColor  lcd.o
    0x08003738   0x08003738   0x00000018   Code   RO         4378    i.LCD_SetCursor     lcd.o
    0x08003750   0x08003750   0x00000010   Code   RO         4380    i.LCD_SetTextColor  lcd.o
    0x08003760   0x08003760   0x00000138   Code   RO         4275    i.LCD_TestTask      test.o
    0x08003898   0x08003898   0x00000058   Code   RO         4383    i.LCD_WriteRAM      lcd.o
    0x080038f0   0x080038f0   0x0000005c   Code   RO         4384    i.LCD_WriteRAM_Prepare  lcd.o
    0x0800394c   0x0800394c   0x0000006c   Code   RO         4385    i.LCD_WriteReg      lcd.o
    0x080039b8   0x080039b8   0x00000054   Code   RO         4211    i.LED_Control       led.o
    0x08003a0c   0x08003a0c   0x0000000c   Code   RO          580    i.LL_ADC_GetOffsetChannel  stm32g4xx_hal_adc.o
    0x08003a18   0x08003a18   0x00000008   Code   RO          581    i.LL_ADC_INJ_IsConversionOngoing  stm32g4xx_hal_adc.o
    0x08003a20   0x08003a20   0x00000008   Code   RO          582    i.LL_ADC_REG_IsConversionOngoing  stm32g4xx_hal_adc.o
    0x08003a28   0x08003a28   0x0000001e   Code   RO          585    i.LL_ADC_SetChannelSamplingTime  stm32g4xx_hal_adc.o
    0x08003a46   0x08003a46   0x00000010   Code   RO          586    i.LL_ADC_SetOffsetState  stm32g4xx_hal_adc.o
    0x08003a56   0x08003a56   0x00000002   PAD
    0x08003a58   0x08003a58   0x0000007c   Code   RO          229    i.MX_ADC2_Init      adc.o
    0x08003ad4   0x08003ad4   0x0000003c   Code   RO          269    i.MX_DMA_Init       dma.o
    0x08003b10   0x08003b10   0x0000011c   Code   RO          203    i.MX_GPIO_Init      gpio.o
    0x08003c2c   0x08003c2c   0x000000d0   Code   RO          300    i.MX_TIM15_Init     tim.o
    0x08003cfc   0x08003cfc   0x0000006c   Code   RO          301    i.MX_TIM2_Init      tim.o
    0x08003d68   0x08003d68   0x00000070   Code   RO          302    i.MX_TIM3_Init      tim.o
    0x08003dd8   0x08003dd8   0x00000070   Code   RO          303    i.MX_TIM4_Init      tim.o
    0x08003e48   0x08003e48   0x00000048   Code   RO          304    i.MX_TIM6_Init      tim.o
    0x08003e90   0x08003e90   0x00000070   Code   RO          391    i.MX_USART1_UART_Init  usart.o
    0x08003f00   0x08003f00   0x00000002   Code   RO          436    i.MemManage_Handler  stm32g4xx_it.o
    0x08003f02   0x08003f02   0x00000002   Code   RO          437    i.NMI_Handler       stm32g4xx_it.o
    0x08003f04   0x08003f04   0x00000002   Code   RO          438    i.PendSV_Handler    stm32g4xx_it.o
    0x08003f06   0x08003f06   0x00000112   Code   RO         4386    i.REG_8230_Init     lcd.o
    0x08004018   0x08004018   0x00000202   Code   RO         4387    i.REG_932X_Init     lcd.o
    0x0800421a   0x0800421a   0x00000002   Code   RO          439    i.SVC_Handler       stm32g4xx_it.o
    0x0800421c   0x0800421c   0x00000004   Code   RO          440    i.SysTick_Handler   stm32g4xx_it.o
    0x08004220   0x08004220   0x0000006a   Code   RO           14    i.SystemClock_Config  main.o
    0x0800428a   0x0800428a   0x00000002   PAD
    0x0800428c   0x0800428c   0x00000010   Code   RO         4174    i.SystemInit        system_stm32g4xx.o
    0x0800429c   0x0800429c   0x0000000c   Code   RO          441    i.TIM2_IRQHandler   stm32g4xx_it.o
    0x080042a8   0x080042a8   0x000000bc   Code   RO         2585    i.TIM_Base_SetConfig  stm32g4xx_hal_tim.o
    0x08004364   0x08004364   0x0000001a   Code   RO         2586    i.TIM_CCxChannelCmd  stm32g4xx_hal_tim.o
    0x0800437e   0x0800437e   0x00000014   Code   RO         2596    i.TIM_ETR_SetConfig  stm32g4xx_hal_tim.o
    0x08004392   0x08004392   0x00000002   PAD
    0x08004394   0x08004394   0x00000014   Code   RO         2597    i.TIM_ITRx_SetConfig  stm32g4xx_hal_tim.o
    0x080043a8   0x080043a8   0x0000009c   Code   RO         2598    i.TIM_OC1_SetConfig  stm32g4xx_hal_tim.o
    0x08004444   0x08004444   0x00000090   Code   RO         2599    i.TIM_OC2_SetConfig  stm32g4xx_hal_tim.o
    0x080044d4   0x080044d4   0x00000090   Code   RO         2600    i.TIM_OC3_SetConfig  stm32g4xx_hal_tim.o
    0x08004564   0x08004564   0x00000090   Code   RO         2601    i.TIM_OC4_SetConfig  stm32g4xx_hal_tim.o
    0x080045f4   0x080045f4   0x00000070   Code   RO         2602    i.TIM_OC5_SetConfig  stm32g4xx_hal_tim.o
    0x08004664   0x08004664   0x00000070   Code   RO         2603    i.TIM_OC6_SetConfig  stm32g4xx_hal_tim.o
    0x080046d4   0x080046d4   0x00000022   Code   RO         2605    i.TIM_TI1_ConfigInputStage  stm32g4xx_hal_tim.o
    0x080046f6   0x080046f6   0x00000002   PAD
    0x080046f8   0x080046f8   0x0000006c   Code   RO         2606    i.TIM_TI1_SetConfig  stm32g4xx_hal_tim.o
    0x08004764   0x08004764   0x00000024   Code   RO         2607    i.TIM_TI2_ConfigInputStage  stm32g4xx_hal_tim.o
    0x08004788   0x08004788   0x00000036   Code   RO         2608    i.TIM_TI2_SetConfig  stm32g4xx_hal_tim.o
    0x080047be   0x080047be   0x00000002   PAD
    0x080047c0   0x080047c0   0x00000044   Code   RO         4069    i.UARTEx_SetNbDataToProcess  stm32g4xx_hal_uart_ex.o
    0x08004804   0x08004804   0x000000c8   Code   RO         3678    i.UART_AdvFeatureConfig  stm32g4xx_hal_uart.o
    0x080048cc   0x080048cc   0x000000ac   Code   RO         3679    i.UART_CheckIdleState  stm32g4xx_hal_uart.o
    0x08004978   0x08004978   0x00000014   Code   RO         3680    i.UART_DMAAbortOnError  stm32g4xx_hal_uart.o
    0x0800498c   0x0800498c   0x00000054   Code   RO         3690    i.UART_EndRxTransfer  stm32g4xx_hal_uart.o
    0x080049e0   0x080049e0   0x000000c8   Code   RO         3692    i.UART_RxISR_16BIT  stm32g4xx_hal_uart.o
    0x08004aa8   0x08004aa8   0x000001a0   Code   RO         3693    i.UART_RxISR_16BIT_FIFOEN  stm32g4xx_hal_uart.o
    0x08004c48   0x08004c48   0x000000c8   Code   RO         3694    i.UART_RxISR_8BIT   stm32g4xx_hal_uart.o
    0x08004d10   0x08004d10   0x000001a0   Code   RO         3695    i.UART_RxISR_8BIT_FIFOEN  stm32g4xx_hal_uart.o
    0x08004eb0   0x08004eb0   0x00000274   Code   RO         3696    i.UART_SetConfig    stm32g4xx_hal_uart.o
    0x08005124   0x08005124   0x00000110   Code   RO         3698    i.UART_Start_Receive_IT  stm32g4xx_hal_uart.o
    0x08005234   0x08005234   0x00000094   Code   RO         3703    i.UART_WaitOnFlagUntilTimeout  stm32g4xx_hal_uart.o
    0x080052c8   0x080052c8   0x0000000c   Code   RO          442    i.USART1_IRQHandler  stm32g4xx_it.o
    0x080052d4   0x080052d4   0x00000124   Code   RO         4276    i.Uart1_RX_Pro      test.o
    0x080053f8   0x080053f8   0x00000024   Code   RO         4564    i.Uart1_Send        bsp_usart.o
    0x0800541c   0x0800541c   0x00000002   Code   RO          443    i.UsageFault_Handler  stm32g4xx_it.o
    0x0800541e   0x0800541e   0x00000020   Code   RO         2373    i.__NVIC_SetPriority  stm32g4xx_hal_cortex.o
    0x0800543e   0x0800543e   0x0000000e   Code   RO         4707    i._is_digit         c_w.l(__printf_wp.o)
    0x0800544c   0x0800544c   0x00000084   Code   RO           15    i.main              main.o
    0x080054d0   0x080054d0   0x0000001c   Code   RO         4277    i.pwmchange         test.o
    0x080054ec   0x080054ec   0x00000062   Code   RO         4728    x$fpl$d2f           fz_wm.l(d2f.o)
    0x0800554e   0x0800554e   0x00000002   PAD
    0x08005550   0x08005550   0x000002b0   Code   RO         4731    x$fpl$ddiv          fz_wm.l(ddiv.o)
    0x08005800   0x08005800   0x00000026   Code   RO         4734    x$fpl$dfltu         fz_wm.l(dflt_clz.o)
    0x08005826   0x08005826   0x00000002   PAD
    0x08005828   0x08005828   0x00000154   Code   RO         4740    x$fpl$dmul          fz_wm.l(dmul.o)
    0x0800597c   0x0800597c   0x0000009c   Code   RO         4756    x$fpl$dnaninf       fz_wm.l(dnaninf.o)
    0x08005a18   0x08005a18   0x0000000c   Code   RO         4758    x$fpl$dretinf       fz_wm.l(dretinf.o)
    0x08005a24   0x08005a24   0x0000000a   Code   RO         4867    x$fpl$fpinit        fz_wm.l(fpinit.o)
    0x08005a2e   0x08005a2e   0x0000000a   Code   RO         4760    x$fpl$fretinf       fz_wm.l(fretinf.o)
    0x08005a38   0x08005a38   0x00000000   Code   RO         4762    x$fpl$usenofp       fz_wm.l(usenofp.o)
    0x08005a38   0x08005a38   0x00000018   Data   RO         3704    .constdata          stm32g4xx_hal_uart.o
    0x08005a50   0x08005a50   0x00000010   Data   RO         4070    .constdata          stm32g4xx_hal_uart_ex.o
    0x08005a60   0x08005a60   0x00000010   Data   RO         4175    .constdata          system_stm32g4xx.o
    0x08005a70   0x08005a70   0x00000008   Data   RO         4176    .constdata          system_stm32g4xx.o
    0x08005a78   0x08005a78   0x000011d0   Data   RO         4388    .constdata          lcd.o
    0x08006c48   0x08006c48   0x00000011   Data   RO         4710    .constdata          c_w.l(__printf_flags_wp.o)
    0x08006c59   0x08006c59   0x00000003   PAD
    0x08006c5c   0x08006c5c   0x00000020   Data   RO         4925    Region$$Table       anon$$obj.o


    Execution Region RW_IRAM1 (Exec base: 0x20000000, Load base: 0x08006c7c, Size: 0x000009e8, Max: 0x00008000, ABSOLUTE)

    Exec Addr    Load Addr    Size         Type   Attr      Idx    E Section Name        Object

    0x20000000   0x08006c7c   0x00000001   Data   RW          393    .data               usart.o
    0x20000001   0x08006c7d   0x00000003   PAD
    0x20000004   0x08006c80   0x0000000c   Data   RW         1035    .data               stm32g4xx_hal.o
    0x20000010   0x08006c8c   0x00000004   Data   RW         4177    .data               system_stm32g4xx.o
    0x20000014   0x08006c90   0x00000001   Data   RW         4212    .data               led.o
    0x20000015   0x08006c91   0x00000003   PAD
    0x20000018   0x08006c94   0x00000018   Data   RW         4279    .data               test.o
    0x20000030   0x08006cac   0x00000006   Data   RW         4389    .data               lcd.o
    0x20000036   0x08006cb2   0x00000001   Data   RW         4567    .data               bsp_usart.o
    0x20000037   0x08006cb3   0x00000001   PAD
    0x20000038   0x08006cb4   0x00000030   Data   RW         4605    .data               bsp_tim.o
    0x20000068        -       0x000000cc   Zero   RW          230    .bss                adc.o
    0x20000134        -       0x0000017c   Zero   RW          305    .bss                tim.o
    0x200002b0        -       0x00000094   Zero   RW          392    .bss                usart.o
    0x20000344        -       0x00000019   Zero   RW         4278    .bss                test.o
    0x2000035d        -       0x00000014   Zero   RW         4565    .bss                bsp_usart.o
    0x20000371        -       0x00000014   Zero   RW         4566    .bss                bsp_usart.o
    0x20000385   0x08006ce4   0x00000003   PAD
    0x20000388        -       0x00000060   Zero   RW         4797    .bss                c_w.l(libspace.o)
    0x200003e8        -       0x00000200   Zero   RW            2    HEAP                startup_stm32g431xx.o
    0x200005e8        -       0x00000400   Zero   RW            1    STACK               startup_stm32g431xx.o


==============================================================================

Image component sizes


      Code (inc. data)   RO Data    RW Data    ZI Data      Debug   Object Name

       296         34          0          0        204       1823   adc.o
       112          4          0          0          0        647   bsp_button.o
       468         62          0         48          0       3146   bsp_tim.o
       104         28          0          1         40       1761   bsp_usart.o
        60          4          0          0          0        794   dma.o
       284         16          0          0          0       1039   gpio.o
      1766         76       4560          6          0      11086   lcd.o
        84         10          0          1          0        774   led.o
       242         30          0          0          0     662969   main.o
        64         26        472          0       1536        836   startup_stm32g431xx.o
       162         24          0         12          0       4257   stm32g4xx_hal.o
      1634         88          0          0          0      73335   stm32g4xx_hal_adc.o
       198         14          0          0          0      33791   stm32g4xx_hal_cortex.o
       704         30          0          0          0       4791   stm32g4xx_hal_dma.o
       604         34          0          0          0       2971   stm32g4xx_hal_gpio.o
        48          6          0          0          0        846   stm32g4xx_hal_msp.o
       204         18          0          0          0       1385   stm32g4xx_hal_pwr_ex.o
      1688         92          0          0          0       6216   stm32g4xx_hal_rcc.o
       648         10          0          0          0       1860   stm32g4xx_hal_rcc_ex.o
      3358        252          0          0          0      22661   stm32g4xx_hal_tim.o
       326         32          0          0          0       6220   stm32g4xx_hal_tim_ex.o
      3894        140         24          0          0      36870   stm32g4xx_hal_uart.o
       288          6         16          0          0       5306   stm32g4xx_hal_uart_ex.o
        56         18          0          0          0       5467   stm32g4xx_it.o
        16          4         24          4          0       1103   system_stm32g4xx.o
      1052        256          0         24         25       6488   test.o
      1016         90          0          0        380       6380   tim.o
       252         20          0          1        148       1833   usart.o

    ----------------------------------------------------------------------
     19664       1424       5128        104       2336     906655   Object Totals
         0          0         32          0          0          0   (incl. Generated)
        36          0          0          7          3          0   (incl. Padding)

    ----------------------------------------------------------------------

      Code (inc. data)   RO Data    RW Data    ZI Data      Debug   Library Member Name

         8          0          0          0          0         68   __main.o
       312          4         17          0          0         92   __printf_flags_wp.o
        14          0          0          0          0         68   __printf_wp.o
         0          0          0          0          0          0   __rtentry.o
        12          0          0          0          0          0   __rtentry2.o
         6          0          0          0          0          0   __rtentry4.o
        52          8          0          0          0          0   __scatter.o
        26          0          0          0          0          0   __scatter_copy.o
        28          0          0          0          0          0   __scatter_zi.o
        44          0          0          0          0        108   _printf_char.o
        48          6          0          0          0         96   _printf_char_common.o
         6          0          0          0          0          0   _printf_d.o
       120         16          0          0          0         92   _printf_dec.o
       178          0          0          0          0         88   _printf_intcommon.o
        78          0          0          0          0        108   _printf_pad.o
         0          0          0          0          0          0   _printf_percent.o
         4          0          0          0          0          0   _printf_percent_end.o
         6          0          0          0          0          0   _printf_s.o
        82          0          0          0          0         80   _printf_str.o
        10          0          0          0          0         68   _sputc.o
        18          0          0          0          0         80   exit.o
         6          0          0          0          0        152   heapauxi.o
         0          0          0          0          0          0   indicate_semi.o
         2          0          0          0          0          0   libinit.o
         6          0          0          0          0          0   libinit2.o
         2          0          0          0          0          0   libshutdown.o
         2          0          0          0          0          0   libshutdown2.o
         8          4          0          0         96         68   libspace.o
       238          0          0          0          0        100   lludivv7m.o
        40          6          0          0          0         84   noretval__2sprintf.o
        78          0          0          0          0         80   rt_memclr_w.o
         2          0          0          0          0          0   rtexit.o
        10          0          0          0          0          0   rtexit2.o
        62          0          0          0          0         76   strlen.o
        12          4          0          0          0         68   sys_exit.o
        74          0          0          0          0         80   sys_stackheap_outer.o
         2          0          0          0          0         68   use_no_semi.o
        98          4          0          0          0        140   d2f.o
       688        140          0          0          0        256   ddiv.o
        38          0          0          0          0        116   dflt_clz.o
       340         12          0          0          0        152   dmul.o
       156          4          0          0          0        140   dnaninf.o
        12          0          0          0          0        116   dretinf.o
        10          0          0          0          0        116   fpinit.o
        10          0          0          0          0        116   fretinf.o
         0          0          0          0          0          0   usenofp.o

    ----------------------------------------------------------------------
      2960        208         20          0         96       2876   Library Totals
        12          0          3          0          0          0   (incl. Padding)

    ----------------------------------------------------------------------

      Code (inc. data)   RO Data    RW Data    ZI Data      Debug   Library Name

      1596         48         17          0         96       1724   c_w.l
      1352        160          0          0          0       1152   fz_wm.l

    ----------------------------------------------------------------------
      2960        208         20          0         96       2876   Library Totals

    ----------------------------------------------------------------------

==============================================================================


      Code (inc. data)   RO Data    RW Data    ZI Data      Debug   

     22624       1632       5148        104       2432     892999   Grand Totals
     22624       1632       5148        104       2432     892999   ELF Image Totals
     22624       1632       5148        104          0          0   ROM Totals

==============================================================================

    Total RO  Size (Code + RO Data)                27772 (  27.12kB)
    Total RW  Size (RW Data + ZI Data)              2536 (   2.48kB)
    Total ROM Size (Code + RO Data + RW Data)      27876 (  27.22kB)

==============================================================================

